../Drivers/CMSIS/Include/core_cm4.h:1933:34:__NVIC_SystemReset	4	static,ignoring_inline_asm
../LoRaWAN/App/lora_app.c:348:6:LoRaWAN_Init	32	static
../LoRaWAN/App/lora_app.c:461:13:OnRxData	56	static
../LoRaWAN/App/lora_app.c:542:13:SendTxData	80	static
../LoRaWAN/App/lora_app.c:655:13:OnTxTimerEvent	16	static
../LoRaWAN/App/lora_app.c:670:13:OnTxTimerLedEvent	16	static
../LoRaWAN/App/lora_app.c:677:13:OnRxTimerLedEvent	16	static
../LoRaWAN/App/lora_app.c:684:13:OnJoinTimerLedEvent	16	static
../LoRaWAN/App/lora_app.c:693:13:OnTxData	32	static
../LoRaWAN/App/lora_app.c:724:13:OnJoinRequest	16	static
../LoRaWAN/App/lora_app.c:762:13:OnBeaconStatusChange	96	static
../LoRaWAN/App/lora_app.c:797:13:OnSysTimeUpdate	4	static
../LoRaWAN/App/lora_app.c:804:13:OnClassChange	24	static
../LoRaWAN/App/lora_app.c:811:13:OnMacProcessNotify	8	static
../LoRaWAN/App/lora_app.c:823:13:OnTxPeriodicityChanged	16	static
../LoRaWAN/App/lora_app.c:845:13:OnTxFrameCtrlChanged	16	static
../LoRaWAN/App/lora_app.c:856:13:OnPingSlotPeriodicityChanged	16	static
../LoRaWAN/App/lora_app.c:867:13:OnSystemReset	8	static
../LoRaWAN/App/lora_app.c:881:13:StopJoin	8	static
../LoRaWAN/App/lora_app.c:921:13:OnStopJoinTimerEvent	16	static
../LoRaWAN/App/lora_app.c:939:13:StoreContext	16	static
../LoRaWAN/App/lora_app.c:961:13:OnNvmDataChange	16	static
../LoRaWAN/App/lora_app.c:979:13:OnStoreContextRequest	16	static
../LoRaWAN/App/lora_app.c:994:13:OnRestoreContextRequest	16	static
