../Drivers/CMSIS/Include/core_cm4.h:1933:34:__NVIC_SystemReset	4	static,ignoring_inline_asm
../LoRaWAN/App/lora_app.c:348:6:LoRaWAN_Init	32	static
../LoRaWAN/App/lora_app.c:445:13:OnRxData	56	static
../LoRaWAN/App/lora_app.c:523:13:SendTxData	80	static
../LoRaWAN/App/lora_app.c:612:13:OnTxTimerEvent	16	static
../LoRaWAN/App/lora_app.c:627:13:OnTxTimerLedEvent	16	static
../LoRaWAN/App/lora_app.c:629:13:OnRxTimerLedEvent	16	static
../LoRaWAN/App/lora_app.c:631:13:OnJoinTimerLedEvent	16	static
../LoRaWAN/App/lora_app.c:635:13:OnTxData	32	static
../LoRaWAN/App/lora_app.c:663:13:OnJoinRequest	16	static
../LoRaWAN/App/lora_app.c:698:13:OnBeaconStatusChange	96	static
../LoRaWAN/App/lora_app.c:733:13:OnSysTimeUpdate	4	static
../LoRaWAN/App/lora_app.c:740:13:OnClassChange	24	static
../LoRaWAN/App/lora_app.c:747:13:OnMacProcessNotify	8	static
../LoRaWAN/App/lora_app.c:759:13:OnTxPeriodicityChanged	16	static
../LoRaWAN/App/lora_app.c:781:13:OnTxFrameCtrlChanged	16	static
../LoRaWAN/App/lora_app.c:792:13:OnPingSlotPeriodicityChanged	16	static
../LoRaWAN/App/lora_app.c:803:13:OnSystemReset	8	static
../LoRaWAN/App/lora_app.c:817:13:StopJoin	8	static
../LoRaWAN/App/lora_app.c:852:13:OnStopJoinTimerEvent	16	static
../LoRaWAN/App/lora_app.c:866:13:StoreContext	16	static
../LoRaWAN/App/lora_app.c:888:13:OnNvmDataChange	16	static
../LoRaWAN/App/lora_app.c:906:13:OnStoreContextRequest	16	static
../LoRaWAN/App/lora_app.c:921:13:OnRestoreContextRequest	16	static
