C:/Users/david.fobar/Documents/GitHub/SCRAM/LoRaWan-E5-Node/Middlewares/Third_Party/LoRaWAN/Mac/Region/RegionEU868.c:57:13:VerifyRfFreq	16	static
C:/Users/david.fobar/Documents/GitHub/SCRAM/LoRaWan-E5-Node/Middlewares/Third_Party/LoRaWAN/Mac/Region/RegionEU868.c:97:20:GetTimeOnAir	32	static
C:/Users/david.fobar/Documents/GitHub/SCRAM/LoRaWan-E5-Node/Middlewares/Third_Party/LoRaWAN/Mac/Region/RegionEU868.c:115:12:RegionEU868GetPhyParam	32	static
C:/Users/david.fobar/Documents/GitHub/SCRAM/LoRaWan-E5-Node/Middlewares/Third_Party/LoRaWAN/Mac/Region/RegionEU868.c:325:6:RegionEU868SetBandTxDone	16	static
C:/Users/david.fobar/Documents/GitHub/SCRAM/LoRaWan-E5-Node/Middlewares/Third_Party/LoRaWAN/Mac/Region/RegionEU868.c:333:6:RegionEU868InitDefaults	152	static
C:/Users/david.fobar/Documents/GitHub/SCRAM/LoRaWan-E5-Node/Middlewares/Third_Party/LoRaWAN/Mac/Region/RegionEU868.c:397:6:RegionEU868Verify	16	static
C:/Users/david.fobar/Documents/GitHub/SCRAM/LoRaWan-E5-Node/Middlewares/Third_Party/LoRaWAN/Mac/Region/RegionEU868.c:498:6:RegionEU868ChanMaskSet	8	static
C:/Users/david.fobar/Documents/GitHub/SCRAM/LoRaWan-E5-Node/Middlewares/Third_Party/LoRaWAN/Mac/Region/RegionEU868.c:522:6:RegionEU868ComputeRxWindowParameters	32	static
C:/Users/david.fobar/Documents/GitHub/SCRAM/LoRaWan-E5-Node/Middlewares/Third_Party/LoRaWAN/Mac/Region/RegionEU868.c:544:6:RegionEU868RxConfig	72	static
C:/Users/david.fobar/Documents/GitHub/SCRAM/LoRaWan-E5-Node/Middlewares/Third_Party/LoRaWAN/Mac/Region/RegionEU868.c:610:6:RegionEU868TxConfig	88	static
C:/Users/david.fobar/Documents/GitHub/SCRAM/LoRaWan-E5-Node/Middlewares/Third_Party/LoRaWAN/Mac/Region/RegionEU868.c:652:9:RegionEU868LinkAdrReq	88	static
C:/Users/david.fobar/Documents/GitHub/SCRAM/LoRaWan-E5-Node/Middlewares/Third_Party/LoRaWAN/Mac/Region/RegionEU868.c:759:9:RegionEU868RxParamSetupReq	24	static
C:/Users/david.fobar/Documents/GitHub/SCRAM/LoRaWan-E5-Node/Middlewares/Third_Party/LoRaWAN/Mac/Region/RegionEU868.c:840:8:RegionEU868TxParamSetupReq	0	static
C:/Users/david.fobar/Documents/GitHub/SCRAM/LoRaWan-E5-Node/Middlewares/Third_Party/LoRaWAN/Mac/Region/RegionEU868.c:846:8:RegionEU868DlChannelReq	16	static
C:/Users/david.fobar/Documents/GitHub/SCRAM/LoRaWan-E5-Node/Middlewares/Third_Party/LoRaWAN/Mac/Region/RegionEU868.c:874:8:RegionEU868AlternateDr	0	static
C:/Users/david.fobar/Documents/GitHub/SCRAM/LoRaWan-E5-Node/Middlewares/Third_Party/LoRaWAN/Mac/Region/RegionEU868.c:883:17:RegionEU868NextChannel	112	static
C:/Users/david.fobar/Documents/GitHub/SCRAM/LoRaWan-E5-Node/Middlewares/Third_Party/LoRaWAN/Mac/Region/RegionEU868.c:938:17:RegionEU868ChannelAdd	32	static
C:/Users/david.fobar/Documents/GitHub/SCRAM/LoRaWan-E5-Node/Middlewares/Third_Party/LoRaWAN/Mac/Region/RegionEU868.c:1002:6:RegionEU868ChannelsRemove	8	static
C:/Users/david.fobar/Documents/GitHub/SCRAM/LoRaWan-E5-Node/Middlewares/Third_Party/LoRaWAN/Mac/Region/RegionEU868.c:437:6:RegionEU868ApplyCFList	40	static
C:/Users/david.fobar/Documents/GitHub/SCRAM/LoRaWan-E5-Node/Middlewares/Third_Party/LoRaWAN/Mac/Region/RegionEU868.c:787:8:RegionEU868NewChannelReq	24	static
C:/Users/david.fobar/Documents/GitHub/SCRAM/LoRaWan-E5-Node/Middlewares/Third_Party/LoRaWAN/Mac/Region/RegionEU868.c:1021:6:RegionEU868SetContinuousWave	16	static
C:/Users/david.fobar/Documents/GitHub/SCRAM/LoRaWan-E5-Node/Middlewares/Third_Party/LoRaWAN/Mac/Region/RegionEU868.c:1035:9:RegionEU868ApplyDrOffset	0	static
C:/Users/david.fobar/Documents/GitHub/SCRAM/LoRaWan-E5-Node/Middlewares/Third_Party/LoRaWAN/Mac/Region/RegionEU868.c:1050:6:RegionEU868RxBeaconSetup	40	static
