C:/Users/david.fobar/Documents/GitHub/SCRAM/LoRaWan-E5-Node/Middlewares/Third_Party/LoRaWAN/Mac/Region/Region.c:544:6:RegionIsActive	0	static
C:/Users/david.fobar/Documents/GitHub/SCRAM/LoRaWan-E5-Node/Middlewares/Third_Party/LoRaWAN/Mac/Region/Region.c:565:12:RegionGetPhyParam	16	static
C:/Users/david.fobar/Documents/GitHub/SCRAM/LoRaWan-E5-Node/Middlewares/Third_Party/LoRaWAN/Mac/Region/Region.c:587:6:RegionSetBandTxDone	8	static
C:/Users/david.fobar/Documents/GitHub/SCRAM/LoRaWan-E5-Node/Middlewares/Third_Party/LoRaWAN/Mac/Region/Region.c:608:6:RegionInitDefaults	8	static
C:/Users/david.fobar/Documents/GitHub/SCRAM/LoRaWan-E5-Node/Middlewares/Third_Party/LoRaWAN/Mac/Region/Region.c:629:6:RegionVerify	8	static
C:/Users/david.fobar/Documents/GitHub/SCRAM/LoRaWan-E5-Node/Middlewares/Third_Party/LoRaWAN/Mac/Region/Region.c:650:6:RegionApplyCFList	8	static
C:/Users/david.fobar/Documents/GitHub/SCRAM/LoRaWan-E5-Node/Middlewares/Third_Party/LoRaWAN/Mac/Region/Region.c:671:6:RegionChanMaskSet	8	static
C:/Users/david.fobar/Documents/GitHub/SCRAM/LoRaWan-E5-Node/Middlewares/Third_Party/LoRaWAN/Mac/Region/Region.c:692:6:RegionComputeRxWindowParameters	8	static
C:/Users/david.fobar/Documents/GitHub/SCRAM/LoRaWan-E5-Node/Middlewares/Third_Party/LoRaWAN/Mac/Region/Region.c:713:6:RegionRxConfig	8	static
C:/Users/david.fobar/Documents/GitHub/SCRAM/LoRaWan-E5-Node/Middlewares/Third_Party/LoRaWAN/Mac/Region/Region.c:734:6:RegionTxConfig	8	static
C:/Users/david.fobar/Documents/GitHub/SCRAM/LoRaWan-E5-Node/Middlewares/Third_Party/LoRaWAN/Mac/Region/Region.c:755:9:RegionLinkAdrReq	16	static
C:/Users/david.fobar/Documents/GitHub/SCRAM/LoRaWan-E5-Node/Middlewares/Third_Party/LoRaWAN/Mac/Region/Region.c:776:9:RegionRxParamSetupReq	8	static
C:/Users/david.fobar/Documents/GitHub/SCRAM/LoRaWan-E5-Node/Middlewares/Third_Party/LoRaWAN/Mac/Region/Region.c:797:8:RegionNewChannelReq	8	static
C:/Users/david.fobar/Documents/GitHub/SCRAM/LoRaWan-E5-Node/Middlewares/Third_Party/LoRaWAN/Mac/Region/Region.c:818:8:RegionTxParamSetupReq	8	static
C:/Users/david.fobar/Documents/GitHub/SCRAM/LoRaWan-E5-Node/Middlewares/Third_Party/LoRaWAN/Mac/Region/Region.c:839:8:RegionDlChannelReq	8	static
C:/Users/david.fobar/Documents/GitHub/SCRAM/LoRaWan-E5-Node/Middlewares/Third_Party/LoRaWAN/Mac/Region/Region.c:860:8:RegionAlternateDr	8	static
C:/Users/david.fobar/Documents/GitHub/SCRAM/LoRaWan-E5-Node/Middlewares/Third_Party/LoRaWAN/Mac/Region/Region.c:881:17:RegionNextChannel	8	static
C:/Users/david.fobar/Documents/GitHub/SCRAM/LoRaWan-E5-Node/Middlewares/Third_Party/LoRaWAN/Mac/Region/Region.c:902:17:RegionChannelAdd	8	static
C:/Users/david.fobar/Documents/GitHub/SCRAM/LoRaWan-E5-Node/Middlewares/Third_Party/LoRaWAN/Mac/Region/Region.c:923:6:RegionChannelsRemove	8	static
C:/Users/david.fobar/Documents/GitHub/SCRAM/LoRaWan-E5-Node/Middlewares/Third_Party/LoRaWAN/Mac/Region/Region.c:944:6:RegionSetContinuousWave	8	static
C:/Users/david.fobar/Documents/GitHub/SCRAM/LoRaWan-E5-Node/Middlewares/Third_Party/LoRaWAN/Mac/Region/Region.c:965:9:RegionApplyDrOffset	8	static
C:/Users/david.fobar/Documents/GitHub/SCRAM/LoRaWan-E5-Node/Middlewares/Third_Party/LoRaWAN/Mac/Region/Region.c:986:6:RegionRxBeaconSetup	8	static
C:/Users/david.fobar/Documents/GitHub/SCRAM/LoRaWan-E5-Node/Middlewares/Third_Party/LoRaWAN/Mac/Region/Region.c:1007:11:RegionGetVersion	0	static
