C:/Users/david.fobar/Documents/GitHub/SCRAM/LoRaWan-E5-Node/Middlewares/Third_Party/LoRaWAN/Mac/Region/RegionUS915.c:81:13:VerifyRfFreq	8	static
C:/Users/david.fobar/Documents/GitHub/SCRAM/LoRaWan-E5-Node/Middlewares/Third_Party/LoRaWAN/Mac/Region/RegionUS915.c:105:20:GetTimeOnAir	32	static
C:/Users/david.fobar/Documents/GitHub/SCRAM/LoRaWan-E5-Node/Middlewares/Third_Party/LoRaWAN/Mac/Region/RegionUS915.c:60:15:LimitTxPower	24	static
C:/Users/david.fobar/Documents/GitHub/SCRAM/LoRaWan-E5-Node/Middlewares/Third_Party/LoRaWAN/Mac/Region/RegionUS915.c:114:12:RegionUS915GetPhyParam	32	static
C:/Users/david.fobar/Documents/GitHub/SCRAM/LoRaWan-E5-Node/Middlewares/Third_Party/LoRaWAN/Mac/Region/RegionUS915.c:338:6:RegionUS915SetBandTxDone	16	static
C:/Users/david.fobar/Documents/GitHub/SCRAM/LoRaWan-E5-Node/Middlewares/Third_Party/LoRaWAN/Mac/Region/RegionUS915.c:346:6:RegionUS915InitDefaults	32	static
C:/Users/david.fobar/Documents/GitHub/SCRAM/LoRaWan-E5-Node/Middlewares/Third_Party/LoRaWAN/Mac/Region/RegionUS915.c:440:6:RegionUS915Verify	8	static
C:/Users/david.fobar/Documents/GitHub/SCRAM/LoRaWan-E5-Node/Middlewares/Third_Party/LoRaWAN/Mac/Region/RegionUS915.c:476:6:RegionUS915ApplyCFList	12	static
C:/Users/david.fobar/Documents/GitHub/SCRAM/LoRaWan-E5-Node/Middlewares/Third_Party/LoRaWAN/Mac/Region/RegionUS915.c:506:6:RegionUS915ChanMaskSet	16	static
C:/Users/david.fobar/Documents/GitHub/SCRAM/LoRaWan-E5-Node/Middlewares/Third_Party/LoRaWAN/Mac/Region/RegionUS915.c:547:6:RegionUS915ComputeRxWindowParameters	32	static
C:/Users/david.fobar/Documents/GitHub/SCRAM/LoRaWan-E5-Node/Middlewares/Third_Party/LoRaWAN/Mac/Region/RegionUS915.c:562:6:RegionUS915RxConfig	72	static
C:/Users/david.fobar/Documents/GitHub/SCRAM/LoRaWan-E5-Node/Middlewares/Third_Party/LoRaWAN/Mac/Region/RegionUS915.c:613:6:RegionUS915TxConfig	88	static
C:/Users/david.fobar/Documents/GitHub/SCRAM/LoRaWan-E5-Node/Middlewares/Third_Party/LoRaWAN/Mac/Region/RegionUS915.c:645:9:RegionUS915LinkAdrReq	96	static
C:/Users/david.fobar/Documents/GitHub/SCRAM/LoRaWan-E5-Node/Middlewares/Third_Party/LoRaWAN/Mac/Region/RegionUS915.c:809:9:RegionUS915RxParamSetupReq	16	static
C:/Users/david.fobar/Documents/GitHub/SCRAM/LoRaWan-E5-Node/Middlewares/Third_Party/LoRaWAN/Mac/Region/RegionUS915.c:841:8:RegionUS915NewChannelReq	0	static
C:/Users/david.fobar/Documents/GitHub/SCRAM/LoRaWan-E5-Node/Middlewares/Third_Party/LoRaWAN/Mac/Region/RegionUS915.c:847:8:RegionUS915TxParamSetupReq	0	static
C:/Users/david.fobar/Documents/GitHub/SCRAM/LoRaWan-E5-Node/Middlewares/Third_Party/LoRaWAN/Mac/Region/RegionUS915.c:853:8:RegionUS915DlChannelReq	0	static
C:/Users/david.fobar/Documents/GitHub/SCRAM/LoRaWan-E5-Node/Middlewares/Third_Party/LoRaWAN/Mac/Region/RegionUS915.c:859:8:RegionUS915AlternateDr	0	static
C:/Users/david.fobar/Documents/GitHub/SCRAM/LoRaWan-E5-Node/Middlewares/Third_Party/LoRaWAN/Mac/Region/RegionUS915.c:888:17:RegionUS915NextChannel	168	static
C:/Users/david.fobar/Documents/GitHub/SCRAM/LoRaWan-E5-Node/Middlewares/Third_Party/LoRaWAN/Mac/Region/RegionUS915.c:982:17:RegionUS915ChannelAdd	0	static
C:/Users/david.fobar/Documents/GitHub/SCRAM/LoRaWan-E5-Node/Middlewares/Third_Party/LoRaWAN/Mac/Region/RegionUS915.c:987:6:RegionUS915ChannelsRemove	0	static
C:/Users/david.fobar/Documents/GitHub/SCRAM/LoRaWan-E5-Node/Middlewares/Third_Party/LoRaWAN/Mac/Region/RegionUS915.c:992:6:RegionUS915SetContinuousWave	16	static
C:/Users/david.fobar/Documents/GitHub/SCRAM/LoRaWan-E5-Node/Middlewares/Third_Party/LoRaWAN/Mac/Region/RegionUS915.c:1006:9:RegionUS915ApplyDrOffset	0	static
C:/Users/david.fobar/Documents/GitHub/SCRAM/LoRaWan-E5-Node/Middlewares/Third_Party/LoRaWAN/Mac/Region/RegionUS915.c:1021:6:RegionUS915RxBeaconSetup	40	static
