Archive member included to satisfy reference by file (symbol)

/usr/lib/gcc/arm-none-eabi/10.3.1/../../../arm-none-eabi/lib/thumb/v7e-m/nofp/libc.a(lib_a-atexit.o)
                              /usr/lib/gcc/arm-none-eabi/10.3.1/../../../arm-none-eabi/lib/thumb/v7e-m/nofp/crt0.o (atexit)
/usr/lib/gcc/arm-none-eabi/10.3.1/../../../arm-none-eabi/lib/thumb/v7e-m/nofp/libc.a(lib_a-exit.o)
                              /usr/lib/gcc/arm-none-eabi/10.3.1/../../../arm-none-eabi/lib/thumb/v7e-m/nofp/crt0.o (exit)
/usr/lib/gcc/arm-none-eabi/10.3.1/../../../arm-none-eabi/lib/thumb/v7e-m/nofp/libc.a(lib_a-fini.o)
                              /usr/lib/gcc/arm-none-eabi/10.3.1/../../../arm-none-eabi/lib/thumb/v7e-m/nofp/crt0.o (__libc_fini_array)
/usr/lib/gcc/arm-none-eabi/10.3.1/../../../arm-none-eabi/lib/thumb/v7e-m/nofp/libc.a(lib_a-impure.o)
                              /usr/lib/gcc/arm-none-eabi/10.3.1/../../../arm-none-eabi/lib/thumb/v7e-m/nofp/libc.a(lib_a-exit.o) (_global_impure_ptr)
/usr/lib/gcc/arm-none-eabi/10.3.1/../../../arm-none-eabi/lib/thumb/v7e-m/nofp/libc.a(lib_a-init.o)
                              /usr/lib/gcc/arm-none-eabi/10.3.1/../../../arm-none-eabi/lib/thumb/v7e-m/nofp/crt0.o (__libc_init_array)
/usr/lib/gcc/arm-none-eabi/10.3.1/../../../arm-none-eabi/lib/thumb/v7e-m/nofp/libc.a(lib_a-memset.o)
                              /usr/lib/gcc/arm-none-eabi/10.3.1/../../../arm-none-eabi/lib/thumb/v7e-m/nofp/crt0.o (memset)
/usr/lib/gcc/arm-none-eabi/10.3.1/../../../arm-none-eabi/lib/thumb/v7e-m/nofp/libc.a(lib_a-__atexit.o)
                              /usr/lib/gcc/arm-none-eabi/10.3.1/../../../arm-none-eabi/lib/thumb/v7e-m/nofp/libc.a(lib_a-atexit.o) (__register_exitproc)
/usr/lib/gcc/arm-none-eabi/10.3.1/../../../arm-none-eabi/lib/thumb/v7e-m/nofp/libc.a(lib_a-__call_atexit.o)
                              /usr/lib/gcc/arm-none-eabi/10.3.1/../../../arm-none-eabi/lib/thumb/v7e-m/nofp/libc.a(lib_a-exit.o) (__call_exitprocs)
/usr/lib/gcc/arm-none-eabi/10.3.1/thumb/v7e-m/nofp/libgcc.a(_aeabi_uldivmod.o)
                              CMakeFiles/firmware.out.dir/Drivers/STM32WLxx_HAL_Driver/Src/stm32wlxx_hal_uart.c.obj (__aeabi_uldivmod)
/usr/lib/gcc/arm-none-eabi/10.3.1/thumb/v7e-m/nofp/libgcc.a(_udivmoddi4.o)
                              /usr/lib/gcc/arm-none-eabi/10.3.1/thumb/v7e-m/nofp/libgcc.a(_aeabi_uldivmod.o) (__udivmoddi4)
/usr/lib/gcc/arm-none-eabi/10.3.1/thumb/v7e-m/nofp/libgcc.a(_dvmd_tls.o)
                              /usr/lib/gcc/arm-none-eabi/10.3.1/thumb/v7e-m/nofp/libgcc.a(_aeabi_uldivmod.o) (__aeabi_ldiv0)
/usr/lib/gcc/arm-none-eabi/10.3.1/../../../arm-none-eabi/lib/thumb/v7e-m/nofp/libnosys.a(_exit.o)
                              /usr/lib/gcc/arm-none-eabi/10.3.1/../../../arm-none-eabi/lib/thumb/v7e-m/nofp/libc.a(lib_a-exit.o) (_exit)

Discarded input sections

 .text          0x0000000000000000        0x0 /usr/lib/gcc/arm-none-eabi/10.3.1/thumb/v7e-m/nofp/crti.o
 .data          0x0000000000000000        0x0 /usr/lib/gcc/arm-none-eabi/10.3.1/thumb/v7e-m/nofp/crti.o
 .bss           0x0000000000000000        0x0 /usr/lib/gcc/arm-none-eabi/10.3.1/thumb/v7e-m/nofp/crti.o
 .data          0x0000000000000000        0x4 /usr/lib/gcc/arm-none-eabi/10.3.1/thumb/v7e-m/nofp/crtbegin.o
 .rodata        0x0000000000000000       0x24 /usr/lib/gcc/arm-none-eabi/10.3.1/thumb/v7e-m/nofp/crtbegin.o
 .text          0x0000000000000000       0x70 /usr/lib/gcc/arm-none-eabi/10.3.1/../../../arm-none-eabi/lib/thumb/v7e-m/nofp/crt0.o
 .data          0x0000000000000000        0x0 /usr/lib/gcc/arm-none-eabi/10.3.1/../../../arm-none-eabi/lib/thumb/v7e-m/nofp/crt0.o
 .bss           0x0000000000000000        0x0 /usr/lib/gcc/arm-none-eabi/10.3.1/../../../arm-none-eabi/lib/thumb/v7e-m/nofp/crt0.o
 .ARM.extab     0x0000000000000000        0x0 /usr/lib/gcc/arm-none-eabi/10.3.1/../../../arm-none-eabi/lib/thumb/v7e-m/nofp/crt0.o
 .ARM.exidx     0x0000000000000000       0x10 /usr/lib/gcc/arm-none-eabi/10.3.1/../../../arm-none-eabi/lib/thumb/v7e-m/nofp/crt0.o
 .debug_line    0x0000000000000000       0x87 /usr/lib/gcc/arm-none-eabi/10.3.1/../../../arm-none-eabi/lib/thumb/v7e-m/nofp/crt0.o
 .debug_info    0x0000000000000000       0x26 /usr/lib/gcc/arm-none-eabi/10.3.1/../../../arm-none-eabi/lib/thumb/v7e-m/nofp/crt0.o
 .debug_abbrev  0x0000000000000000       0x14 /usr/lib/gcc/arm-none-eabi/10.3.1/../../../arm-none-eabi/lib/thumb/v7e-m/nofp/crt0.o
 .debug_aranges
                0x0000000000000000       0x20 /usr/lib/gcc/arm-none-eabi/10.3.1/../../../arm-none-eabi/lib/thumb/v7e-m/nofp/crt0.o
 .debug_str     0x0000000000000000       0x95 /usr/lib/gcc/arm-none-eabi/10.3.1/../../../arm-none-eabi/lib/thumb/v7e-m/nofp/crt0.o
 .ARM.attributes
                0x0000000000000000       0x1c /usr/lib/gcc/arm-none-eabi/10.3.1/../../../arm-none-eabi/lib/thumb/v7e-m/nofp/crt0.o
 .text          0x0000000000000000        0x0 CMakeFiles/firmware.out.dir/Core/Src/main.c.obj
[...]
Memory Configuration

Name             Origin             Length             Attributes
ROM              0x0000000008000000 0x0000000000040000 xr
RAM1             0x0000000020000000 0x0000000000008000 xrw
RAM2             0x0000000020008000 0x0000000000008000 xrw
*default*        0x0000000000000000 0xffffffffffffffff

Linker script and memory map

LOAD /usr/lib/gcc/arm-none-eabi/10.3.1/thumb/v7e-m/nofp/crti.o
LOAD /usr/lib/gcc/arm-none-eabi/10.3.1/thumb/v7e-m/nofp/crtbegin.o
LOAD /usr/lib/gcc/arm-none-eabi/10.3.1/../../../arm-none-eabi/lib/thumb/v7e-m/nofp/crt0.o
LOAD /usr/lib/gcc/arm-none-eabi/10.3.1/../../../arm-none-eabi/lib/thumb/v7e-m/nofp/libnosys.a
LOAD CMakeFiles/firmware.out.dir/Core/Src/main.c.obj
LOAD CMakeFiles/firmware.out.dir/Core/Src/stm32wlxx_it.c.obj
LOAD CMakeFiles/firmware.out.dir/Core/Src/stm32wlxx_hal_msp.c.obj
LOAD CMakeFiles/firmware.out.dir/Drivers/STM32WLxx_HAL_Driver/Src/stm32wlxx_hal_adc.c.obj
LOAD CMakeFiles/firmware.out.dir/Drivers/STM32WLxx_HAL_Driver/Src/stm32wlxx_hal_adc_ex.c.obj
LOAD CMakeFiles/firmware.out.dir/Drivers/STM32WLxx_HAL_Driver/Src/stm32wlxx_ll_adc.c.obj
LOAD CMakeFiles/firmware.out.dir/Drivers/STM32WLxx_HAL_Driver/Src/stm32wlxx_hal_rcc.c.obj
LOAD CMakeFiles/firmware.out.dir/Drivers/STM32WLxx_HAL_Driver/Src/stm32wlxx_hal_rcc_ex.c.obj
LOAD CMakeFiles/firmware.out.dir/Drivers/STM32WLxx_HAL_Driver/Src/stm32wlxx_hal_flash.c.obj
LOAD CMakeFiles/firmware.out.dir/Drivers/STM32WLxx_HAL_Driver/Src/stm32wlxx_hal_flash_ex.c.obj
LOAD CMakeFiles/firmware.out.dir/Drivers/STM32WLxx_HAL_Driver/Src/stm32wlxx_hal_gpio.c.obj
LOAD CMakeFiles/firmware.out.dir/Drivers/STM32WLxx_HAL_Driver/Src/stm32wlxx_hal_dma.c.obj
LOAD CMakeFiles/firmware.out.dir/Drivers/STM32WLxx_HAL_Driver/Src/stm32wlxx_hal_dma_ex.c.obj
LOAD CMakeFiles/firmware.out.dir/Drivers/STM32WLxx_HAL_Driver/Src/stm32wlxx_hal_pwr.c.obj
LOAD CMakeFiles/firmware.out.dir/Drivers/STM32WLxx_HAL_Driver/Src/stm32wlxx_hal_pwr_ex.c.obj
LOAD CMakeFiles/firmware.out.dir/Drivers/STM32WLxx_HAL_Driver/Src/stm32wlxx_hal_cortex.c.obj
LOAD CMakeFiles/firmware.out.dir/Drivers/STM32WLxx_HAL_Driver/Src/stm32wlxx_hal.c.obj
LOAD CMakeFiles/firmware.out.dir/Drivers/STM32WLxx_HAL_Driver/Src/stm32wlxx_hal_exti.c.obj
LOAD CMakeFiles/firmware.out.dir/Drivers/STM32WLxx_HAL_Driver/Src/stm32wlxx_hal_i2c.c.obj
LOAD CMakeFiles/firmware.out.dir/Drivers/STM32WLxx_HAL_Driver/Src/stm32wlxx_hal_i2c_ex.c.obj
LOAD CMakeFiles/firmware.out.dir/Drivers/STM32WLxx_HAL_Driver/Src/stm32wlxx_hal_spi.c.obj
LOAD CMakeFiles/firmware.out.dir/Drivers/STM32WLxx_HAL_Driver/Src/stm32wlxx_hal_spi_ex.c.obj
LOAD CMakeFiles/firmware.out.dir/Drivers/STM32WLxx_HAL_Driver/Src/stm32wlxx_hal_tim.c.obj
LOAD CMakeFiles/firmware.out.dir/Drivers/STM32WLxx_HAL_Driver/Src/stm32wlxx_hal_tim_ex.c.obj
LOAD CMakeFiles/firmware.out.dir/Drivers/STM32WLxx_HAL_Driver/Src/stm32wlxx_hal_uart.c.obj
LOAD CMakeFiles/firmware.out.dir/Drivers/STM32WLxx_HAL_Driver/Src/stm32wlxx_hal_uart_ex.c.obj
LOAD CMakeFiles/firmware.out.dir/Core/Src/system_stm32wlxx.c.obj
LOAD CMakeFiles/firmware.out.dir/startup_stm32wle5xx.s.obj
LOAD CMakeFiles/firmware.out.dir/source/application.cpp.obj
LOAD /usr/lib/gcc/arm-none-eabi/10.3.1/../../../arm-none-eabi/lib/thumb/v7e-m/nofp/libstdc++.a
LOAD /usr/lib/gcc/arm-none-eabi/10.3.1/../../../arm-none-eabi/lib/thumb/v7e-m/nofp/libm.a
LOAD /usr/lib/gcc/arm-none-eabi/10.3.1/../../../arm-none-eabi/lib/thumb/v7e-m/nofp/libc.a
START GROUP
LOAD /usr/lib/gcc/arm-none-eabi/10.3.1/thumb/v7e-m/nofp/libgcc.a
LOAD /usr/lib/gcc/arm-none-eabi/10.3.1/../../../arm-none-eabi/lib/thumb/v7e-m/nofp/libc.a
END GROUP
START GROUP
LOAD /usr/lib/gcc/arm-none-eabi/10.3.1/thumb/v7e-m/nofp/libgcc.a
LOAD /usr/lib/gcc/arm-none-eabi/10.3.1/../../../arm-none-eabi/lib/thumb/v7e-m/nofp/libc.a
LOAD /usr/lib/gcc/arm-none-eabi/10.3.1/../../../arm-none-eabi/lib/thumb/v7e-m/nofp/libnosys.a
END GROUP
LOAD /usr/lib/gcc/arm-none-eabi/10.3.1/thumb/v7e-m/nofp/crtend.o
LOAD /usr/lib/gcc/arm-none-eabi/10.3.1/thumb/v7e-m/nofp/crtn.o
                0x0000000020008000                _estack = (ORIGIN (RAM1) + LENGTH (RAM1))
                0x0000000000000200                _Min_Heap_Size = 0x200
                0x0000000000000400                _Min_Stack_Size = 0x400

.isr_vector     0x0000000008000000      0x138
                0x0000000008000000                . = ALIGN (0x8)
 *(.isr_vector)
 .isr_vector    0x0000000008000000      0x138 CMakeFiles/firmware.out.dir/startup_stm32wle5xx.s.obj
                0x0000000008000000                g_pfnVectors
                0x0000000008000138                . = ALIGN (0x8)

.text           0x0000000008000138     0x3c40
                0x0000000008000138                . = ALIGN (0x8)
 *(.text)
 .text          0x0000000008000138       0x88 /usr/lib/gcc/arm-none-eabi/10.3.1/thumb/v7e-m/nofp/crtbegin.o
 .text          0x00000000080001c0        0xc /usr/lib/gcc/arm-none-eabi/10.3.1/../../../arm-none-eabi/lib/thumb/v7e-m/nofp/libc.a(lib_a-atexit.o)
                0x00000000080001c0                atexit
 .text          0x00000000080001cc       0x2c /usr/lib/gcc/arm-none-eabi/10.3.1/../../../arm-none-eabi/lib/thumb/v7e-m/nofp/libc.a(lib_a-fini.o)
                0x00000000080001cc                __libc_fini_array
 .text          0x00000000080001f8       0x48 /usr/lib/gcc/arm-none-eabi/10.3.1/../../../arm-none-eabi/lib/thumb/v7e-m/nofp/libc.a(lib_a-init.o)
                0x00000000080001f8                __libc_init_array
 .text          0x0000000008000240       0xa4 /usr/lib/gcc/arm-none-eabi/10.3.1/../../../arm-none-eabi/lib/thumb/v7e-m/nofp/libc.a(lib_a-memset.o)
                0x0000000008000240                memset
 .text          0x00000000080002e4       0x68 /usr/lib/gcc/arm-none-eabi/10.3.1/../../../arm-none-eabi/lib/thumb/v7e-m/nofp/libc.a(lib_a-__atexit.o)
                0x00000000080002e4                __register_exitproc
 .text          0x000000000800034c       0x30 /usr/lib/gcc/arm-none-eabi/10.3.1/thumb/v7e-m/nofp/libgcc.a(_aeabi_uldivmod.o)
                0x000000000800034c                __aeabi_uldivmod
 .text          0x000000000800037c      0x2d0 /usr/lib/gcc/arm-none-eabi/10.3.1/thumb/v7e-m/nofp/libgcc.a(_udivmoddi4.o)
                0x000000000800037c                __udivmoddi4
 .text          0x000000000800064c        0x4 /usr/lib/gcc/arm-none-eabi/10.3.1/thumb/v7e-m/nofp/libgcc.a(_dvmd_tls.o)
                0x000000000800064c                __aeabi_ldiv0
                0x000000000800064c                __aeabi_idiv0
 *(.text*)
 .text.LL_AHB2_GRP1_EnableClock
                0x0000000008000650       0x30 CMakeFiles/firmware.out.dir/Core/Src/main.c.obj
 .text.main     0x0000000008000680       0x2a CMakeFiles/firmware.out.dir/Core/Src/main.c.obj
                0x0000000008000680                main
 *fill*         0x00000000080006aa        0x2 
 .text.SystemClock_Config
                0x00000000080006ac       0xb0 CMakeFiles/firmware.out.dir/Core/Src/main.c.obj
                0x00000000080006ac                SystemClock_Config
 .text.MX_ADC_Init
                0x000000000800075c       0x9c CMakeFiles/firmware.out.dir/Core/Src/main.c.obj
 .text.MX_I2C2_Init
                0x00000000080007f8       0x7c CMakeFiles/firmware.out.dir/Core/Src/main.c.obj
 .text.MX_SPI2_Init
                0x0000000008000874       0x7c CMakeFiles/firmware.out.dir/Core/Src/main.c.obj
 .text.MX_USART1_UART_Init
                0x00000000080008f0       0x98 CMakeFiles/firmware.out.dir/Core/Src/main.c.obj
 .text.MX_GPIO_Init
                0x0000000008000988       0x88 CMakeFiles/firmware.out.dir/Core/Src/main.c.obj
 .text.Error_Handler
                0x0000000008000a10        0xa CMakeFiles/firmware.out.dir/Core/Src/main.c.obj
                0x0000000008000a10                Error_Handler
 .text.NMI_Handler
                0x0000000008000a1a        0x6 CMakeFiles/firmware.out.dir/Core/Src/stm32wlxx_it.c.obj
                0x0000000008000a1a                NMI_Handler
 .text.HardFault_Handler
                0x0000000008000a20        0x6 CMakeFiles/firmware.out.dir/Core/Src/stm32wlxx_it.c.obj
                0x0000000008000a20                HardFault_Handler
 .text.MemManage_Handler
                0x0000000008000a26        0x6 CMakeFiles/firmware.out.dir/Core/Src/stm32wlxx_it.c.obj
                0x0000000008000a26                MemManage_Handler
 .text.BusFault_Handler
                0x0000000008000a2c        0x6 CMakeFiles/firmware.out.dir/Core/Src/stm32wlxx_it.c.obj
                0x0000000008000a2c                BusFault_Handler
 .text.UsageFault_Handler
                0x0000000008000a32        0x6 CMakeFiles/firmware.out.dir/Core/Src/stm32wlxx_it.c.obj
                0x0000000008000a32                UsageFault_Handler
 .text.SVC_Handler
                0x0000000008000a38        0xc CMakeFiles/firmware.out.dir/Core/Src/stm32wlxx_it.c.obj
                0x0000000008000a38                SVC_Handler
 .text.DebugMon_Handler
                0x0000000008000a44        0xc CMakeFiles/firmware.out.dir/Core/Src/stm32wlxx_it.c.obj
                0x0000000008000a44                DebugMon_Handler
 .text.PendSV_Handler
                0x0000000008000a50        0xc CMakeFiles/firmware.out.dir/Core/Src/stm32wlxx_it.c.obj
                0x0000000008000a50                PendSV_Handler
 .text.SysTick_Handler
                0x0000000008000a5c        0xc CMakeFiles/firmware.out.dir/Core/Src/stm32wlxx_it.c.obj
                0x0000000008000a5c                SysTick_Handler
 .text.LL_AHB2_GRP1_EnableClock
                0x0000000008000a68       0x30 CMakeFiles/firmware.out.dir/Core/Src/stm32wlxx_hal_msp.c.obj
 .text.LL_APB1_GRP1_EnableClock
                0x0000000008000a98       0x30 CMakeFiles/firmware.out.dir/Core/Src/stm32wlxx_hal_msp.c.obj
 .text.LL_APB2_GRP1_EnableClock
                0x0000000008000ac8       0x30 CMakeFiles/firmware.out.dir/Core/Src/stm32wlxx_hal_msp.c.obj
 .text.HAL_MspInit
                0x0000000008000af8        0xc CMakeFiles/firmware.out.dir/Core/Src/stm32wlxx_hal_msp.c.obj
                0x0000000008000af8                HAL_MspInit
 .text.HAL_ADC_MspInit
                0x0000000008000b04       0x5c CMakeFiles/firmware.out.dir/Core/Src/stm32wlxx_hal_msp.c.obj
                0x0000000008000b04                HAL_ADC_MspInit
 .text.HAL_I2C_MspInit
                0x0000000008000b60       0xb8 CMakeFiles/firmware.out.dir/Core/Src/stm32wlxx_hal_msp.c.obj
                0x0000000008000b60                HAL_I2C_MspInit
 .text.HAL_SPI_MspInit
                0x0000000008000c18       0xe4 CMakeFiles/firmware.out.dir/Core/Src/stm32wlxx_hal_msp.c.obj
                0x0000000008000c18                HAL_SPI_MspInit
 .text.HAL_UART_MspInit
                0x0000000008000cfc       0x8c CMakeFiles/firmware.out.dir/Core/Src/stm32wlxx_hal_msp.c.obj
                0x0000000008000cfc                HAL_UART_MspInit
 .text.LL_ADC_SetSamplingTimeCommonChannels
                0x0000000008000d88       0x3c CMakeFiles/firmware.out.dir/Drivers/STM32WLxx_HAL_Driver/Src/stm32wlxx_hal_adc.c.obj
 .text.LL_ADC_GetSamplingTimeCommonChannels
                0x0000000008000dc4       0x30 CMakeFiles/firmware.out.dir/Drivers/STM32WLxx_HAL_Driver/Src/stm32wlxx_hal_adc.c.obj
 .text.LL_ADC_EnableInternalRegulator
                0x0000000008000df4       0x26 CMakeFiles/firmware.out.dir/Drivers/STM32WLxx_HAL_Driver/Src/stm32wlxx_hal_adc.c.obj
 .text.LL_ADC_IsInternalRegulatorEnabled
                0x0000000008000e1a       0x26 CMakeFiles/firmware.out.dir/Drivers/STM32WLxx_HAL_Driver/Src/stm32wlxx_hal_adc.c.obj
 .text.LL_ADC_IsEnabled
                0x0000000008000e40       0x24 CMakeFiles/firmware.out.dir/Drivers/STM32WLxx_HAL_Driver/Src/stm32wlxx_hal_adc.c.obj
 .text.LL_ADC_REG_IsConversionOngoing
                0x0000000008000e64       0x24 CMakeFiles/firmware.out.dir/Drivers/STM32WLxx_HAL_Driver/Src/stm32wlxx_hal_adc.c.obj
 .text.HAL_ADC_Init
                0x0000000008000e88      0x328 CMakeFiles/firmware.out.dir/Drivers/STM32WLxx_HAL_Driver/Src/stm32wlxx_hal_adc.c.obj
                0x0000000008000e88                HAL_ADC_Init
 .text.LL_PWR_IsEnabledBkUpAccess
                0x00000000080011b0       0x24 CMakeFiles/firmware.out.dir/Drivers/STM32WLxx_HAL_Driver/Src/stm32wlxx_hal_rcc.c.obj
 .text.LL_RCC_HSE_EnableTcxo
                0x00000000080011d4       0x1c CMakeFiles/firmware.out.dir/Drivers/STM32WLxx_HAL_Driver/Src/stm32wlxx_hal_rcc.c.obj
 .text.LL_RCC_HSE_DisableTcxo
                0x00000000080011f0       0x1c CMakeFiles/firmware.out.dir/Drivers/STM32WLxx_HAL_Driver/Src/stm32wlxx_hal_rcc.c.obj
 .text.LL_RCC_HSE_IsEnabledDiv2
                0x000000000800120c       0x22 CMakeFiles/firmware.out.dir/Drivers/STM32WLxx_HAL_Driver/Src/stm32wlxx_hal_rcc.c.obj
 .text.LL_RCC_HSE_Enable
                0x000000000800122e       0x1c CMakeFiles/firmware.out.dir/Drivers/STM32WLxx_HAL_Driver/Src/stm32wlxx_hal_rcc.c.obj
 .text.LL_RCC_HSE_Disable
                0x000000000800124a       0x1c CMakeFiles/firmware.out.dir/Drivers/STM32WLxx_HAL_Driver/Src/stm32wlxx_hal_rcc.c.obj
 .text.LL_RCC_HSE_IsReady
                0x0000000008001266       0x22 CMakeFiles/firmware.out.dir/Drivers/STM32WLxx_HAL_Driver/Src/stm32wlxx_hal_rcc.c.obj
 .text.LL_RCC_HSI_Enable
                0x0000000008001288       0x1c CMakeFiles/firmware.out.dir/Drivers/STM32WLxx_HAL_Driver/Src/stm32wlxx_hal_rcc.c.obj
 .text.LL_RCC_HSI_Disable
                0x00000000080012a4       0x1c CMakeFiles/firmware.out.dir/Drivers/STM32WLxx_HAL_Driver/Src/stm32wlxx_hal_rcc.c.obj
 .text.LL_RCC_HSI_IsReady
                0x00000000080012c0       0x22 CMakeFiles/firmware.out.dir/Drivers/STM32WLxx_HAL_Driver/Src/stm32wlxx_hal_rcc.c.obj
 .text.LL_RCC_HSI_SetCalibTrimming
                0x00000000080012e2       0x28 CMakeFiles/firmware.out.dir/Drivers/STM32WLxx_HAL_Driver/Src/stm32wlxx_hal_rcc.c.obj
 .text.LL_RCC_LSE_IsReady
                0x000000000800130a       0x22 CMakeFiles/firmware.out.dir/Drivers/STM32WLxx_HAL_Driver/Src/stm32wlxx_hal_rcc.c.obj
 .text.LL_RCC_LSI_Enable
                0x000000000800132c       0x20 CMakeFiles/firmware.out.dir/Drivers/STM32WLxx_HAL_Driver/Src/stm32wlxx_hal_rcc.c.obj
 .text.LL_RCC_LSI_Disable
                0x000000000800134c       0x20 CMakeFiles/firmware.out.dir/Drivers/STM32WLxx_HAL_Driver/Src/stm32wlxx_hal_rcc.c.obj
 .text.LL_RCC_LSI_IsReady
                0x000000000800136c       0x22 CMakeFiles/firmware.out.dir/Drivers/STM32WLxx_HAL_Driver/Src/stm32wlxx_hal_rcc.c.obj
 .text.LL_RCC_MSI_Enable
                0x000000000800138e       0x1c CMakeFiles/firmware.out.dir/Drivers/STM32WLxx_HAL_Driver/Src/stm32wlxx_hal_rcc.c.obj
 .text.LL_RCC_MSI_Disable
                0x00000000080013aa       0x1c CMakeFiles/firmware.out.dir/Drivers/STM32WLxx_HAL_Driver/Src/stm32wlxx_hal_rcc.c.obj
 .text.LL_RCC_MSI_IsReady
                0x00000000080013c6       0x20 CMakeFiles/firmware.out.dir/Drivers/STM32WLxx_HAL_Driver/Src/stm32wlxx_hal_rcc.c.obj
 .text.LL_RCC_MSI_IsEnabledRangeSelect
                0x00000000080013e6       0x20 CMakeFiles/firmware.out.dir/Drivers/STM32WLxx_HAL_Driver/Src/stm32wlxx_hal_rcc.c.obj
 .text.LL_RCC_MSI_GetRange
                0x0000000008001406       0x16 CMakeFiles/firmware.out.dir/Drivers/STM32WLxx_HAL_Driver/Src/stm32wlxx_hal_rcc.c.obj
 .text.LL_RCC_MSI_GetRangeAfterStandby
                0x000000000800141c       0x18 CMakeFiles/firmware.out.dir/Drivers/STM32WLxx_HAL_Driver/Src/stm32wlxx_hal_rcc.c.obj
 .text.LL_RCC_MSI_SetCalibTrimming
                0x0000000008001434       0x28 CMakeFiles/firmware.out.dir/Drivers/STM32WLxx_HAL_Driver/Src/stm32wlxx_hal_rcc.c.obj
 .text.LL_RCC_SetSysClkSource
                0x000000000800145c       0x26 CMakeFiles/firmware.out.dir/Drivers/STM32WLxx_HAL_Driver/Src/stm32wlxx_hal_rcc.c.obj
 .text.LL_RCC_GetSysClkSource
                0x0000000008001482       0x16 CMakeFiles/firmware.out.dir/Drivers/STM32WLxx_HAL_Driver/Src/stm32wlxx_hal_rcc.c.obj
 .text.LL_RCC_SetAHBPrescaler
                0x0000000008001498       0x26 CMakeFiles/firmware.out.dir/Drivers/STM32WLxx_HAL_Driver/Src/stm32wlxx_hal_rcc.c.obj
 .text.LL_RCC_SetAHB3Prescaler
                0x00000000080014be       0x2c CMakeFiles/firmware.out.dir/Drivers/STM32WLxx_HAL_Driver/Src/stm32wlxx_hal_rcc.c.obj
 .text.LL_RCC_SetAPB1Prescaler
                0x00000000080014ea       0x26 CMakeFiles/firmware.out.dir/Drivers/STM32WLxx_HAL_Driver/Src/stm32wlxx_hal_rcc.c.obj
 .text.LL_RCC_SetAPB2Prescaler
                0x0000000008001510       0x26 CMakeFiles/firmware.out.dir/Drivers/STM32WLxx_HAL_Driver/Src/stm32wlxx_hal_rcc.c.obj
 .text.LL_RCC_GetAHBPrescaler
                0x0000000008001536       0x16 CMakeFiles/firmware.out.dir/Drivers/STM32WLxx_HAL_Driver/Src/stm32wlxx_hal_rcc.c.obj
 .text.LL_RCC_GetAHB3Prescaler
                0x000000000800154c       0x1a CMakeFiles/firmware.out.dir/Drivers/STM32WLxx_HAL_Driver/Src/stm32wlxx_hal_rcc.c.obj
 .text.LL_RCC_GetAPB1Prescaler
                0x0000000008001566       0x16 CMakeFiles/firmware.out.dir/Drivers/STM32WLxx_HAL_Driver/Src/stm32wlxx_hal_rcc.c.obj
 .text.LL_RCC_GetAPB2Prescaler
                0x000000000800157c       0x16 CMakeFiles/firmware.out.dir/Drivers/STM32WLxx_HAL_Driver/Src/stm32wlxx_hal_rcc.c.obj
 .text.LL_RCC_PLL_Enable
                0x0000000008001592       0x1c CMakeFiles/firmware.out.dir/Drivers/STM32WLxx_HAL_Driver/Src/stm32wlxx_hal_rcc.c.obj
 .text.LL_RCC_PLL_Disable
                0x00000000080015ae       0x1c CMakeFiles/firmware.out.dir/Drivers/STM32WLxx_HAL_Driver/Src/stm32wlxx_hal_rcc.c.obj
 .text.LL_RCC_PLL_IsReady
                0x00000000080015ca       0x22 CMakeFiles/firmware.out.dir/Drivers/STM32WLxx_HAL_Driver/Src/stm32wlxx_hal_rcc.c.obj
 .text.LL_RCC_PLL_GetN
                0x00000000080015ec       0x18 CMakeFiles/firmware.out.dir/Drivers/STM32WLxx_HAL_Driver/Src/stm32wlxx_hal_rcc.c.obj
 .text.LL_RCC_PLL_GetR
                0x0000000008001604       0x16 CMakeFiles/firmware.out.dir/Drivers/STM32WLxx_HAL_Driver/Src/stm32wlxx_hal_rcc.c.obj
 .text.LL_RCC_PLL_GetDivider
                0x000000000800161a       0x16 CMakeFiles/firmware.out.dir/Drivers/STM32WLxx_HAL_Driver/Src/stm32wlxx_hal_rcc.c.obj
 .text.LL_RCC_PLL_GetMainSource
                0x0000000008001630       0x16 CMakeFiles/firmware.out.dir/Drivers/STM32WLxx_HAL_Driver/Src/stm32wlxx_hal_rcc.c.obj
 .text.LL_RCC_IsActiveFlag_HPRE
                0x0000000008001646       0x22 CMakeFiles/firmware.out.dir/Drivers/STM32WLxx_HAL_Driver/Src/stm32wlxx_hal_rcc.c.obj
 .text.LL_RCC_IsActiveFlag_SHDHPRE
                0x0000000008001668       0x24 CMakeFiles/firmware.out.dir/Drivers/STM32WLxx_HAL_Driver/Src/stm32wlxx_hal_rcc.c.obj
 .text.LL_RCC_IsActiveFlag_PPRE1
                0x000000000800168c       0x22 CMakeFiles/firmware.out.dir/Drivers/STM32WLxx_HAL_Driver/Src/stm32wlxx_hal_rcc.c.obj
 .text.LL_RCC_IsActiveFlag_PPRE2
                0x00000000080016ae       0x22 CMakeFiles/firmware.out.dir/Drivers/STM32WLxx_HAL_Driver/Src/stm32wlxx_hal_rcc.c.obj
 .text.HAL_RCC_OscConfig
                0x00000000080016d0      0x704 CMakeFiles/firmware.out.dir/Drivers/STM32WLxx_HAL_Driver/Src/stm32wlxx_hal_rcc.c.obj
                0x00000000080016d0                HAL_RCC_OscConfig
 .text.HAL_RCC_ClockConfig
                0x0000000008001dd4      0x248 CMakeFiles/firmware.out.dir/Drivers/STM32WLxx_HAL_Driver/Src/stm32wlxx_hal_rcc.c.obj
                0x0000000008001dd4                HAL_RCC_ClockConfig
 .text.HAL_RCC_GetSysClockFreq
                0x000000000800201c      0x140 CMakeFiles/firmware.out.dir/Drivers/STM32WLxx_HAL_Driver/Src/stm32wlxx_hal_rcc.c.obj
                0x000000000800201c                HAL_RCC_GetSysClockFreq
 .text.HAL_RCC_GetHCLKFreq
                0x000000000800215c       0x28 CMakeFiles/firmware.out.dir/Drivers/STM32WLxx_HAL_Driver/Src/stm32wlxx_hal_rcc.c.obj
                0x000000000800215c                HAL_RCC_GetHCLKFreq
 .text.HAL_RCC_GetPCLK1Freq
                0x0000000008002184       0x24 CMakeFiles/firmware.out.dir/Drivers/STM32WLxx_HAL_Driver/Src/stm32wlxx_hal_rcc.c.obj
                0x0000000008002184                HAL_RCC_GetPCLK1Freq
 .text.HAL_RCC_GetPCLK2Freq
                0x00000000080021a8       0x24 CMakeFiles/firmware.out.dir/Drivers/STM32WLxx_HAL_Driver/Src/stm32wlxx_hal_rcc.c.obj
                0x00000000080021a8                HAL_RCC_GetPCLK2Freq
 .text.RCC_SetFlashLatencyFromMSIRange
                0x00000000080021cc       0x60 CMakeFiles/firmware.out.dir/Drivers/STM32WLxx_HAL_Driver/Src/stm32wlxx_hal_rcc.c.obj
 .text.RCC_SetFlashLatency
                0x000000000800222c      0x104 CMakeFiles/firmware.out.dir/Drivers/STM32WLxx_HAL_Driver/Src/stm32wlxx_hal_rcc.c.obj
 .text.LL_RCC_LSE_IsReady
                0x0000000008002330       0x22 CMakeFiles/firmware.out.dir/Drivers/STM32WLxx_HAL_Driver/Src/stm32wlxx_hal_rcc_ex.c.obj
 .text.LL_RCC_SetUSARTClockSource
                0x0000000008002352       0x30 CMakeFiles/firmware.out.dir/Drivers/STM32WLxx_HAL_Driver/Src/stm32wlxx_hal_rcc_ex.c.obj
 .text.LL_RCC_SetI2SClockSource
                0x0000000008002382       0x2a CMakeFiles/firmware.out.dir/Drivers/STM32WLxx_HAL_Driver/Src/stm32wlxx_hal_rcc_ex.c.obj
 .text.LL_RCC_SetLPUARTClockSource
                0x00000000080023ac       0x2a CMakeFiles/firmware.out.dir/Drivers/STM32WLxx_HAL_Driver/Src/stm32wlxx_hal_rcc_ex.c.obj
 .text.LL_RCC_SetI2CClockSource
                0x00000000080023d6       0x38 CMakeFiles/firmware.out.dir/Drivers/STM32WLxx_HAL_Driver/Src/stm32wlxx_hal_rcc_ex.c.obj
 .text.LL_RCC_SetLPTIMClockSource
                0x000000000800240e       0x32 CMakeFiles/firmware.out.dir/Drivers/STM32WLxx_HAL_Driver/Src/stm32wlxx_hal_rcc_ex.c.obj
 .text.LL_RCC_SetRNGClockSource
                0x0000000008002440       0x2a CMakeFiles/firmware.out.dir/Drivers/STM32WLxx_HAL_Driver/Src/stm32wlxx_hal_rcc_ex.c.obj
 .text.LL_RCC_SetADCClockSource
                0x000000000800246a       0x2a CMakeFiles/firmware.out.dir/Drivers/STM32WLxx_HAL_Driver/Src/stm32wlxx_hal_rcc_ex.c.obj
 .text.LL_RCC_SetRTCClockSource
                0x0000000008002494       0x2a CMakeFiles/firmware.out.dir/Drivers/STM32WLxx_HAL_Driver/Src/stm32wlxx_hal_rcc_ex.c.obj
 .text.LL_RCC_GetRTCClockSource
                0x00000000080024be       0x18 CMakeFiles/firmware.out.dir/Drivers/STM32WLxx_HAL_Driver/Src/stm32wlxx_hal_rcc_ex.c.obj
 .text.LL_RCC_ForceBackupDomainReset
                0x00000000080024d6       0x20 CMakeFiles/firmware.out.dir/Drivers/STM32WLxx_HAL_Driver/Src/stm32wlxx_hal_rcc_ex.c.obj
 .text.LL_RCC_ReleaseBackupDomainReset
                0x00000000080024f6       0x20 CMakeFiles/firmware.out.dir/Drivers/STM32WLxx_HAL_Driver/Src/stm32wlxx_hal_rcc_ex.c.obj
 *fill*         0x0000000008002516        0x2 
 .text.HAL_RCCEx_PeriphCLKConfig
                0x0000000008002518      0x234 CMakeFiles/firmware.out.dir/Drivers/STM32WLxx_HAL_Driver/Src/stm32wlxx_hal_rcc_ex.c.obj
                0x0000000008002518                HAL_RCCEx_PeriphCLKConfig
 .text.HAL_GPIO_Init
                0x000000000800274c      0x2c0 CMakeFiles/firmware.out.dir/Drivers/STM32WLxx_HAL_Driver/Src/stm32wlxx_hal_gpio.c.obj
                0x000000000800274c                HAL_GPIO_Init
 .text.HAL_GPIO_WritePin
                0x0000000008002a0c       0x2e CMakeFiles/firmware.out.dir/Drivers/STM32WLxx_HAL_Driver/Src/stm32wlxx_hal_gpio.c.obj
                0x0000000008002a0c                HAL_GPIO_WritePin
 *fill*         0x0000000008002a3a        0x2 
 .text.HAL_PWR_EnableBkUpAccess
                0x0000000008002a3c       0x1c CMakeFiles/firmware.out.dir/Drivers/STM32WLxx_HAL_Driver/Src/stm32wlxx_hal_pwr.c.obj
                0x0000000008002a3c                HAL_PWR_EnableBkUpAccess
 .text.HAL_PWREx_GetVoltageRange
                0x0000000008002a58       0x18 CMakeFiles/firmware.out.dir/Drivers/STM32WLxx_HAL_Driver/Src/stm32wlxx_hal_pwr_ex.c.obj
                0x0000000008002a58                HAL_PWREx_GetVoltageRange
 .text.__NVIC_SetPriorityGrouping
                0x0000000008002a70       0x48 CMakeFiles/firmware.out.dir/Drivers/STM32WLxx_HAL_Driver/Src/stm32wlxx_hal_cortex.c.obj
 .text.__NVIC_GetPriorityGrouping
                0x0000000008002ab8       0x1c CMakeFiles/firmware.out.dir/Drivers/STM32WLxx_HAL_Driver/Src/stm32wlxx_hal_cortex.c.obj
 .text.__NVIC_SetPriority
                0x0000000008002ad4       0x54 CMakeFiles/firmware.out.dir/Drivers/STM32WLxx_HAL_Driver/Src/stm32wlxx_hal_cortex.c.obj
 .text.NVIC_EncodePriority
                0x0000000008002b28       0x64 CMakeFiles/firmware.out.dir/Drivers/STM32WLxx_HAL_Driver/Src/stm32wlxx_hal_cortex.c.obj
 .text.SysTick_Config
                0x0000000008002b8c       0x44 CMakeFiles/firmware.out.dir/Drivers/STM32WLxx_HAL_Driver/Src/stm32wlxx_hal_cortex.c.obj
 .text.HAL_NVIC_SetPriorityGrouping
                0x0000000008002bd0       0x16 CMakeFiles/firmware.out.dir/Drivers/STM32WLxx_HAL_Driver/Src/stm32wlxx_hal_cortex.c.obj
                0x0000000008002bd0                HAL_NVIC_SetPriorityGrouping
 .text.HAL_NVIC_SetPriority
                0x0000000008002be6       0x34 CMakeFiles/firmware.out.dir/Drivers/STM32WLxx_HAL_Driver/Src/stm32wlxx_hal_cortex.c.obj
                0x0000000008002be6                HAL_NVIC_SetPriority
 .text.HAL_SYSTICK_Config
                0x0000000008002c1a       0x18 CMakeFiles/firmware.out.dir/Drivers/STM32WLxx_HAL_Driver/Src/stm32wlxx_hal_cortex.c.obj
                0x0000000008002c1a                HAL_SYSTICK_Config
 *fill*         0x0000000008002c32        0x2 
 .text.HAL_Init
                0x0000000008002c34       0x40 CMakeFiles/firmware.out.dir/Drivers/STM32WLxx_HAL_Driver/Src/stm32wlxx_hal.c.obj
                0x0000000008002c34                HAL_Init
 .text.HAL_InitTick
                0x0000000008002c74       0x74 CMakeFiles/firmware.out.dir/Drivers/STM32WLxx_HAL_Driver/Src/stm32wlxx_hal.c.obj
                0x0000000008002c74                HAL_InitTick
 .text.HAL_IncTick
                0x0000000008002ce8       0x24 CMakeFiles/firmware.out.dir/Drivers/STM32WLxx_HAL_Driver/Src/stm32wlxx_hal.c.obj
                0x0000000008002ce8                HAL_IncTick
 .text.HAL_GetTick
                0x0000000008002d0c       0x14 CMakeFiles/firmware.out.dir/Drivers/STM32WLxx_HAL_Driver/Src/stm32wlxx_hal.c.obj
                0x0000000008002d0c                HAL_GetTick
 .text.HAL_Delay
                0x0000000008002d20       0x48 CMakeFiles/firmware.out.dir/Drivers/STM32WLxx_HAL_Driver/Src/stm32wlxx_hal.c.obj
                0x0000000008002d20                HAL_Delay
 .text.HAL_I2C_Init
                0x0000000008002d68      0x11e CMakeFiles/firmware.out.dir/Drivers/STM32WLxx_HAL_Driver/Src/stm32wlxx_hal_i2c.c.obj
                0x0000000008002d68                HAL_I2C_Init
 .text.HAL_I2CEx_ConfigAnalogFilter
                0x0000000008002e86       0x94 CMakeFiles/firmware.out.dir/Drivers/STM32WLxx_HAL_Driver/Src/stm32wlxx_hal_i2c_ex.c.obj
                0x0000000008002e86                HAL_I2CEx_ConfigAnalogFilter
 .text.HAL_I2CEx_ConfigDigitalFilter
                0x0000000008002f1a       0x96 CMakeFiles/firmware.out.dir/Drivers/STM32WLxx_HAL_Driver/Src/stm32wlxx_hal_i2c_ex.c.obj
                0x0000000008002f1a                HAL_I2CEx_ConfigDigitalFilter
 .text.HAL_SPI_Init
                0x0000000008002fb0      0x1a8 CMakeFiles/firmware.out.dir/Drivers/STM32WLxx_HAL_Driver/Src/stm32wlxx_hal_spi.c.obj
                0x0000000008002fb0                HAL_SPI_Init
 .text.LL_RCC_GetUSARTClockSource
                0x0000000008003158       0x24 CMakeFiles/firmware.out.dir/Drivers/STM32WLxx_HAL_Driver/Src/stm32wlxx_hal_uart.c.obj
 .text.LL_RCC_GetLPUARTClockSource
                0x000000000800317c       0x1e CMakeFiles/firmware.out.dir/Drivers/STM32WLxx_HAL_Driver/Src/stm32wlxx_hal_uart.c.obj
 .text.HAL_UART_Init
                0x000000000800319a       0xa0 CMakeFiles/firmware.out.dir/Drivers/STM32WLxx_HAL_Driver/Src/stm32wlxx_hal_uart.c.obj
                0x000000000800319a                HAL_UART_Init
 *fill*         0x000000000800323a        0x2 
 .text.UART_SetConfig
                0x000000000800323c      0x4e8 CMakeFiles/firmware.out.dir/Drivers/STM32WLxx_HAL_Driver/Src/stm32wlxx_hal_uart.c.obj
                0x000000000800323c                UART_SetConfig
 .text.UART_AdvFeatureConfig
                0x0000000008003724      0x142 CMakeFiles/firmware.out.dir/Drivers/STM32WLxx_HAL_Driver/Src/stm32wlxx_hal_uart.c.obj
                0x0000000008003724                UART_AdvFeatureConfig
 .text.UART_CheckIdleState
                0x0000000008003866       0x9c CMakeFiles/firmware.out.dir/Drivers/STM32WLxx_HAL_Driver/Src/stm32wlxx_hal_uart.c.obj
                0x0000000008003866                UART_CheckIdleState
 .text.UART_WaitOnFlagUntilTimeout
                0x0000000008003902      0x190 CMakeFiles/firmware.out.dir/Drivers/STM32WLxx_HAL_Driver/Src/stm32wlxx_hal_uart.c.obj
                0x0000000008003902                UART_WaitOnFlagUntilTimeout
 .text.HAL_UARTEx_DisableFifoMode
                0x0000000008003a92       0x70 CMakeFiles/firmware.out.dir/Drivers/STM32WLxx_HAL_Driver/Src/stm32wlxx_hal_uart_ex.c.obj
                0x0000000008003a92                HAL_UARTEx_DisableFifoMode
 .text.HAL_UARTEx_SetTxFifoThreshold
                0x0000000008003b02       0x7c CMakeFiles/firmware.out.dir/Drivers/STM32WLxx_HAL_Driver/Src/stm32wlxx_hal_uart_ex.c.obj
                0x0000000008003b02                HAL_UARTEx_SetTxFifoThreshold
 .text.HAL_UARTEx_SetRxFifoThreshold
                0x0000000008003b7e       0x7c CMakeFiles/firmware.out.dir/Drivers/STM32WLxx_HAL_Driver/Src/stm32wlxx_hal_uart_ex.c.obj
                0x0000000008003b7e                HAL_UARTEx_SetRxFifoThreshold
 *fill*         0x0000000008003bfa        0x2 
 .text.UARTEx_SetNbDataToProcess
                0x0000000008003bfc       0x98 CMakeFiles/firmware.out.dir/Drivers/STM32WLxx_HAL_Driver/Src/stm32wlxx_hal_uart_ex.c.obj
 .text.SystemInit
                0x0000000008003c94        0xc CMakeFiles/firmware.out.dir/Core/Src/system_stm32wlxx.c.obj
                0x0000000008003c94                SystemInit
 .text.Reset_Handler
                0x0000000008003ca0       0x50 CMakeFiles/firmware.out.dir/startup_stm32wle5xx.s.obj
                0x0000000008003ca0                Reset_Handler
 .text.Default_Handler
                0x0000000008003cf0        0x2 CMakeFiles/firmware.out.dir/startup_stm32wle5xx.s.obj
                0x0000000008003cf0                RTC_Alarm_IRQHandler
                0x0000000008003cf0                EXTI2_IRQHandler
                0x0000000008003cf0                TIM1_CC_IRQHandler
                0x0000000008003cf0                EXTI3_IRQHandler
                0x0000000008003cf0                LPTIM2_IRQHandler
                0x0000000008003cf0                I2C3_ER_IRQHandler
                0x0000000008003cf0                LPTIM3_IRQHandler
                0x0000000008003cf0                EXTI0_IRQHandler
                0x0000000008003cf0                I2C2_EV_IRQHandler
                0x0000000008003cf0                TAMP_STAMP_LSECSS_SSRU_IRQHandler
                0x0000000008003cf0                SPI1_IRQHandler
                0x0000000008003cf0                DMA2_Channel2_IRQHandler
                0x0000000008003cf0                DMA1_Channel4_IRQHandler
                0x0000000008003cf0                PKA_IRQHandler
                0x0000000008003cf0                TIM17_IRQHandler
                0x0000000008003cf0                DMA1_Channel7_IRQHandler
                0x0000000008003cf0                SUBGHZSPI_IRQHandler
                0x0000000008003cf0                DMA2_Channel1_IRQHandler
                0x0000000008003cf0                I2C1_EV_IRQHandler
                0x0000000008003cf0                SUBGHZ_Radio_IRQHandler
                0x0000000008003cf0                DMAMUX1_OVR_IRQHandler
                0x0000000008003cf0                DMA1_Channel6_IRQHandler
                0x0000000008003cf0                TIM16_IRQHandler
                0x0000000008003cf0                DMA2_Channel4_IRQHandler
                0x0000000008003cf0                RCC_IRQHandler
                0x0000000008003cf0                TIM1_TRG_COM_IRQHandler
                0x0000000008003cf0                DMA1_Channel1_IRQHandler
                0x0000000008003cf0                Default_Handler
                0x0000000008003cf0                DMA2_Channel7_IRQHandler
                0x0000000008003cf0                EXTI15_10_IRQHandler
                0x0000000008003cf0                ADC_IRQHandler
                0x0000000008003cf0                I2C3_EV_IRQHandler
                0x0000000008003cf0                EXTI9_5_IRQHandler
                0x0000000008003cf0                RTC_WKUP_IRQHandler
                0x0000000008003cf0                PVD_PVM_IRQHandler
                0x0000000008003cf0                SPI2_IRQHandler
                0x0000000008003cf0                DMA2_Channel5_IRQHandler
                0x0000000008003cf0                DMA1_Channel5_IRQHandler
                0x0000000008003cf0                EXTI4_IRQHandler
                0x0000000008003cf0                RNG_IRQHandler
                0x0000000008003cf0                DMA1_Channel3_IRQHandler
                0x0000000008003cf0                COMP_IRQHandler
                0x0000000008003cf0                HSEM_IRQHandler
                0x0000000008003cf0                TIM1_UP_IRQHandler
                0x0000000008003cf0                WWDG_IRQHandler
                0x0000000008003cf0                LPUART1_IRQHandler
                0x0000000008003cf0                DMA2_Channel6_IRQHandler
                0x0000000008003cf0                TIM2_IRQHandler
                0x0000000008003cf0                TIM1_BRK_IRQHandler
                0x0000000008003cf0                DAC_IRQHandler
                0x0000000008003cf0                EXTI1_IRQHandler
                0x0000000008003cf0                AES_IRQHandler
                0x0000000008003cf0                USART2_IRQHandler
                0x0000000008003cf0                I2C2_ER_IRQHandler
                0x0000000008003cf0                DMA1_Channel2_IRQHandler
                0x0000000008003cf0                FLASH_IRQHandler
                0x0000000008003cf0                USART1_IRQHandler
                0x0000000008003cf0                I2C1_ER_IRQHandler
                0x0000000008003cf0                LPTIM1_IRQHandler
                0x0000000008003cf0                DMA2_Channel3_IRQHandler
 .text.LL_GPIO_TogglePin
                0x0000000008003cf2       0x30 CMakeFiles/firmware.out.dir/source/application.cpp.obj
 .text.setup    0x0000000008003d22        0xc CMakeFiles/firmware.out.dir/source/application.cpp.obj
                0x0000000008003d22                setup
 *fill*         0x0000000008003d2e        0x2 
 .text.loop     0x0000000008003d30       0x1c CMakeFiles/firmware.out.dir/source/application.cpp.obj
                0x0000000008003d30                loop
 .text.startup  0x0000000008003d4c       0x14 /usr/lib/gcc/arm-none-eabi/10.3.1/../../../arm-none-eabi/lib/thumb/v7e-m/nofp/libc.a(lib_a-__call_atexit.o)
 *(.glue_7)
 .glue_7        0x0000000008003d60        0x0 linker stubs
 *(.glue_7t)
 .glue_7t       0x0000000008003d60        0x0 linker stubs
 *(.eh_frame)
 .eh_frame      0x0000000008003d60        0x0 /usr/lib/gcc/arm-none-eabi/10.3.1/thumb/v7e-m/nofp/crtbegin.o
 *(.init)
 .init          0x0000000008003d60        0x4 /usr/lib/gcc/arm-none-eabi/10.3.1/thumb/v7e-m/nofp/crti.o
                0x0000000008003d60                _init
 .init          0x0000000008003d64        0x8 /usr/lib/gcc/arm-none-eabi/10.3.1/thumb/v7e-m/nofp/crtn.o
 *(.fini)
 .fini          0x0000000008003d6c        0x4 /usr/lib/gcc/arm-none-eabi/10.3.1/thumb/v7e-m/nofp/crti.o
                0x0000000008003d6c                _fini
 .fini          0x0000000008003d70        0x8 /usr/lib/gcc/arm-none-eabi/10.3.1/thumb/v7e-m/nofp/crtn.o
                0x0000000008003d78                . = ALIGN (0x8)
                0x0000000008003d78                _etext = .

.vfp11_veneer   0x0000000008003d78        0x0
 .vfp11_veneer  0x0000000008003d78        0x0 linker stubs

.v4_bx          0x0000000008003d78        0x0
 .v4_bx         0x0000000008003d78        0x0 linker stubs

.iplt           0x0000000008003d78        0x0
 .iplt          0x0000000008003d78        0x0 /usr/lib/gcc/arm-none-eabi/10.3.1/thumb/v7e-m/nofp/crtbegin.o

.rodata         0x0000000008003d78       0xe8
                0x0000000008003d78                . = ALIGN (0x8)
 *(.rodata)
 .rodata        0x0000000008003d78       0x1c CMakeFiles/firmware.out.dir/Drivers/STM32WLxx_HAL_Driver/Src/stm32wlxx_hal_rcc.c.obj
 .rodata        0x0000000008003d94        0x4 /usr/lib/gcc/arm-none-eabi/10.3.1/../../../arm-none-eabi/lib/thumb/v7e-m/nofp/libc.a(lib_a-impure.o)
                0x0000000008003d94                _global_impure_ptr
 *(.rodata*)
 .rodata.UARTPrescTable
                0x0000000008003d98       0x18 CMakeFiles/firmware.out.dir/Drivers/STM32WLxx_HAL_Driver/Src/stm32wlxx_hal_uart.c.obj
                0x0000000008003d98                UARTPrescTable
 .rodata.numerator.1
                0x0000000008003db0        0x8 CMakeFiles/firmware.out.dir/Drivers/STM32WLxx_HAL_Driver/Src/stm32wlxx_hal_uart_ex.c.obj
 .rodata.denominator.0
                0x0000000008003db8        0x8 CMakeFiles/firmware.out.dir/Drivers/STM32WLxx_HAL_Driver/Src/stm32wlxx_hal_uart_ex.c.obj
 .rodata.AHBPrescTable
                0x0000000008003dc0       0x40 CMakeFiles/firmware.out.dir/Core/Src/system_stm32wlxx.c.obj
                0x0000000008003dc0                AHBPrescTable
 .rodata.APBPrescTable
                0x0000000008003e00       0x20 CMakeFiles/firmware.out.dir/Core/Src/system_stm32wlxx.c.obj
                0x0000000008003e00                APBPrescTable
 .rodata.MSIRangeTable
                0x0000000008003e20       0x40 CMakeFiles/firmware.out.dir/Core/Src/system_stm32wlxx.c.obj
                0x0000000008003e20                MSIRangeTable
                0x0000000008003e60                . = ALIGN (0x8)

.ARM.extab      0x0000000008003e60        0x0
                0x0000000008003e60                . = ALIGN (0x8)
 *(.ARM.extab* .gnu.linkonce.armextab.*)
                0x0000000008003e60                . = ALIGN (0x8)

.ARM            0x0000000008003e60        0x8
                0x0000000008003e60                . = ALIGN (0x8)
                0x0000000008003e60                __exidx_start = .
 *(.ARM.exidx*)
 .ARM.exidx     0x0000000008003e60        0x8 /usr/lib/gcc/arm-none-eabi/10.3.1/thumb/v7e-m/nofp/libgcc.a(_udivmoddi4.o)
                0x0000000008003e68                __exidx_end = .
                0x0000000008003e68                . = ALIGN (0x8)

.rel.dyn        0x0000000008003e68        0x0
 .rel.iplt      0x0000000008003e68        0x0 /usr/lib/gcc/arm-none-eabi/10.3.1/thumb/v7e-m/nofp/crtbegin.o

.preinit_array  0x0000000008003e68        0x0
                0x0000000008003e68                . = ALIGN (0x8)
                0x0000000008003e68                PROVIDE (__preinit_array_start = .)
 *(.preinit_array*)
                0x0000000008003e68                PROVIDE (__preinit_array_end = .)
                0x0000000008003e68                . = ALIGN (0x8)

.init_array     0x0000000008003e68        0x8
                0x0000000008003e68                . = ALIGN (0x8)
                0x0000000008003e68                PROVIDE (__init_array_start = .)
 *(SORT_BY_NAME(.init_array.*))
 .init_array.00000
                0x0000000008003e68        0x4 /usr/lib/gcc/arm-none-eabi/10.3.1/../../../arm-none-eabi/lib/thumb/v7e-m/nofp/libc.a(lib_a-__call_atexit.o)
 *(.init_array*)
 .init_array    0x0000000008003e6c        0x4 /usr/lib/gcc/arm-none-eabi/10.3.1/thumb/v7e-m/nofp/crtbegin.o
                0x0000000008003e70                PROVIDE (__init_array_end = .)
                0x0000000008003e70                . = ALIGN (0x8)

.fini_array     0x0000000008003e70        0x8
                0x0000000008003e70                . = ALIGN (0x8)
                0x0000000008003e70                PROVIDE (__fini_array_start = .)
 *(SORT_BY_NAME(.fini_array.*))
 *(.fini_array*)
 .fini_array    0x0000000008003e70        0x4 /usr/lib/gcc/arm-none-eabi/10.3.1/thumb/v7e-m/nofp/crtbegin.o
                0x0000000008003e74                PROVIDE (__fini_array_end = .)
                0x0000000008003e78                . = ALIGN (0x8)
 *fill*         0x0000000008003e74        0x4 
                0x0000000008003e78                _sidata = LOADADDR (.data)

.data           0x0000000020000000      0x440 load address 0x0000000008003e78
                0x0000000020000000                . = ALIGN (0x8)
                0x0000000020000000                _sdata = .
 *(.data)
 .data          0x0000000020000000      0x430 /usr/lib/gcc/arm-none-eabi/10.3.1/../../../arm-none-eabi/lib/thumb/v7e-m/nofp/libc.a(lib_a-impure.o)
                0x0000000020000000                _impure_ptr
 *(.data*)
 .data.uwTickPrio
                0x0000000020000430        0x4 CMakeFiles/firmware.out.dir/Drivers/STM32WLxx_HAL_Driver/Src/stm32wlxx_hal.c.obj
                0x0000000020000430                uwTickPrio
 .data.uwTickFreq
                0x0000000020000434        0x1 CMakeFiles/firmware.out.dir/Drivers/STM32WLxx_HAL_Driver/Src/stm32wlxx_hal.c.obj
                0x0000000020000434                uwTickFreq
 *fill*         0x0000000020000435        0x3 
 .data.SystemCoreClock
                0x0000000020000438        0x4 CMakeFiles/firmware.out.dir/Core/Src/system_stm32wlxx.c.obj
                0x0000000020000438                SystemCoreClock
                0x0000000020000440                . = ALIGN (0x8)
 *fill*         0x000000002000043c        0x4 
                0x0000000020000440                _edata = .

.tm_clone_table
                0x0000000020000440        0x0 load address 0x00000000080042b8
 .tm_clone_table
                0x0000000020000440        0x0 /usr/lib/gcc/arm-none-eabi/10.3.1/thumb/v7e-m/nofp/crtbegin.o
 .tm_clone_table
                0x0000000020000440        0x0 /usr/lib/gcc/arm-none-eabi/10.3.1/thumb/v7e-m/nofp/crtend.o

.igot.plt       0x0000000020000440        0x0 load address 0x00000000080042b8
 .igot.plt      0x0000000020000440        0x0 /usr/lib/gcc/arm-none-eabi/10.3.1/thumb/v7e-m/nofp/crtbegin.o
                0x0000000020000440                . = ALIGN (0x8)

.bss            0x0000000020000440      0x1d0 load address 0x00000000080042b8
                0x0000000020000440                _sbss = .
                0x0000000020000440                __bss_start__ = _sbss
 *(.bss)
 .bss           0x0000000020000440       0x1c /usr/lib/gcc/arm-none-eabi/10.3.1/thumb/v7e-m/nofp/crtbegin.o
 *(.bss*)
 .bss.hadc      0x000000002000045c       0x64 CMakeFiles/firmware.out.dir/Core/Src/main.c.obj
                0x000000002000045c                hadc
 .bss.hi2c2     0x00000000200004c0       0x54 CMakeFiles/firmware.out.dir/Core/Src/main.c.obj
                0x00000000200004c0                hi2c2
 .bss.hspi2     0x0000000020000514       0x64 CMakeFiles/firmware.out.dir/Core/Src/main.c.obj
                0x0000000020000514                hspi2
 .bss.huart1    0x0000000020000578       0x94 CMakeFiles/firmware.out.dir/Core/Src/main.c.obj
                0x0000000020000578                huart1
 .bss.uwTick    0x000000002000060c        0x4 CMakeFiles/firmware.out.dir/Drivers/STM32WLxx_HAL_Driver/Src/stm32wlxx_hal.c.obj
                0x000000002000060c                uwTick
 *(COMMON)
                0x0000000020000610                . = ALIGN (0x8)
                0x0000000020000610                _ebss = .
                0x0000000020000610                __bss_end__ = _ebss
                0x0000000020000610                . = ALIGN (0x8)

RAM1_region     0x0000000020000610        0x0 load address 0x00000000080042b8
                0x0000000020000610                _sRAM1_region = .
 *(.RAM1_region)
                0x0000000020000610                . = ALIGN (0x8)
                0x0000000020000610                _eRAM1_region = .
                0x0000000020000610                . = ALIGN (0x8)

RAM2_region     0x0000000020008000        0x0
                0x0000000020008000                _sRAM2_region = .
 *(.RAM2_region)
                0x0000000020008000                . = ALIGN (0x8)
                0x0000000020008000                _eRAM2_region = .

._user_heap_stack
                0x0000000020000610      0x600
                0x0000000020000610                . = ALIGN (0x8)
                [!provide]                        PROVIDE (end = .)
                [!provide]                        PROVIDE (_end = .)
                0x0000000020000810                . = (. + _Min_Heap_Size)
 *fill*         0x0000000020000610      0x200 
                0x0000000020000c10                . = (. + _Min_Stack_Size)
 *fill*         0x0000000020000810      0x400 
                0x0000000020000c10                . = ALIGN (0x8)

/DISCARD/
 libc.a(*)
 libm.a(*)
 libgcc.a(*)

.ARM.attributes
                0x0000000000000000       0x2a
 *(.ARM.attributes)
 .ARM.attributes
                0x0000000000000000       0x1e /usr/lib/gcc/arm-none-eabi/10.3.1/thumb/v7e-m/nofp/crti.o
 .ARM.attributes
                0x000000000000001e       0x2e /usr/lib/gcc/arm-none-eabi/10.3.1/thumb/v7e-m/nofp/crtbegin.o
 .ARM.attributes
                0x000000000000004c       0x2e CMakeFiles/firmware.out.dir/Core/Src/main.c.obj
 .ARM.attributes
                0x000000000000007a       0x2e CMakeFiles/firmware.out.dir/Core/Src/stm32wlxx_it.c.obj
 .ARM.attributes
                0x00000000000000a8       0x2e CMakeFiles/firmware.out.dir/Core/Src/stm32wlxx_hal_msp.c.obj
 .ARM.attributes
                0x00000000000000d6       0x2e CMakeFiles/firmware.out.dir/Drivers/STM32WLxx_HAL_Driver/Src/stm32wlxx_hal_adc.c.obj
 .ARM.attributes
                0x0000000000000104       0x2e CMakeFiles/firmware.out.dir/Drivers/STM32WLxx_HAL_Driver/Src/stm32wlxx_hal_rcc.c.obj
 .ARM.attributes
                0x0000000000000132       0x2e CMakeFiles/firmware.out.dir/Drivers/STM32WLxx_HAL_Driver/Src/stm32wlxx_hal_rcc_ex.c.obj
 .ARM.attributes
                0x0000000000000160       0x2e CMakeFiles/firmware.out.dir/Drivers/STM32WLxx_HAL_Driver/Src/stm32wlxx_hal_gpio.c.obj
 .ARM.attributes
                0x000000000000018e       0x2e CMakeFiles/firmware.out.dir/Drivers/STM32WLxx_HAL_Driver/Src/stm32wlxx_hal_pwr.c.obj
 .ARM.attributes
                0x00000000000001bc       0x2e CMakeFiles/firmware.out.dir/Drivers/STM32WLxx_HAL_Driver/Src/stm32wlxx_hal_pwr_ex.c.obj
 .ARM.attributes
                0x00000000000001ea       0x2e CMakeFiles/firmware.out.dir/Drivers/STM32WLxx_HAL_Driver/Src/stm32wlxx_hal_cortex.c.obj
 .ARM.attributes
                0x0000000000000218       0x2e CMakeFiles/firmware.out.dir/Drivers/STM32WLxx_HAL_Driver/Src/stm32wlxx_hal.c.obj
 .ARM.attributes
                0x0000000000000246       0x2e CMakeFiles/firmware.out.dir/Drivers/STM32WLxx_HAL_Driver/Src/stm32wlxx_hal_i2c.c.obj
 .ARM.attributes
                0x0000000000000274       0x2e CMakeFiles/firmware.out.dir/Drivers/STM32WLxx_HAL_Driver/Src/stm32wlxx_hal_i2c_ex.c.obj
 .ARM.attributes
                0x00000000000002a2       0x2e CMakeFiles/firmware.out.dir/Drivers/STM32WLxx_HAL_Driver/Src/stm32wlxx_hal_spi.c.obj
 .ARM.attributes
                0x00000000000002d0       0x2e CMakeFiles/firmware.out.dir/Drivers/STM32WLxx_HAL_Driver/Src/stm32wlxx_hal_uart.c.obj
 .ARM.attributes
                0x00000000000002fe       0x2e CMakeFiles/firmware.out.dir/Drivers/STM32WLxx_HAL_Driver/Src/stm32wlxx_hal_uart_ex.c.obj
 .ARM.attributes
                0x000000000000032c       0x2e CMakeFiles/firmware.out.dir/Core/Src/system_stm32wlxx.c.obj
 .ARM.attributes
                0x000000000000035a       0x21 CMakeFiles/firmware.out.dir/startup_stm32wle5xx.s.obj
 .ARM.attributes
                0x000000000000037b       0x2e CMakeFiles/firmware.out.dir/source/application.cpp.obj
 .ARM.attributes
                0x00000000000003a9       0x2e /usr/lib/gcc/arm-none-eabi/10.3.1/../../../arm-none-eabi/lib/thumb/v7e-m/nofp/libc.a(lib_a-atexit.o)
 .ARM.attributes
                0x00000000000003d7       0x2e /usr/lib/gcc/arm-none-eabi/10.3.1/../../../arm-none-eabi/lib/thumb/v7e-m/nofp/libc.a(lib_a-fini.o)
 .ARM.attributes
                0x0000000000000405       0x2e /usr/lib/gcc/arm-none-eabi/10.3.1/../../../arm-none-eabi/lib/thumb/v7e-m/nofp/libc.a(lib_a-impure.o)
 .ARM.attributes
                0x0000000000000433       0x2e /usr/lib/gcc/arm-none-eabi/10.3.1/../../../arm-none-eabi/lib/thumb/v7e-m/nofp/libc.a(lib_a-init.o)
 .ARM.attributes
                0x0000000000000461       0x2e /usr/lib/gcc/arm-none-eabi/10.3.1/../../../arm-none-eabi/lib/thumb/v7e-m/nofp/libc.a(lib_a-memset.o)
 .ARM.attributes
                0x000000000000048f       0x2e /usr/lib/gcc/arm-none-eabi/10.3.1/../../../arm-none-eabi/lib/thumb/v7e-m/nofp/libc.a(lib_a-__atexit.o)
 .ARM.attributes
                0x00000000000004bd       0x2e /usr/lib/gcc/arm-none-eabi/10.3.1/../../../arm-none-eabi/lib/thumb/v7e-m/nofp/libc.a(lib_a-__call_atexit.o)
 .ARM.attributes
                0x00000000000004eb       0x1e /usr/lib/gcc/arm-none-eabi/10.3.1/thumb/v7e-m/nofp/libgcc.a(_aeabi_uldivmod.o)
 .ARM.attributes
                0x0000000000000509       0x2e /usr/lib/gcc/arm-none-eabi/10.3.1/thumb/v7e-m/nofp/libgcc.a(_udivmoddi4.o)
 .ARM.attributes
                0x0000000000000537       0x1e /usr/lib/gcc/arm-none-eabi/10.3.1/thumb/v7e-m/nofp/libgcc.a(_dvmd_tls.o)
 .ARM.attributes
                0x0000000000000555       0x2e /usr/lib/gcc/arm-none-eabi/10.3.1/thumb/v7e-m/nofp/crtend.o
 .ARM.attributes
                0x0000000000000583       0x1e /usr/lib/gcc/arm-none-eabi/10.3.1/thumb/v7e-m/nofp/crtn.o
OUTPUT(firmware.out elf32-littlearm)
LOAD linker stubs
LOAD /usr/lib/gcc/arm-none-eabi/10.3.1/../../../arm-none-eabi/lib/thumb/v7e-m/nofp/libc.a
LOAD /usr/lib/gcc/arm-none-eabi/10.3.1/../../../arm-none-eabi/lib/thumb/v7e-m/nofp/libm.a
LOAD /usr/lib/gcc/arm-none-eabi/10.3.1/thumb/v7e-m/nofp/libgcc.a

.comment        0x0000000000000000       0x33
 .comment       0x0000000000000000       0x33 /usr/lib/gcc/arm-none-eabi/10.3.1/thumb/v7e-m/nofp/crtbegin.o
                                         0x34 (size before relaxing)
 .comment       0x0000000000000033       0x34 CMakeFiles/firmware.out.dir/Core/Src/main.c.obj
 .comment       0x0000000000000033       0x34 CMakeFiles/firmware.out.dir/Core/Src/stm32wlxx_it.c.obj
 .comment       0x0000000000000033       0x34 CMakeFiles/firmware.out.dir/Core/Src/stm32wlxx_hal_msp.c.obj
 .comment       0x0000000000000033       0x34 CMakeFiles/firmware.out.dir/Drivers/STM32WLxx_HAL_Driver/Src/stm32wlxx_hal_adc.c.obj
 .comment       0x0000000000000033       0x34 CMakeFiles/firmware.out.dir/Drivers/STM32WLxx_HAL_Driver/Src/stm32wlxx_hal_rcc.c.obj
 .comment       0x0000000000000033       0x34 CMakeFiles/firmware.out.dir/Drivers/STM32WLxx_HAL_Driver/Src/stm32wlxx_hal_rcc_ex.c.obj
 .comment       0x0000000000000033       0x34 CMakeFiles/firmware.out.dir/Drivers/STM32WLxx_HAL_Driver/Src/stm32wlxx_hal_gpio.c.obj
 .comment       0x0000000000000033       0x34 CMakeFiles/firmware.out.dir/Drivers/STM32WLxx_HAL_Driver/Src/stm32wlxx_hal_pwr.c.obj
 .comment       0x0000000000000033       0x34 CMakeFiles/firmware.out.dir/Drivers/STM32WLxx_HAL_Driver/Src/stm32wlxx_hal_pwr_ex.c.obj
 .comment       0x0000000000000033       0x34 CMakeFiles/firmware.out.dir/Drivers/STM32WLxx_HAL_Driver/Src/stm32wlxx_hal_cortex.c.obj
 .comment       0x0000000000000033       0x34 CMakeFiles/firmware.out.dir/Drivers/STM32WLxx_HAL_Driver/Src/stm32wlxx_hal.c.obj
 .comment       0x0000000000000033       0x34 CMakeFiles/firmware.out.dir/Drivers/STM32WLxx_HAL_Driver/Src/stm32wlxx_hal_i2c.c.obj
 .comment       0x0000000000000033       0x34 CMakeFiles/firmware.out.dir/Drivers/STM32WLxx_HAL_Driver/Src/stm32wlxx_hal_i2c_ex.c.obj
 .comment       0x0000000000000033       0x34 CMakeFiles/firmware.out.dir/Drivers/STM32WLxx_HAL_Driver/Src/stm32wlxx_hal_spi.c.obj
 .comment       0x0000000000000033       0x34 CMakeFiles/firmware.out.dir/Drivers/STM32WLxx_HAL_Driver/Src/stm32wlxx_hal_uart.c.obj
 .comment       0x0000000000000033       0x34 CMakeFiles/firmware.out.dir/Drivers/STM32WLxx_HAL_Driver/Src/stm32wlxx_hal_uart_ex.c.obj
 .comment       0x0000000000000033       0x34 CMakeFiles/firmware.out.dir/Core/Src/system_stm32wlxx.c.obj
 .comment       0x0000000000000033       0x34 CMakeFiles/firmware.out.dir/source/application.cpp.obj
 .comment       0x0000000000000033       0x34 /usr/lib/gcc/arm-none-eabi/10.3.1/../../../arm-none-eabi/lib/thumb/v7e-m/nofp/libc.a(lib_a-atexit.o)
 .comment       0x0000000000000033       0x34 /usr/lib/gcc/arm-none-eabi/10.3.1/../../../arm-none-eabi/lib/thumb/v7e-m/nofp/libc.a(lib_a-fini.o)
 .comment       0x0000000000000033       0x34 /usr/lib/gcc/arm-none-eabi/10.3.1/../../../arm-none-eabi/lib/thumb/v7e-m/nofp/libc.a(lib_a-impure.o)
 .comment       0x0000000000000033       0x34 /usr/lib/gcc/arm-none-eabi/10.3.1/../../../arm-none-eabi/lib/thumb/v7e-m/nofp/libc.a(lib_a-init.o)
 .comment       0x0000000000000033       0x34 /usr/lib/gcc/arm-none-eabi/10.3.1/../../../arm-none-eabi/lib/thumb/v7e-m/nofp/libc.a(lib_a-memset.o)
 .comment       0x0000000000000033       0x34 /usr/lib/gcc/arm-none-eabi/10.3.1/../../../arm-none-eabi/lib/thumb/v7e-m/nofp/libc.a(lib_a-__atexit.o)
 .comment       0x0000000000000033       0x34 /usr/lib/gcc/arm-none-eabi/10.3.1/../../../arm-none-eabi/lib/thumb/v7e-m/nofp/libc.a(lib_a-__call_atexit.o)
 .comment       0x0000000000000033       0x34 /usr/lib/gcc/arm-none-eabi/10.3.1/thumb/v7e-m/nofp/libgcc.a(_udivmoddi4.o)
 .comment       0x0000000000000033       0x34 /usr/lib/gcc/arm-none-eabi/10.3.1/thumb/v7e-m/nofp/crtend.o

.debug_info     0x0000000000000000     0x28cd
 .debug_info    0x0000000000000000      0x100 /usr/lib/gcc/arm-none-eabi/10.3.1/../../../arm-none-eabi/lib/thumb/v7e-m/nofp/libc.a(lib_a-atexit.o)
 .debug_info    0x0000000000000100      0x102 /usr/lib/gcc/arm-none-eabi/10.3.1/../../../arm-none-eabi/lib/thumb/v7e-m/nofp/libc.a(lib_a-fini.o)
 .debug_info    0x0000000000000202      0x92a /usr/lib/gcc/arm-none-eabi/10.3.1/../../../arm-none-eabi/lib/thumb/v7e-m/nofp/libc.a(lib_a-impure.o)
 .debug_info    0x0000000000000b2c      0x11a /usr/lib/gcc/arm-none-eabi/10.3.1/../../../arm-none-eabi/lib/thumb/v7e-m/nofp/libc.a(lib_a-init.o)
 .debug_info    0x0000000000000c46      0x137 /usr/lib/gcc/arm-none-eabi/10.3.1/../../../arm-none-eabi/lib/thumb/v7e-m/nofp/libc.a(lib_a-memset.o)
 .debug_info    0x0000000000000d7d      0x9b0 /usr/lib/gcc/arm-none-eabi/10.3.1/../../../arm-none-eabi/lib/thumb/v7e-m/nofp/libc.a(lib_a-__atexit.o)
 .debug_info    0x000000000000172d      0xa3d /usr/lib/gcc/arm-none-eabi/10.3.1/../../../arm-none-eabi/lib/thumb/v7e-m/nofp/libc.a(lib_a-__call_atexit.o)
 .debug_info    0x000000000000216a       0x26 /usr/lib/gcc/arm-none-eabi/10.3.1/thumb/v7e-m/nofp/libgcc.a(_aeabi_uldivmod.o)
 .debug_info    0x0000000000002190      0x717 /usr/lib/gcc/arm-none-eabi/10.3.1/thumb/v7e-m/nofp/libgcc.a(_udivmoddi4.o)
 .debug_info    0x00000000000028a7       0x26 /usr/lib/gcc/arm-none-eabi/10.3.1/thumb/v7e-m/nofp/libgcc.a(_dvmd_tls.o)

.debug_abbrev   0x0000000000000000      0xb3a
 .debug_abbrev  0x0000000000000000       0xb7 /usr/lib/gcc/arm-none-eabi/10.3.1/../../../arm-none-eabi/lib/thumb/v7e-m/nofp/libc.a(lib_a-atexit.o)
 .debug_abbrev  0x00000000000000b7       0xcf /usr/lib/gcc/arm-none-eabi/10.3.1/../../../arm-none-eabi/lib/thumb/v7e-m/nofp/libc.a(lib_a-fini.o)
 .debug_abbrev  0x0000000000000186      0x1b8 /usr/lib/gcc/arm-none-eabi/10.3.1/../../../arm-none-eabi/lib/thumb/v7e-m/nofp/libc.a(lib_a-impure.o)
 .debug_abbrev  0x000000000000033e       0xcc /usr/lib/gcc/arm-none-eabi/10.3.1/../../../arm-none-eabi/lib/thumb/v7e-m/nofp/libc.a(lib_a-init.o)
 .debug_abbrev  0x000000000000040a       0xb4 /usr/lib/gcc/arm-none-eabi/10.3.1/../../../arm-none-eabi/lib/thumb/v7e-m/nofp/libc.a(lib_a-memset.o)
 .debug_abbrev  0x00000000000004be      0x23f /usr/lib/gcc/arm-none-eabi/10.3.1/../../../arm-none-eabi/lib/thumb/v7e-m/nofp/libc.a(lib_a-__atexit.o)
 .debug_abbrev  0x00000000000006fd      0x2b2 /usr/lib/gcc/arm-none-eabi/10.3.1/../../../arm-none-eabi/lib/thumb/v7e-m/nofp/libc.a(lib_a-__call_atexit.o)
 .debug_abbrev  0x00000000000009af       0x14 /usr/lib/gcc/arm-none-eabi/10.3.1/thumb/v7e-m/nofp/libgcc.a(_aeabi_uldivmod.o)
 .debug_abbrev  0x00000000000009c3      0x163 /usr/lib/gcc/arm-none-eabi/10.3.1/thumb/v7e-m/nofp/libgcc.a(_udivmoddi4.o)
 .debug_abbrev  0x0000000000000b26       0x14 /usr/lib/gcc/arm-none-eabi/10.3.1/thumb/v7e-m/nofp/libgcc.a(_dvmd_tls.o)

.debug_loc      0x0000000000000000     0x16fa
 .debug_loc     0x0000000000000000       0x32 /usr/lib/gcc/arm-none-eabi/10.3.1/../../../arm-none-eabi/lib/thumb/v7e-m/nofp/libc.a(lib_a-atexit.o)
 .debug_loc     0x0000000000000032       0x68 /usr/lib/gcc/arm-none-eabi/10.3.1/../../../arm-none-eabi/lib/thumb/v7e-m/nofp/libc.a(lib_a-fini.o)
 .debug_loc     0x000000000000009a       0xba /usr/lib/gcc/arm-none-eabi/10.3.1/../../../arm-none-eabi/lib/thumb/v7e-m/nofp/libc.a(lib_a-init.o)
 .debug_loc     0x0000000000000154      0x22c /usr/lib/gcc/arm-none-eabi/10.3.1/../../../arm-none-eabi/lib/thumb/v7e-m/nofp/libc.a(lib_a-memset.o)
 .debug_loc     0x0000000000000380      0x138 /usr/lib/gcc/arm-none-eabi/10.3.1/../../../arm-none-eabi/lib/thumb/v7e-m/nofp/libc.a(lib_a-__atexit.o)
 .debug_loc     0x00000000000004b8      0x1ae /usr/lib/gcc/arm-none-eabi/10.3.1/../../../arm-none-eabi/lib/thumb/v7e-m/nofp/libc.a(lib_a-__call_atexit.o)
 .debug_loc     0x0000000000000666     0x1094 /usr/lib/gcc/arm-none-eabi/10.3.1/thumb/v7e-m/nofp/libgcc.a(_udivmoddi4.o)

.debug_aranges  0x0000000000000000      0x140
 .debug_aranges
                0x0000000000000000       0x20 /usr/lib/gcc/arm-none-eabi/10.3.1/../../../arm-none-eabi/lib/thumb/v7e-m/nofp/libc.a(lib_a-atexit.o)
 .debug_aranges
                0x0000000000000020       0x20 /usr/lib/gcc/arm-none-eabi/10.3.1/../../../arm-none-eabi/lib/thumb/v7e-m/nofp/libc.a(lib_a-fini.o)
 .debug_aranges
                0x0000000000000040       0x18 /usr/lib/gcc/arm-none-eabi/10.3.1/../../../arm-none-eabi/lib/thumb/v7e-m/nofp/libc.a(lib_a-impure.o)
 .debug_aranges
                0x0000000000000058       0x20 /usr/lib/gcc/arm-none-eabi/10.3.1/../../../arm-none-eabi/lib/thumb/v7e-m/nofp/libc.a(lib_a-init.o)
 .debug_aranges
                0x0000000000000078       0x20 /usr/lib/gcc/arm-none-eabi/10.3.1/../../../arm-none-eabi/lib/thumb/v7e-m/nofp/libc.a(lib_a-memset.o)
 .debug_aranges
                0x0000000000000098       0x20 /usr/lib/gcc/arm-none-eabi/10.3.1/../../../arm-none-eabi/lib/thumb/v7e-m/nofp/libc.a(lib_a-__atexit.o)
 .debug_aranges
                0x00000000000000b8       0x28 /usr/lib/gcc/arm-none-eabi/10.3.1/../../../arm-none-eabi/lib/thumb/v7e-m/nofp/libc.a(lib_a-__call_atexit.o)
 .debug_aranges
                0x00000000000000e0       0x20 /usr/lib/gcc/arm-none-eabi/10.3.1/thumb/v7e-m/nofp/libgcc.a(_aeabi_uldivmod.o)
 .debug_aranges
                0x0000000000000100       0x20 /usr/lib/gcc/arm-none-eabi/10.3.1/thumb/v7e-m/nofp/libgcc.a(_udivmoddi4.o)
 .debug_aranges
                0x0000000000000120       0x20 /usr/lib/gcc/arm-none-eabi/10.3.1/thumb/v7e-m/nofp/libgcc.a(_dvmd_tls.o)

.debug_line     0x0000000000000000     0x102e
 .debug_line    0x0000000000000000       0xc0 /usr/lib/gcc/arm-none-eabi/10.3.1/../../../arm-none-eabi/lib/thumb/v7e-m/nofp/libc.a(lib_a-atexit.o)
 .debug_line    0x00000000000000c0       0xed /usr/lib/gcc/arm-none-eabi/10.3.1/../../../arm-none-eabi/lib/thumb/v7e-m/nofp/libc.a(lib_a-fini.o)
 .debug_line    0x00000000000001ad       0xe4 /usr/lib/gcc/arm-none-eabi/10.3.1/../../../arm-none-eabi/lib/thumb/v7e-m/nofp/libc.a(lib_a-impure.o)
 .debug_line    0x0000000000000291      0x138 /usr/lib/gcc/arm-none-eabi/10.3.1/../../../arm-none-eabi/lib/thumb/v7e-m/nofp/libc.a(lib_a-init.o)
 .debug_line    0x00000000000003c9      0x1bf /usr/lib/gcc/arm-none-eabi/10.3.1/../../../arm-none-eabi/lib/thumb/v7e-m/nofp/libc.a(lib_a-memset.o)
 .debug_line    0x0000000000000588      0x19e /usr/lib/gcc/arm-none-eabi/10.3.1/../../../arm-none-eabi/lib/thumb/v7e-m/nofp/libc.a(lib_a-__atexit.o)
 .debug_line    0x0000000000000726      0x294 /usr/lib/gcc/arm-none-eabi/10.3.1/../../../arm-none-eabi/lib/thumb/v7e-m/nofp/libc.a(lib_a-__call_atexit.o)
 .debug_line    0x00000000000009ba       0x60 /usr/lib/gcc/arm-none-eabi/10.3.1/thumb/v7e-m/nofp/libgcc.a(_aeabi_uldivmod.o)
 .debug_line    0x0000000000000a1a      0x5b4 /usr/lib/gcc/arm-none-eabi/10.3.1/thumb/v7e-m/nofp/libgcc.a(_udivmoddi4.o)
 .debug_line    0x0000000000000fce       0x60 /usr/lib/gcc/arm-none-eabi/10.3.1/thumb/v7e-m/nofp/libgcc.a(_dvmd_tls.o)

.debug_str      0x0000000000000000      0xec8
 .debug_str     0x0000000000000000      0x19e /usr/lib/gcc/arm-none-eabi/10.3.1/../../../arm-none-eabi/lib/thumb/v7e-m/nofp/libc.a(lib_a-atexit.o)
                                        0x1de (size before relaxing)
 .debug_str     0x000000000000019e       0xc5 /usr/lib/gcc/arm-none-eabi/10.3.1/../../../arm-none-eabi/lib/thumb/v7e-m/nofp/libc.a(lib_a-fini.o)
                                        0x1d6 (size before relaxing)
 .debug_str     0x0000000000000263      0x44a /usr/lib/gcc/arm-none-eabi/10.3.1/../../../arm-none-eabi/lib/thumb/v7e-m/nofp/libc.a(lib_a-impure.o)
                                        0x57c (size before relaxing)
 .debug_str     0x00000000000006ad       0x96 /usr/lib/gcc/arm-none-eabi/10.3.1/../../../arm-none-eabi/lib/thumb/v7e-m/nofp/libc.a(lib_a-init.o)
                                        0x200 (size before relaxing)
 .debug_str     0x0000000000000743       0xa9 /usr/lib/gcc/arm-none-eabi/10.3.1/../../../arm-none-eabi/lib/thumb/v7e-m/nofp/libc.a(lib_a-memset.o)
                                        0x1b5 (size before relaxing)
 .debug_str     0x00000000000007ec       0x36 /usr/lib/gcc/arm-none-eabi/10.3.1/../../../arm-none-eabi/lib/thumb/v7e-m/nofp/libc.a(lib_a-__atexit.o)
                                        0x5b6 (size before relaxing)
 .debug_str     0x0000000000000822       0x92 /usr/lib/gcc/arm-none-eabi/10.3.1/../../../arm-none-eabi/lib/thumb/v7e-m/nofp/libc.a(lib_a-__call_atexit.o)
                                        0x5e2 (size before relaxing)
 .debug_str     0x00000000000008b4       0xa3 /usr/lib/gcc/arm-none-eabi/10.3.1/thumb/v7e-m/nofp/libgcc.a(_aeabi_uldivmod.o)
 .debug_str     0x0000000000000957      0x541 /usr/lib/gcc/arm-none-eabi/10.3.1/thumb/v7e-m/nofp/libgcc.a(_udivmoddi4.o)
                                        0x641 (size before relaxing)
 .debug_str     0x0000000000000e98       0x30 /usr/lib/gcc/arm-none-eabi/10.3.1/thumb/v7e-m/nofp/libgcc.a(_dvmd_tls.o)
                                         0xa7 (size before relaxing)

.debug_frame    0x0000000000000000      0x190
 .debug_frame   0x0000000000000000       0x20 /usr/lib/gcc/arm-none-eabi/10.3.1/../../../arm-none-eabi/lib/thumb/v7e-m/nofp/libc.a(lib_a-atexit.o)
 .debug_frame   0x0000000000000020       0x34 /usr/lib/gcc/arm-none-eabi/10.3.1/../../../arm-none-eabi/lib/thumb/v7e-m/nofp/libc.a(lib_a-fini.o)
 .debug_frame   0x0000000000000054       0x2c /usr/lib/gcc/arm-none-eabi/10.3.1/../../../arm-none-eabi/lib/thumb/v7e-m/nofp/libc.a(lib_a-init.o)
 .debug_frame   0x0000000000000080       0x2c /usr/lib/gcc/arm-none-eabi/10.3.1/../../../arm-none-eabi/lib/thumb/v7e-m/nofp/libc.a(lib_a-memset.o)
 .debug_frame   0x00000000000000ac       0x34 /usr/lib/gcc/arm-none-eabi/10.3.1/../../../arm-none-eabi/lib/thumb/v7e-m/nofp/libc.a(lib_a-__atexit.o)
 .debug_frame   0x00000000000000e0       0x50 /usr/lib/gcc/arm-none-eabi/10.3.1/../../../arm-none-eabi/lib/thumb/v7e-m/nofp/libc.a(lib_a-__call_atexit.o)
 .debug_frame   0x0000000000000130       0x2c /usr/lib/gcc/arm-none-eabi/10.3.1/thumb/v7e-m/nofp/libgcc.a(_aeabi_uldivmod.o)
 .debug_frame   0x000000000000015c       0x34 /usr/lib/gcc/arm-none-eabi/10.3.1/thumb/v7e-m/nofp/libgcc.a(_udivmoddi4.o)

.debug_ranges   0x0000000000000000      0x138
 .debug_ranges  0x0000000000000000       0x50 /usr/lib/gcc/arm-none-eabi/10.3.1/../../../arm-none-eabi/lib/thumb/v7e-m/nofp/libc.a(lib_a-__call_atexit.o)
 .debug_ranges  0x0000000000000050       0xe8 /usr/lib/gcc/arm-none-eabi/10.3.1/thumb/v7e-m/nofp/libgcc.a(_udivmoddi4.o)

Cross Reference Table

Symbol                                            File
ADC_ConversionStop                                CMakeFiles/firmware.out.dir/Drivers/STM32WLxx_HAL_Driver/Src/stm32wlxx_hal_adc.c.obj
ADC_Disable                                       CMakeFiles/firmware.out.dir/Drivers/STM32WLxx_HAL_Driver/Src/stm32wlxx_hal_adc.c.obj
                                                  CMakeFiles/firmware.out.dir/Drivers/STM32WLxx_HAL_Driver/Src/stm32wlxx_hal_adc_ex.c.obj
ADC_Enable                                        CMakeFiles/firmware.out.dir/Drivers/STM32WLxx_HAL_Driver/Src/stm32wlxx_hal_adc.c.obj
ADC_IRQHandler                                    CMakeFiles/firmware.out.dir/startup_stm32wle5xx.s.obj
AES_IRQHandler                                    CMakeFiles/firmware.out.dir/startup_stm32wle5xx.s.obj
AHBPrescTable                                     CMakeFiles/firmware.out.dir/Core/Src/system_stm32wlxx.c.obj
                                                  CMakeFiles/firmware.out.dir/Drivers/STM32WLxx_HAL_Driver/Src/stm32wlxx_hal_rcc_ex.c.obj
                                                  CMakeFiles/firmware.out.dir/Drivers/STM32WLxx_HAL_Driver/Src/stm32wlxx_hal_rcc.c.obj
APBPrescTable                                     CMakeFiles/firmware.out.dir/Core/Src/system_stm32wlxx.c.obj
                                                  CMakeFiles/firmware.out.dir/Drivers/STM32WLxx_HAL_Driver/Src/stm32wlxx_hal_rcc_ex.c.obj
                                                  CMakeFiles/firmware.out.dir/Drivers/STM32WLxx_HAL_Driver/Src/stm32wlxx_hal_rcc.c.obj
BusFault_Handler                                  CMakeFiles/firmware.out.dir/Core/Src/stm32wlxx_it.c.obj
COMP_IRQHandler                                   CMakeFiles/firmware.out.dir/startup_stm32wle5xx.s.obj
DAC_IRQHandler                                    CMakeFiles/firmware.out.dir/startup_stm32wle5xx.s.obj
DMA1_Channel1_IRQHandler                          CMakeFiles/firmware.out.dir/startup_stm32wle5xx.s.obj
DMA1_Channel2_IRQHandler                          CMakeFiles/firmware.out.dir/startup_stm32wle5xx.s.obj
DMA1_Channel3_IRQHandler                          CMakeFiles/firmware.out.dir/startup_stm32wle5xx.s.obj
DMA1_Channel4_IRQHandler                          CMakeFiles/firmware.out.dir/startup_stm32wle5xx.s.obj
DMA1_Channel5_IRQHandler                          CMakeFiles/firmware.out.dir/startup_stm32wle5xx.s.obj
DMA1_Channel6_IRQHandler                          CMakeFiles/firmware.out.dir/startup_stm32wle5xx.s.obj
DMA1_Channel7_IRQHandler                          CMakeFiles/firmware.out.dir/startup_stm32wle5xx.s.obj
DMA2_Channel1_IRQHandler                          CMakeFiles/firmware.out.dir/startup_stm32wle5xx.s.obj
DMA2_Channel2_IRQHandler                          CMakeFiles/firmware.out.dir/startup_stm32wle5xx.s.obj
DMA2_Channel3_IRQHandler                          CMakeFiles/firmware.out.dir/startup_stm32wle5xx.s.obj
DMA2_Channel4_IRQHandler                          CMakeFiles/firmware.out.dir/startup_stm32wle5xx.s.obj
DMA2_Channel5_IRQHandler                          CMakeFiles/firmware.out.dir/startup_stm32wle5xx.s.obj
DMA2_Channel6_IRQHandler                          CMakeFiles/firmware.out.dir/startup_stm32wle5xx.s.obj
DMA2_Channel7_IRQHandler                          CMakeFiles/firmware.out.dir/startup_stm32wle5xx.s.obj
DMAMUX1_OVR_IRQHandler                            CMakeFiles/firmware.out.dir/startup_stm32wle5xx.s.obj
DebugMon_Handler                                  CMakeFiles/firmware.out.dir/Core/Src/stm32wlxx_it.c.obj
Default_Handler                                   CMakeFiles/firmware.out.dir/startup_stm32wle5xx.s.obj
EXTI0_IRQHandler                                  CMakeFiles/firmware.out.dir/startup_stm32wle5xx.s.obj
EXTI15_10_IRQHandler                              CMakeFiles/firmware.out.dir/startup_stm32wle5xx.s.obj
EXTI1_IRQHandler                                  CMakeFiles/firmware.out.dir/startup_stm32wle5xx.s.obj
EXTI2_IRQHandler                                  CMakeFiles/firmware.out.dir/startup_stm32wle5xx.s.obj
EXTI3_IRQHandler                                  CMakeFiles/firmware.out.dir/startup_stm32wle5xx.s.obj
EXTI4_IRQHandler                                  CMakeFiles/firmware.out.dir/startup_stm32wle5xx.s.obj
EXTI9_5_IRQHandler                                CMakeFiles/firmware.out.dir/startup_stm32wle5xx.s.obj
Error_Handler                                     CMakeFiles/firmware.out.dir/Core/Src/main.c.obj
                                                  CMakeFiles/firmware.out.dir/Core/Src/stm32wlxx_hal_msp.c.obj
FLASH_IRQHandler                                  CMakeFiles/firmware.out.dir/startup_stm32wle5xx.s.obj
FLASH_PageErase                                   CMakeFiles/firmware.out.dir/Drivers/STM32WLxx_HAL_Driver/Src/stm32wlxx_hal_flash_ex.c.obj
                                                  CMakeFiles/firmware.out.dir/Drivers/STM32WLxx_HAL_Driver/Src/stm32wlxx_hal_flash.c.obj
FLASH_WaitForLastOperation                        CMakeFiles/firmware.out.dir/Drivers/STM32WLxx_HAL_Driver/Src/stm32wlxx_hal_flash.c.obj
                                                  CMakeFiles/firmware.out.dir/Drivers/STM32WLxx_HAL_Driver/Src/stm32wlxx_hal_flash_ex.c.obj
HAL_ADCEx_Calibration_GetValue                    CMakeFiles/firmware.out.dir/Drivers/STM32WLxx_HAL_Driver/Src/stm32wlxx_hal_adc_ex.c.obj
HAL_ADCEx_Calibration_SetValue                    CMakeFiles/firmware.out.dir/Drivers/STM32WLxx_HAL_Driver/Src/stm32wlxx_hal_adc_ex.c.obj
HAL_ADCEx_Calibration_Start                       CMakeFiles/firmware.out.dir/Drivers/STM32WLxx_HAL_Driver/Src/stm32wlxx_hal_adc_ex.c.obj
HAL_ADCEx_ChannelConfigReadyCallback              CMakeFiles/firmware.out.dir/Drivers/STM32WLxx_HAL_Driver/Src/stm32wlxx_hal_adc_ex.c.obj
                                                  CMakeFiles/firmware.out.dir/Drivers/STM32WLxx_HAL_Driver/Src/stm32wlxx_hal_adc.c.obj
HAL_ADCEx_DisableVoltageRegulator                 CMakeFiles/firmware.out.dir/Drivers/STM32WLxx_HAL_Driver/Src/stm32wlxx_hal_adc_ex.c.obj
HAL_ADCEx_EndOfSamplingCallback                   CMakeFiles/firmware.out.dir/Drivers/STM32WLxx_HAL_Driver/Src/stm32wlxx_hal_adc_ex.c.obj
                                                  CMakeFiles/firmware.out.dir/Drivers/STM32WLxx_HAL_Driver/Src/stm32wlxx_hal_adc.c.obj
HAL_ADCEx_LevelOutOfWindow2Callback               CMakeFiles/firmware.out.dir/Drivers/STM32WLxx_HAL_Driver/Src/stm32wlxx_hal_adc_ex.c.obj
                                                  CMakeFiles/firmware.out.dir/Drivers/STM32WLxx_HAL_Driver/Src/stm32wlxx_hal_adc.c.obj
HAL_ADCEx_LevelOutOfWindow3Callback               CMakeFiles/firmware.out.dir/Drivers/STM32WLxx_HAL_Driver/Src/stm32wlxx_hal_adc_ex.c.obj
                                                  CMakeFiles/firmware.out.dir/Drivers/STM32WLxx_HAL_Driver/Src/stm32wlxx_hal_adc.c.obj
HAL_ADC_AnalogWDGConfig                           CMakeFiles/firmware.out.dir/Drivers/STM32WLxx_HAL_Driver/Src/stm32wlxx_hal_adc.c.obj
HAL_ADC_ConfigChannel                             CMakeFiles/firmware.out.dir/Drivers/STM32WLxx_HAL_Driver/Src/stm32wlxx_hal_adc.c.obj
HAL_ADC_ConvCpltCallback                          CMakeFiles/firmware.out.dir/Drivers/STM32WLxx_HAL_Driver/Src/stm32wlxx_hal_adc.c.obj
HAL_ADC_ConvHalfCpltCallback                      CMakeFiles/firmware.out.dir/Drivers/STM32WLxx_HAL_Driver/Src/stm32wlxx_hal_adc.c.obj
HAL_ADC_DeInit                                    CMakeFiles/firmware.out.dir/Drivers/STM32WLxx_HAL_Driver/Src/stm32wlxx_hal_adc.c.obj
HAL_ADC_ErrorCallback                             CMakeFiles/firmware.out.dir/Drivers/STM32WLxx_HAL_Driver/Src/stm32wlxx_hal_adc.c.obj
HAL_ADC_GetError                                  CMakeFiles/firmware.out.dir/Drivers/STM32WLxx_HAL_Driver/Src/stm32wlxx_hal_adc.c.obj
HAL_ADC_GetState                                  CMakeFiles/firmware.out.dir/Drivers/STM32WLxx_HAL_Driver/Src/stm32wlxx_hal_adc.c.obj
HAL_ADC_GetValue                                  CMakeFiles/firmware.out.dir/Drivers/STM32WLxx_HAL_Driver/Src/stm32wlxx_hal_adc.c.obj
HAL_ADC_IRQHandler                                CMakeFiles/firmware.out.dir/Drivers/STM32WLxx_HAL_Driver/Src/stm32wlxx_hal_adc.c.obj
HAL_ADC_Init                                      CMakeFiles/firmware.out.dir/Drivers/STM32WLxx_HAL_Driver/Src/stm32wlxx_hal_adc.c.obj
                                                  CMakeFiles/firmware.out.dir/Core/Src/main.c.obj
HAL_ADC_LevelOutOfWindowCallback                  CMakeFiles/firmware.out.dir/Drivers/STM32WLxx_HAL_Driver/Src/stm32wlxx_hal_adc.c.obj
HAL_ADC_MspDeInit                                 CMakeFiles/firmware.out.dir/Core/Src/stm32wlxx_hal_msp.c.obj
HAL_ADC_MspInit                                   CMakeFiles/firmware.out.dir/Core/Src/stm32wlxx_hal_msp.c.obj
HAL_ADC_PollForConversion                         CMakeFiles/firmware.out.dir/Drivers/STM32WLxx_HAL_Driver/Src/stm32wlxx_hal_adc.c.obj
HAL_ADC_PollForEvent                              CMakeFiles/firmware.out.dir/Drivers/STM32WLxx_HAL_Driver/Src/stm32wlxx_hal_adc.c.obj
HAL_ADC_Start                                     CMakeFiles/firmware.out.dir/Drivers/STM32WLxx_HAL_Driver/Src/stm32wlxx_hal_adc.c.obj
HAL_ADC_Start_DMA                                 CMakeFiles/firmware.out.dir/Drivers/STM32WLxx_HAL_Driver/Src/stm32wlxx_hal_adc.c.obj
HAL_ADC_Start_IT                                  CMakeFiles/firmware.out.dir/Drivers/STM32WLxx_HAL_Driver/Src/stm32wlxx_hal_adc.c.obj
HAL_ADC_Stop                                      CMakeFiles/firmware.out.dir/Drivers/STM32WLxx_HAL_Driver/Src/stm32wlxx_hal_adc.c.obj
HAL_ADC_Stop_DMA                                  CMakeFiles/firmware.out.dir/Drivers/STM32WLxx_HAL_Driver/Src/stm32wlxx_hal_adc.c.obj
HAL_ADC_Stop_IT                                   CMakeFiles/firmware.out.dir/Drivers/STM32WLxx_HAL_Driver/Src/stm32wlxx_hal_adc.c.obj
HAL_DBGMCU_DisableDBGSleepMode                    CMakeFiles/firmware.out.dir/Drivers/STM32WLxx_HAL_Driver/Src/stm32wlxx_hal.c.obj
HAL_DBGMCU_DisableDBGStandbyMode                  CMakeFiles/firmware.out.dir/Drivers/STM32WLxx_HAL_Driver/Src/stm32wlxx_hal.c.obj
HAL_DBGMCU_DisableDBGStopMode                     CMakeFiles/firmware.out.dir/Drivers/STM32WLxx_HAL_Driver/Src/stm32wlxx_hal.c.obj
HAL_DBGMCU_EnableDBGSleepMode                     CMakeFiles/firmware.out.dir/Drivers/STM32WLxx_HAL_Driver/Src/stm32wlxx_hal.c.obj
HAL_DBGMCU_EnableDBGStandbyMode                   CMakeFiles/firmware.out.dir/Drivers/STM32WLxx_HAL_Driver/Src/stm32wlxx_hal.c.obj
HAL_DBGMCU_EnableDBGStopMode                      CMakeFiles/firmware.out.dir/Drivers/STM32WLxx_HAL_Driver/Src/stm32wlxx_hal.c.obj
HAL_DMAEx_ConfigMuxRequestGenerator               CMakeFiles/firmware.out.dir/Drivers/STM32WLxx_HAL_Driver/Src/stm32wlxx_hal_dma_ex.c.obj
HAL_DMAEx_ConfigMuxSync                           CMakeFiles/firmware.out.dir/Drivers/STM32WLxx_HAL_Driver/Src/stm32wlxx_hal_dma_ex.c.obj
HAL_DMAEx_DisableMuxRequestGenerator              CMakeFiles/firmware.out.dir/Drivers/STM32WLxx_HAL_Driver/Src/stm32wlxx_hal_dma_ex.c.obj
HAL_DMAEx_EnableMuxRequestGenerator               CMakeFiles/firmware.out.dir/Drivers/STM32WLxx_HAL_Driver/Src/stm32wlxx_hal_dma_ex.c.obj
HAL_DMAEx_MUX_IRQHandler                          CMakeFiles/firmware.out.dir/Drivers/STM32WLxx_HAL_Driver/Src/stm32wlxx_hal_dma_ex.c.obj
HAL_DMA_Abort                                     CMakeFiles/firmware.out.dir/Drivers/STM32WLxx_HAL_Driver/Src/stm32wlxx_hal_dma.c.obj
                                                  CMakeFiles/firmware.out.dir/Drivers/STM32WLxx_HAL_Driver/Src/stm32wlxx_hal_uart.c.obj
                                                  CMakeFiles/firmware.out.dir/Drivers/STM32WLxx_HAL_Driver/Src/stm32wlxx_hal_spi.c.obj
                                                  CMakeFiles/firmware.out.dir/Drivers/STM32WLxx_HAL_Driver/Src/stm32wlxx_hal_adc.c.obj
HAL_DMA_Abort_IT                                  CMakeFiles/firmware.out.dir/Drivers/STM32WLxx_HAL_Driver/Src/stm32wlxx_hal_dma.c.obj
                                                  CMakeFiles/firmware.out.dir/Drivers/STM32WLxx_HAL_Driver/Src/stm32wlxx_hal_uart.c.obj
                                                  CMakeFiles/firmware.out.dir/Drivers/STM32WLxx_HAL_Driver/Src/stm32wlxx_hal_spi.c.obj
                                                  CMakeFiles/firmware.out.dir/Drivers/STM32WLxx_HAL_Driver/Src/stm32wlxx_hal_i2c.c.obj
HAL_DMA_DeInit                                    CMakeFiles/firmware.out.dir/Drivers/STM32WLxx_HAL_Driver/Src/stm32wlxx_hal_dma.c.obj
HAL_DMA_GetError                                  CMakeFiles/firmware.out.dir/Drivers/STM32WLxx_HAL_Driver/Src/stm32wlxx_hal_dma.c.obj
                                                  CMakeFiles/firmware.out.dir/Drivers/STM32WLxx_HAL_Driver/Src/stm32wlxx_hal_uart.c.obj
HAL_DMA_GetState                                  CMakeFiles/firmware.out.dir/Drivers/STM32WLxx_HAL_Driver/Src/stm32wlxx_hal_dma.c.obj
                                                  CMakeFiles/firmware.out.dir/Drivers/STM32WLxx_HAL_Driver/Src/stm32wlxx_hal_i2c.c.obj
HAL_DMA_IRQHandler                                CMakeFiles/firmware.out.dir/Drivers/STM32WLxx_HAL_Driver/Src/stm32wlxx_hal_dma.c.obj
HAL_DMA_Init                                      CMakeFiles/firmware.out.dir/Drivers/STM32WLxx_HAL_Driver/Src/stm32wlxx_hal_dma.c.obj
HAL_DMA_PollForTransfer                           CMakeFiles/firmware.out.dir/Drivers/STM32WLxx_HAL_Driver/Src/stm32wlxx_hal_dma.c.obj
HAL_DMA_RegisterCallback                          CMakeFiles/firmware.out.dir/Drivers/STM32WLxx_HAL_Driver/Src/stm32wlxx_hal_dma.c.obj
HAL_DMA_Start                                     CMakeFiles/firmware.out.dir/Drivers/STM32WLxx_HAL_Driver/Src/stm32wlxx_hal_dma.c.obj
HAL_DMA_Start_IT                                  CMakeFiles/firmware.out.dir/Drivers/STM32WLxx_HAL_Driver/Src/stm32wlxx_hal_dma.c.obj
                                                  CMakeFiles/firmware.out.dir/Drivers/STM32WLxx_HAL_Driver/Src/stm32wlxx_hal_uart.c.obj
                                                  CMakeFiles/firmware.out.dir/Drivers/STM32WLxx_HAL_Driver/Src/stm32wlxx_hal_spi.c.obj
                                                  CMakeFiles/firmware.out.dir/Drivers/STM32WLxx_HAL_Driver/Src/stm32wlxx_hal_i2c.c.obj
                                                  CMakeFiles/firmware.out.dir/Drivers/STM32WLxx_HAL_Driver/Src/stm32wlxx_hal_adc.c.obj
HAL_DMA_UnRegisterCallback                        CMakeFiles/firmware.out.dir/Drivers/STM32WLxx_HAL_Driver/Src/stm32wlxx_hal_dma.c.obj
HAL_DeInit                                        CMakeFiles/firmware.out.dir/Drivers/STM32WLxx_HAL_Driver/Src/stm32wlxx_hal.c.obj
HAL_Delay                                         CMakeFiles/firmware.out.dir/Drivers/STM32WLxx_HAL_Driver/Src/stm32wlxx_hal.c.obj
                                                  CMakeFiles/firmware.out.dir/source/application.cpp.obj
HAL_EXTI_ClearConfigLine                          CMakeFiles/firmware.out.dir/Drivers/STM32WLxx_HAL_Driver/Src/stm32wlxx_hal_exti.c.obj
HAL_EXTI_ClearPending                             CMakeFiles/firmware.out.dir/Drivers/STM32WLxx_HAL_Driver/Src/stm32wlxx_hal_exti.c.obj
HAL_EXTI_GenerateSWI                              CMakeFiles/firmware.out.dir/Drivers/STM32WLxx_HAL_Driver/Src/stm32wlxx_hal_exti.c.obj
HAL_EXTI_GetConfigLine                            CMakeFiles/firmware.out.dir/Drivers/STM32WLxx_HAL_Driver/Src/stm32wlxx_hal_exti.c.obj
HAL_EXTI_GetHandle                                CMakeFiles/firmware.out.dir/Drivers/STM32WLxx_HAL_Driver/Src/stm32wlxx_hal_exti.c.obj
HAL_EXTI_GetPending                               CMakeFiles/firmware.out.dir/Drivers/STM32WLxx_HAL_Driver/Src/stm32wlxx_hal_exti.c.obj
HAL_EXTI_IRQHandler                               CMakeFiles/firmware.out.dir/Drivers/STM32WLxx_HAL_Driver/Src/stm32wlxx_hal_exti.c.obj
HAL_EXTI_RegisterCallback                         CMakeFiles/firmware.out.dir/Drivers/STM32WLxx_HAL_Driver/Src/stm32wlxx_hal_exti.c.obj
HAL_EXTI_SetConfigLine                            CMakeFiles/firmware.out.dir/Drivers/STM32WLxx_HAL_Driver/Src/stm32wlxx_hal_exti.c.obj
HAL_FLASHEx_AllowOperation                        CMakeFiles/firmware.out.dir/Drivers/STM32WLxx_HAL_Driver/Src/stm32wlxx_hal_flash_ex.c.obj
HAL_FLASHEx_Erase                                 CMakeFiles/firmware.out.dir/Drivers/STM32WLxx_HAL_Driver/Src/stm32wlxx_hal_flash_ex.c.obj
HAL_FLASHEx_Erase_IT                              CMakeFiles/firmware.out.dir/Drivers/STM32WLxx_HAL_Driver/Src/stm32wlxx_hal_flash_ex.c.obj
HAL_FLASHEx_FlashEmptyCheck                       CMakeFiles/firmware.out.dir/Drivers/STM32WLxx_HAL_Driver/Src/stm32wlxx_hal_flash_ex.c.obj
HAL_FLASHEx_ForceFlashEmpty                       CMakeFiles/firmware.out.dir/Drivers/STM32WLxx_HAL_Driver/Src/stm32wlxx_hal_flash_ex.c.obj
HAL_FLASHEx_IsOperationSuspended                  CMakeFiles/firmware.out.dir/Drivers/STM32WLxx_HAL_Driver/Src/stm32wlxx_hal_flash_ex.c.obj
HAL_FLASHEx_OBGetConfig                           CMakeFiles/firmware.out.dir/Drivers/STM32WLxx_HAL_Driver/Src/stm32wlxx_hal_flash_ex.c.obj
HAL_FLASHEx_OBProgram                             CMakeFiles/firmware.out.dir/Drivers/STM32WLxx_HAL_Driver/Src/stm32wlxx_hal_flash_ex.c.obj
HAL_FLASHEx_SuspendOperation                      CMakeFiles/firmware.out.dir/Drivers/STM32WLxx_HAL_Driver/Src/stm32wlxx_hal_flash_ex.c.obj
HAL_FLASH_EndOfOperationCallback                  CMakeFiles/firmware.out.dir/Drivers/STM32WLxx_HAL_Driver/Src/stm32wlxx_hal_flash.c.obj
HAL_FLASH_GetError                                CMakeFiles/firmware.out.dir/Drivers/STM32WLxx_HAL_Driver/Src/stm32wlxx_hal_flash.c.obj
HAL_FLASH_IRQHandler                              CMakeFiles/firmware.out.dir/Drivers/STM32WLxx_HAL_Driver/Src/stm32wlxx_hal_flash.c.obj
HAL_FLASH_Lock                                    CMakeFiles/firmware.out.dir/Drivers/STM32WLxx_HAL_Driver/Src/stm32wlxx_hal_flash.c.obj
HAL_FLASH_OB_Launch                               CMakeFiles/firmware.out.dir/Drivers/STM32WLxx_HAL_Driver/Src/stm32wlxx_hal_flash.c.obj
HAL_FLASH_OB_Lock                                 CMakeFiles/firmware.out.dir/Drivers/STM32WLxx_HAL_Driver/Src/stm32wlxx_hal_flash.c.obj
HAL_FLASH_OB_Unlock                               CMakeFiles/firmware.out.dir/Drivers/STM32WLxx_HAL_Driver/Src/stm32wlxx_hal_flash.c.obj
HAL_FLASH_OperationErrorCallback                  CMakeFiles/firmware.out.dir/Drivers/STM32WLxx_HAL_Driver/Src/stm32wlxx_hal_flash.c.obj
HAL_FLASH_Program                                 CMakeFiles/firmware.out.dir/Drivers/STM32WLxx_HAL_Driver/Src/stm32wlxx_hal_flash.c.obj
HAL_FLASH_Program_IT                              CMakeFiles/firmware.out.dir/Drivers/STM32WLxx_HAL_Driver/Src/stm32wlxx_hal_flash.c.obj
HAL_FLASH_Unlock                                  CMakeFiles/firmware.out.dir/Drivers/STM32WLxx_HAL_Driver/Src/stm32wlxx_hal_flash.c.obj
HAL_GPIO_DeInit                                   CMakeFiles/firmware.out.dir/Drivers/STM32WLxx_HAL_Driver/Src/stm32wlxx_hal_gpio.c.obj
                                                  CMakeFiles/firmware.out.dir/Core/Src/stm32wlxx_hal_msp.c.obj
HAL_GPIO_EXTI_Callback                            CMakeFiles/firmware.out.dir/Drivers/STM32WLxx_HAL_Driver/Src/stm32wlxx_hal_gpio.c.obj
HAL_GPIO_EXTI_IRQHandler                          CMakeFiles/firmware.out.dir/Drivers/STM32WLxx_HAL_Driver/Src/stm32wlxx_hal_gpio.c.obj
HAL_GPIO_Init                                     CMakeFiles/firmware.out.dir/Drivers/STM32WLxx_HAL_Driver/Src/stm32wlxx_hal_gpio.c.obj
                                                  CMakeFiles/firmware.out.dir/Drivers/STM32WLxx_HAL_Driver/Src/stm32wlxx_hal_rcc.c.obj
                                                  CMakeFiles/firmware.out.dir/Core/Src/stm32wlxx_hal_msp.c.obj
                                                  CMakeFiles/firmware.out.dir/Core/Src/main.c.obj
HAL_GPIO_LockPin                                  CMakeFiles/firmware.out.dir/Drivers/STM32WLxx_HAL_Driver/Src/stm32wlxx_hal_gpio.c.obj
HAL_GPIO_ReadPin                                  CMakeFiles/firmware.out.dir/Drivers/STM32WLxx_HAL_Driver/Src/stm32wlxx_hal_gpio.c.obj
HAL_GPIO_TogglePin                                CMakeFiles/firmware.out.dir/Drivers/STM32WLxx_HAL_Driver/Src/stm32wlxx_hal_gpio.c.obj
HAL_GPIO_WriteMultipleStatePin                    CMakeFiles/firmware.out.dir/Drivers/STM32WLxx_HAL_Driver/Src/stm32wlxx_hal_gpio.c.obj
HAL_GPIO_WritePin                                 CMakeFiles/firmware.out.dir/Drivers/STM32WLxx_HAL_Driver/Src/stm32wlxx_hal_gpio.c.obj
                                                  CMakeFiles/firmware.out.dir/Core/Src/main.c.obj
HAL_GetDEVID                                      CMakeFiles/firmware.out.dir/Drivers/STM32WLxx_HAL_Driver/Src/stm32wlxx_hal.c.obj
HAL_GetHalVersion                                 CMakeFiles/firmware.out.dir/Drivers/STM32WLxx_HAL_Driver/Src/stm32wlxx_hal.c.obj
HAL_GetREVID                                      CMakeFiles/firmware.out.dir/Drivers/STM32WLxx_HAL_Driver/Src/stm32wlxx_hal.c.obj
HAL_GetTick                                       CMakeFiles/firmware.out.dir/Drivers/STM32WLxx_HAL_Driver/Src/stm32wlxx_hal.c.obj
                                                  CMakeFiles/firmware.out.dir/Drivers/STM32WLxx_HAL_Driver/Src/stm32wlxx_hal_uart_ex.c.obj
                                                  CMakeFiles/firmware.out.dir/Drivers/STM32WLxx_HAL_Driver/Src/stm32wlxx_hal_uart.c.obj
                                                  CMakeFiles/firmware.out.dir/Drivers/STM32WLxx_HAL_Driver/Src/stm32wlxx_hal_spi.c.obj
                                                  CMakeFiles/firmware.out.dir/Drivers/STM32WLxx_HAL_Driver/Src/stm32wlxx_hal_i2c.c.obj
                                                  CMakeFiles/firmware.out.dir/Drivers/STM32WLxx_HAL_Driver/Src/stm32wlxx_hal_dma.c.obj
                                                  CMakeFiles/firmware.out.dir/Drivers/STM32WLxx_HAL_Driver/Src/stm32wlxx_hal_flash.c.obj
                                                  CMakeFiles/firmware.out.dir/Drivers/STM32WLxx_HAL_Driver/Src/stm32wlxx_hal_rcc_ex.c.obj
                                                  CMakeFiles/firmware.out.dir/Drivers/STM32WLxx_HAL_Driver/Src/stm32wlxx_hal_rcc.c.obj
                                                  CMakeFiles/firmware.out.dir/Drivers/STM32WLxx_HAL_Driver/Src/stm32wlxx_hal_adc_ex.c.obj
                                                  CMakeFiles/firmware.out.dir/Drivers/STM32WLxx_HAL_Driver/Src/stm32wlxx_hal_adc.c.obj
HAL_GetTickFreq                                   CMakeFiles/firmware.out.dir/Drivers/STM32WLxx_HAL_Driver/Src/stm32wlxx_hal.c.obj
HAL_GetTickPrio                                   CMakeFiles/firmware.out.dir/Drivers/STM32WLxx_HAL_Driver/Src/stm32wlxx_hal.c.obj
HAL_GetUIDw0                                      CMakeFiles/firmware.out.dir/Drivers/STM32WLxx_HAL_Driver/Src/stm32wlxx_hal.c.obj
HAL_GetUIDw1                                      CMakeFiles/firmware.out.dir/Drivers/STM32WLxx_HAL_Driver/Src/stm32wlxx_hal.c.obj
HAL_GetUIDw2                                      CMakeFiles/firmware.out.dir/Drivers/STM32WLxx_HAL_Driver/Src/stm32wlxx_hal.c.obj
HAL_HalfDuplex_EnableReceiver                     CMakeFiles/firmware.out.dir/Drivers/STM32WLxx_HAL_Driver/Src/stm32wlxx_hal_uart.c.obj
HAL_HalfDuplex_EnableTransmitter                  CMakeFiles/firmware.out.dir/Drivers/STM32WLxx_HAL_Driver/Src/stm32wlxx_hal_uart.c.obj
HAL_HalfDuplex_Init                               CMakeFiles/firmware.out.dir/Drivers/STM32WLxx_HAL_Driver/Src/stm32wlxx_hal_uart.c.obj
HAL_I2CEx_ConfigAnalogFilter                      CMakeFiles/firmware.out.dir/Drivers/STM32WLxx_HAL_Driver/Src/stm32wlxx_hal_i2c_ex.c.obj
                                                  CMakeFiles/firmware.out.dir/Core/Src/main.c.obj
HAL_I2CEx_ConfigDigitalFilter                     CMakeFiles/firmware.out.dir/Drivers/STM32WLxx_HAL_Driver/Src/stm32wlxx_hal_i2c_ex.c.obj
                                                  CMakeFiles/firmware.out.dir/Core/Src/main.c.obj
HAL_I2CEx_DisableFastModePlus                     CMakeFiles/firmware.out.dir/Drivers/STM32WLxx_HAL_Driver/Src/stm32wlxx_hal_i2c_ex.c.obj
HAL_I2CEx_DisableWakeUp                           CMakeFiles/firmware.out.dir/Drivers/STM32WLxx_HAL_Driver/Src/stm32wlxx_hal_i2c_ex.c.obj
HAL_I2CEx_EnableFastModePlus                      CMakeFiles/firmware.out.dir/Drivers/STM32WLxx_HAL_Driver/Src/stm32wlxx_hal_i2c_ex.c.obj
HAL_I2CEx_EnableWakeUp                            CMakeFiles/firmware.out.dir/Drivers/STM32WLxx_HAL_Driver/Src/stm32wlxx_hal_i2c_ex.c.obj
HAL_I2C_AbortCpltCallback                         CMakeFiles/firmware.out.dir/Drivers/STM32WLxx_HAL_Driver/Src/stm32wlxx_hal_i2c.c.obj
HAL_I2C_AddrCallback                              CMakeFiles/firmware.out.dir/Drivers/STM32WLxx_HAL_Driver/Src/stm32wlxx_hal_i2c.c.obj
HAL_I2C_DeInit                                    CMakeFiles/firmware.out.dir/Drivers/STM32WLxx_HAL_Driver/Src/stm32wlxx_hal_i2c.c.obj
HAL_I2C_DisableListen_IT                          CMakeFiles/firmware.out.dir/Drivers/STM32WLxx_HAL_Driver/Src/stm32wlxx_hal_i2c.c.obj
HAL_I2C_ER_IRQHandler                             CMakeFiles/firmware.out.dir/Drivers/STM32WLxx_HAL_Driver/Src/stm32wlxx_hal_i2c.c.obj
HAL_I2C_EV_IRQHandler                             CMakeFiles/firmware.out.dir/Drivers/STM32WLxx_HAL_Driver/Src/stm32wlxx_hal_i2c.c.obj
HAL_I2C_EnableListen_IT                           CMakeFiles/firmware.out.dir/Drivers/STM32WLxx_HAL_Driver/Src/stm32wlxx_hal_i2c.c.obj
HAL_I2C_ErrorCallback                             CMakeFiles/firmware.out.dir/Drivers/STM32WLxx_HAL_Driver/Src/stm32wlxx_hal_i2c.c.obj
HAL_I2C_GetError                                  CMakeFiles/firmware.out.dir/Drivers/STM32WLxx_HAL_Driver/Src/stm32wlxx_hal_i2c.c.obj
HAL_I2C_GetMode                                   CMakeFiles/firmware.out.dir/Drivers/STM32WLxx_HAL_Driver/Src/stm32wlxx_hal_i2c.c.obj
HAL_I2C_GetState                                  CMakeFiles/firmware.out.dir/Drivers/STM32WLxx_HAL_Driver/Src/stm32wlxx_hal_i2c.c.obj
HAL_I2C_Init                                      CMakeFiles/firmware.out.dir/Drivers/STM32WLxx_HAL_Driver/Src/stm32wlxx_hal_i2c.c.obj
                                                  CMakeFiles/firmware.out.dir/Core/Src/main.c.obj
HAL_I2C_IsDeviceReady                             CMakeFiles/firmware.out.dir/Drivers/STM32WLxx_HAL_Driver/Src/stm32wlxx_hal_i2c.c.obj
HAL_I2C_ListenCpltCallback                        CMakeFiles/firmware.out.dir/Drivers/STM32WLxx_HAL_Driver/Src/stm32wlxx_hal_i2c.c.obj
HAL_I2C_MasterRxCpltCallback                      CMakeFiles/firmware.out.dir/Drivers/STM32WLxx_HAL_Driver/Src/stm32wlxx_hal_i2c.c.obj
HAL_I2C_MasterTxCpltCallback                      CMakeFiles/firmware.out.dir/Drivers/STM32WLxx_HAL_Driver/Src/stm32wlxx_hal_i2c.c.obj
HAL_I2C_Master_Abort_IT                           CMakeFiles/firmware.out.dir/Drivers/STM32WLxx_HAL_Driver/Src/stm32wlxx_hal_i2c.c.obj
HAL_I2C_Master_Receive                            CMakeFiles/firmware.out.dir/Drivers/STM32WLxx_HAL_Driver/Src/stm32wlxx_hal_i2c.c.obj
HAL_I2C_Master_Receive_DMA                        CMakeFiles/firmware.out.dir/Drivers/STM32WLxx_HAL_Driver/Src/stm32wlxx_hal_i2c.c.obj
HAL_I2C_Master_Receive_IT                         CMakeFiles/firmware.out.dir/Drivers/STM32WLxx_HAL_Driver/Src/stm32wlxx_hal_i2c.c.obj
HAL_I2C_Master_Seq_Receive_DMA                    CMakeFiles/firmware.out.dir/Drivers/STM32WLxx_HAL_Driver/Src/stm32wlxx_hal_i2c.c.obj
HAL_I2C_Master_Seq_Receive_IT                     CMakeFiles/firmware.out.dir/Drivers/STM32WLxx_HAL_Driver/Src/stm32wlxx_hal_i2c.c.obj
HAL_I2C_Master_Seq_Transmit_DMA                   CMakeFiles/firmware.out.dir/Drivers/STM32WLxx_HAL_Driver/Src/stm32wlxx_hal_i2c.c.obj
HAL_I2C_Master_Seq_Transmit_IT                    CMakeFiles/firmware.out.dir/Drivers/STM32WLxx_HAL_Driver/Src/stm32wlxx_hal_i2c.c.obj
HAL_I2C_Master_Transmit                           CMakeFiles/firmware.out.dir/Drivers/STM32WLxx_HAL_Driver/Src/stm32wlxx_hal_i2c.c.obj
HAL_I2C_Master_Transmit_DMA                       CMakeFiles/firmware.out.dir/Drivers/STM32WLxx_HAL_Driver/Src/stm32wlxx_hal_i2c.c.obj
HAL_I2C_Master_Transmit_IT                        CMakeFiles/firmware.out.dir/Drivers/STM32WLxx_HAL_Driver/Src/stm32wlxx_hal_i2c.c.obj
HAL_I2C_MemRxCpltCallback                         CMakeFiles/firmware.out.dir/Drivers/STM32WLxx_HAL_Driver/Src/stm32wlxx_hal_i2c.c.obj
HAL_I2C_MemTxCpltCallback                         CMakeFiles/firmware.out.dir/Drivers/STM32WLxx_HAL_Driver/Src/stm32wlxx_hal_i2c.c.obj
HAL_I2C_Mem_Read                                  CMakeFiles/firmware.out.dir/Drivers/STM32WLxx_HAL_Driver/Src/stm32wlxx_hal_i2c.c.obj
HAL_I2C_Mem_Read_DMA                              CMakeFiles/firmware.out.dir/Drivers/STM32WLxx_HAL_Driver/Src/stm32wlxx_hal_i2c.c.obj
HAL_I2C_Mem_Read_IT                               CMakeFiles/firmware.out.dir/Drivers/STM32WLxx_HAL_Driver/Src/stm32wlxx_hal_i2c.c.obj
HAL_I2C_Mem_Write                                 CMakeFiles/firmware.out.dir/Drivers/STM32WLxx_HAL_Driver/Src/stm32wlxx_hal_i2c.c.obj
HAL_I2C_Mem_Write_DMA                             CMakeFiles/firmware.out.dir/Drivers/STM32WLxx_HAL_Driver/Src/stm32wlxx_hal_i2c.c.obj
HAL_I2C_Mem_Write_IT                              CMakeFiles/firmware.out.dir/Drivers/STM32WLxx_HAL_Driver/Src/stm32wlxx_hal_i2c.c.obj
HAL_I2C_MspDeInit                                 CMakeFiles/firmware.out.dir/Core/Src/stm32wlxx_hal_msp.c.obj
HAL_I2C_MspInit                                   CMakeFiles/firmware.out.dir/Core/Src/stm32wlxx_hal_msp.c.obj
HAL_I2C_SlaveRxCpltCallback                       CMakeFiles/firmware.out.dir/Drivers/STM32WLxx_HAL_Driver/Src/stm32wlxx_hal_i2c.c.obj
HAL_I2C_SlaveTxCpltCallback                       CMakeFiles/firmware.out.dir/Drivers/STM32WLxx_HAL_Driver/Src/stm32wlxx_hal_i2c.c.obj
HAL_I2C_Slave_Receive                             CMakeFiles/firmware.out.dir/Drivers/STM32WLxx_HAL_Driver/Src/stm32wlxx_hal_i2c.c.obj