Archive member included to satisfy reference by file (symbol)

/usr/lib/gcc/arm-none-eabi/10.3.1/../../../arm-none-eabi/lib/thumb/v7e-m/nofp/libc.a(lib_a-atexit.o)
                              /usr/lib/gcc/arm-none-eabi/10.3.1/../../../arm-none-eabi/lib/thumb/v7e-m/nofp/crt0.o (atexit)
/usr/lib/gcc/arm-none-eabi/10.3.1/../../../arm-none-eabi/lib/thumb/v7e-m/nofp/libc.a(lib_a-exit.o)
                              /usr/lib/gcc/arm-none-eabi/10.3.1/../../../arm-none-eabi/lib/thumb/v7e-m/nofp/crt0.o (exit)
/usr/lib/gcc/arm-none-eabi/10.3.1/../../../arm-none-eabi/lib/thumb/v7e-m/nofp/libc.a(lib_a-fini.o)
                              /usr/lib/gcc/arm-none-eabi/10.3.1/../../../arm-none-eabi/lib/thumb/v7e-m/nofp/crt0.o (__libc_fini_array)
/usr/lib/gcc/arm-none-eabi/10.3.1/../../../arm-none-eabi/lib/thumb/v7e-m/nofp/libc.a(lib_a-impure.o)
                              /usr/lib/gcc/arm-none-eabi/10.3.1/../../../arm-none-eabi/lib/thumb/v7e-m/nofp/libc.a(lib_a-exit.o) (_global_impure_ptr)
/usr/lib/gcc/arm-none-eabi/10.3.1/../../../arm-none-eabi/lib/thumb/v7e-m/nofp/libc.a(lib_a-init.o)
                              /usr/lib/gcc/arm-none-eabi/10.3.1/../../../arm-none-eabi/lib/thumb/v7e-m/nofp/crt0.o (__libc_init_array)
/usr/lib/gcc/arm-none-eabi/10.3.1/../../../arm-none-eabi/lib/thumb/v7e-m/nofp/libc.a(lib_a-memset.o)
                              /usr/lib/gcc/arm-none-eabi/10.3.1/../../../arm-none-eabi/lib/thumb/v7e-m/nofp/crt0.o (memset)
/usr/lib/gcc/arm-none-eabi/10.3.1/../../../arm-none-eabi/lib/thumb/v7e-m/nofp/libc.a(lib_a-sprintf.o)
                              CMakeFiles/firmware.out.dir/Core/Src/main.cpp.obj (sprintf)
/usr/lib/gcc/arm-none-eabi/10.3.1/../../../arm-none-eabi/lib/thumb/v7e-m/nofp/libc.a(lib_a-strlen.o)
                              CMakeFiles/firmware.out.dir/Core/Src/main.cpp.obj (strlen)
/usr/lib/gcc/arm-none-eabi/10.3.1/../../../arm-none-eabi/lib/thumb/v7e-m/nofp/libc.a(lib_a-svfprintf.o)
                              /usr/lib/gcc/arm-none-eabi/10.3.1/../../../arm-none-eabi/lib/thumb/v7e-m/nofp/libc.a(lib_a-sprintf.o) (_svfprintf_r)
/usr/lib/gcc/arm-none-eabi/10.3.1/../../../arm-none-eabi/lib/thumb/v7e-m/nofp/libc.a(lib_a-__atexit.o)
                              /usr/lib/gcc/arm-none-eabi/10.3.1/../../../arm-none-eabi/lib/thumb/v7e-m/nofp/libc.a(lib_a-atexit.o) (__register_exitproc)
/usr/lib/gcc/arm-none-eabi/10.3.1/../../../arm-none-eabi/lib/thumb/v7e-m/nofp/libc.a(lib_a-__call_atexit.o)
                              /usr/lib/gcc/arm-none-eabi/10.3.1/../../../arm-none-eabi/lib/thumb/v7e-m/nofp/libc.a(lib_a-exit.o) (__call_exitprocs)
/usr/lib/gcc/arm-none-eabi/10.3.1/../../../arm-none-eabi/lib/thumb/v7e-m/nofp/libc.a(lib_a-dtoa.o)
                              /usr/lib/gcc/arm-none-eabi/10.3.1/../../../arm-none-eabi/lib/thumb/v7e-m/nofp/libc.a(lib_a-svfprintf.o) (_dtoa_r)
/usr/lib/gcc/arm-none-eabi/10.3.1/../../../arm-none-eabi/lib/thumb/v7e-m/nofp/libc.a(lib_a-localeconv.o)
                              /usr/lib/gcc/arm-none-eabi/10.3.1/../../../arm-none-eabi/lib/thumb/v7e-m/nofp/libc.a(lib_a-svfprintf.o) (_localeconv_r)
/usr/lib/gcc/arm-none-eabi/10.3.1/../../../arm-none-eabi/lib/thumb/v7e-m/nofp/libc.a(lib_a-mallocr.o)
                              /usr/lib/gcc/arm-none-eabi/10.3.1/../../../arm-none-eabi/lib/thumb/v7e-m/nofp/libc.a(lib_a-svfprintf.o) (_malloc_r)
/usr/lib/gcc/arm-none-eabi/10.3.1/../../../arm-none-eabi/lib/thumb/v7e-m/nofp/libc.a(lib_a-memchr.o)
                              /usr/lib/gcc/arm-none-eabi/10.3.1/../../../arm-none-eabi/lib/thumb/v7e-m/nofp/libc.a(lib_a-svfprintf.o) (memchr)
/usr/lib/gcc/arm-none-eabi/10.3.1/../../../arm-none-eabi/lib/thumb/v7e-m/nofp/libc.a(lib_a-memcpy.o)
                              /usr/lib/gcc/arm-none-eabi/10.3.1/../../../arm-none-eabi/lib/thumb/v7e-m/nofp/libc.a(lib_a-dtoa.o) (memcpy)
/usr/lib/gcc/arm-none-eabi/10.3.1/../../../arm-none-eabi/lib/thumb/v7e-m/nofp/libc.a(lib_a-mlock.o)
                              /usr/lib/gcc/arm-none-eabi/10.3.1/../../../arm-none-eabi/lib/thumb/v7e-m/nofp/libc.a(lib_a-mallocr.o) (__malloc_lock)
/usr/lib/gcc/arm-none-eabi/10.3.1/../../../arm-none-eabi/lib/thumb/v7e-m/nofp/libc.a(lib_a-mprec.o)
                              /usr/lib/gcc/arm-none-eabi/10.3.1/../../../arm-none-eabi/lib/thumb/v7e-m/nofp/libc.a(lib_a-dtoa.o) (_Balloc)
/usr/lib/gcc/arm-none-eabi/10.3.1/../../../arm-none-eabi/lib/thumb/v7e-m/nofp/libc.a(lib_a-sbrkr.o)
                              /usr/lib/gcc/arm-none-eabi/10.3.1/../../../arm-none-eabi/lib/thumb/v7e-m/nofp/libc.a(lib_a-mallocr.o) (_sbrk_r)
/usr/lib/gcc/arm-none-eabi/10.3.1/../../../arm-none-eabi/lib/thumb/v7e-m/nofp/libc.a(lib_a-svfiprintf.o)
                              /usr/lib/gcc/arm-none-eabi/10.3.1/../../../arm-none-eabi/lib/thumb/v7e-m/nofp/libc.a(lib_a-svfprintf.o) (__ssprint_r)
/usr/lib/gcc/arm-none-eabi/10.3.1/../../../arm-none-eabi/lib/thumb/v7e-m/nofp/libc.a(lib_a-assert.o)
[...]
Memory Configuration

Name             Origin             Length             Attributes
ROM              0x0000000008000000 0x0000000000040000 xr
RAM1             0x0000000020000000 0x0000000000008000 xrw
RAM2             0x0000000020008000 0x0000000000008000 xrw
*default*        0x0000000000000000 0xffffffffffffffff

Linker script and memory map

LOAD /usr/lib/gcc/arm-none-eabi/10.3.1/thumb/v7e-m/nofp/crti.o
LOAD /usr/lib/gcc/arm-none-eabi/10.3.1/thumb/v7e-m/nofp/crtbegin.o
LOAD /usr/lib/gcc/arm-none-eabi/10.3.1/../../../arm-none-eabi/lib/thumb/v7e-m/nofp/crt0.o
LOAD /usr/lib/gcc/arm-none-eabi/10.3.1/../../../arm-none-eabi/lib/thumb/v7e-m/nofp/libnosys.a
LOAD CMakeFiles/firmware.out.dir/Core/Src/main.cpp.obj
LOAD CMakeFiles/firmware.out.dir/Core/Src/stm32wlxx_it.c.obj
LOAD CMakeFiles/firmware.out.dir/Core/Src/stm32wlxx_hal_msp.c.obj
LOAD CMakeFiles/firmware.out.dir/Drivers/STM32WLxx_HAL_Driver/Src/stm32wlxx_hal_adc.c.obj
LOAD CMakeFiles/firmware.out.dir/Drivers/STM32WLxx_HAL_Driver/Src/stm32wlxx_hal_adc_ex.c.obj
LOAD CMakeFiles/firmware.out.dir/Drivers/STM32WLxx_HAL_Driver/Src/stm32wlxx_ll_adc.c.obj
LOAD CMakeFiles/firmware.out.dir/Drivers/STM32WLxx_HAL_Driver/Src/stm32wlxx_hal_rcc.c.obj
LOAD CMakeFiles/firmware.out.dir/Drivers/STM32WLxx_HAL_Driver/Src/stm32wlxx_hal_rcc_ex.c.obj
LOAD CMakeFiles/firmware.out.dir/Drivers/STM32WLxx_HAL_Driver/Src/stm32wlxx_hal_flash.c.obj
LOAD CMakeFiles/firmware.out.dir/Drivers/STM32WLxx_HAL_Driver/Src/stm32wlxx_hal_flash_ex.c.obj
LOAD CMakeFiles/firmware.out.dir/Drivers/STM32WLxx_HAL_Driver/Src/stm32wlxx_hal_gpio.c.obj
LOAD CMakeFiles/firmware.out.dir/Drivers/STM32WLxx_HAL_Driver/Src/stm32wlxx_hal_dma.c.obj
LOAD CMakeFiles/firmware.out.dir/Drivers/STM32WLxx_HAL_Driver/Src/stm32wlxx_hal_dma_ex.c.obj
LOAD CMakeFiles/firmware.out.dir/Drivers/STM32WLxx_HAL_Driver/Src/stm32wlxx_hal_pwr.c.obj
LOAD CMakeFiles/firmware.out.dir/Drivers/STM32WLxx_HAL_Driver/Src/stm32wlxx_hal_pwr_ex.c.obj
LOAD CMakeFiles/firmware.out.dir/Drivers/STM32WLxx_HAL_Driver/Src/stm32wlxx_hal_cortex.c.obj
LOAD CMakeFiles/firmware.out.dir/Drivers/STM32WLxx_HAL_Driver/Src/stm32wlxx_hal.c.obj
LOAD CMakeFiles/firmware.out.dir/Drivers/STM32WLxx_HAL_Driver/Src/stm32wlxx_hal_exti.c.obj
LOAD CMakeFiles/firmware.out.dir/Drivers/STM32WLxx_HAL_Driver/Src/stm32wlxx_hal_i2c.c.obj
LOAD CMakeFiles/firmware.out.dir/Drivers/STM32WLxx_HAL_Driver/Src/stm32wlxx_hal_i2c_ex.c.obj
LOAD CMakeFiles/firmware.out.dir/Drivers/STM32WLxx_HAL_Driver/Src/stm32wlxx_hal_spi.c.obj
LOAD CMakeFiles/firmware.out.dir/Drivers/STM32WLxx_HAL_Driver/Src/stm32wlxx_hal_spi_ex.c.obj
LOAD CMakeFiles/firmware.out.dir/Drivers/STM32WLxx_HAL_Driver/Src/stm32wlxx_hal_tim.c.obj
LOAD CMakeFiles/firmware.out.dir/Drivers/STM32WLxx_HAL_Driver/Src/stm32wlxx_hal_tim_ex.c.obj
LOAD CMakeFiles/firmware.out.dir/Drivers/STM32WLxx_HAL_Driver/Src/stm32wlxx_hal_uart.c.obj
LOAD CMakeFiles/firmware.out.dir/Drivers/STM32WLxx_HAL_Driver/Src/stm32wlxx_hal_uart_ex.c.obj
LOAD CMakeFiles/firmware.out.dir/Core/Src/system_stm32wlxx.c.obj
LOAD CMakeFiles/firmware.out.dir/startup_stm32wle5xx.s.obj
LOAD CMakeFiles/firmware.out.dir/source/application.cpp.obj
LOAD CMakeFiles/firmware.out.dir/source/digitalIO.cpp.obj
LOAD /usr/lib/gcc/arm-none-eabi/10.3.1/../../../arm-none-eabi/lib/thumb/v7e-m/nofp/libstdc++.a
LOAD /usr/lib/gcc/arm-none-eabi/10.3.1/../../../arm-none-eabi/lib/thumb/v7e-m/nofp/libm.a
LOAD /usr/lib/gcc/arm-none-eabi/10.3.1/../../../arm-none-eabi/lib/thumb/v7e-m/nofp/libc.a
START GROUP
LOAD /usr/lib/gcc/arm-none-eabi/10.3.1/thumb/v7e-m/nofp/libgcc.a
LOAD /usr/lib/gcc/arm-none-eabi/10.3.1/../../../arm-none-eabi/lib/thumb/v7e-m/nofp/libc.a
END GROUP
START GROUP
LOAD /usr/lib/gcc/arm-none-eabi/10.3.1/thumb/v7e-m/nofp/libgcc.a
LOAD /usr/lib/gcc/arm-none-eabi/10.3.1/../../../arm-none-eabi/lib/thumb/v7e-m/nofp/libc.a
LOAD /usr/lib/gcc/arm-none-eabi/10.3.1/../../../arm-none-eabi/lib/thumb/v7e-m/nofp/libnosys.a
END GROUP
LOAD /usr/lib/gcc/arm-none-eabi/10.3.1/thumb/v7e-m/nofp/crtend.o
LOAD /usr/lib/gcc/arm-none-eabi/10.3.1/thumb/v7e-m/nofp/crtn.o
                0x0000000020008000                _estack = (ORIGIN (RAM1) + LENGTH (RAM1))
                0x0000000000000200                _Min_Heap_Size = 0x200
                0x0000000000000400                _Min_Stack_Size = 0x400

.isr_vector     0x0000000008000000      0x138
                0x0000000008000000                . = ALIGN (0x8)
 *(.isr_vector)
 .isr_vector    0x0000000008000000      0x138 CMakeFiles/firmware.out.dir/startup_stm32wle5xx.s.obj
                0x0000000008000000                g_pfnVectors
                0x0000000008000138                . = ALIGN (0x8)

.text           0x0000000008000140     0xd2c8
                0x0000000008000140                . = ALIGN (0x8)
 *(.text)
 .text          0x0000000008000140       0x88 /usr/lib/gcc/arm-none-eabi/10.3.1/thumb/v7e-m/nofp/crtbegin.o
 .text          0x00000000080001c8        0xc /usr/lib/gcc/arm-none-eabi/10.3.1/../../../arm-none-eabi/lib/thumb/v7e-m/nofp/libc.a(lib_a-atexit.o)
                0x00000000080001c8                atexit
 .text          0x00000000080001d4       0x2c /usr/lib/gcc/arm-none-eabi/10.3.1/../../../arm-none-eabi/lib/thumb/v7e-m/nofp/libc.a(lib_a-fini.o)
                0x00000000080001d4                __libc_fini_array
 .text          0x0000000008000200       0x48 /usr/lib/gcc/arm-none-eabi/10.3.1/../../../arm-none-eabi/lib/thumb/v7e-m/nofp/libc.a(lib_a-init.o)
                0x0000000008000200                __libc_init_array
 .text          0x0000000008000248       0xa4 /usr/lib/gcc/arm-none-eabi/10.3.1/../../../arm-none-eabi/lib/thumb/v7e-m/nofp/libc.a(lib_a-memset.o)
                0x0000000008000248                memset
 .text          0x00000000080002ec       0x78 /usr/lib/gcc/arm-none-eabi/10.3.1/../../../arm-none-eabi/lib/thumb/v7e-m/nofp/libc.a(lib_a-sprintf.o)
                0x00000000080002ec                _sprintf_r
                0x0000000008000324                sprintf
 *fill*         0x0000000008000364       0x1c 
 .text          0x0000000008000380       0xdc /usr/lib/gcc/arm-none-eabi/10.3.1/../../../arm-none-eabi/lib/thumb/v7e-m/nofp/libc.a(lib_a-strlen.o)
                0x0000000008000380                strlen
 .text          0x000000000800045c     0x1458 /usr/lib/gcc/arm-none-eabi/10.3.1/../../../arm-none-eabi/lib/thumb/v7e-m/nofp/libc.a(lib_a-svfprintf.o)
                0x000000000800045c                _svfprintf_r
 .text          0x00000000080018b4       0x68 /usr/lib/gcc/arm-none-eabi/10.3.1/../../../arm-none-eabi/lib/thumb/v7e-m/nofp/libc.a(lib_a-__atexit.o)
                0x00000000080018b4                __register_exitproc
 *fill*         0x000000000800191c        0x4 
 .text          0x0000000008001920      0xfe4 /usr/lib/gcc/arm-none-eabi/10.3.1/../../../arm-none-eabi/lib/thumb/v7e-m/nofp/libc.a(lib_a-dtoa.o)
                0x0000000008001a44                _dtoa_r
 .text          0x0000000008002904       0x14 /usr/lib/gcc/arm-none-eabi/10.3.1/../../../arm-none-eabi/lib/thumb/v7e-m/nofp/libc.a(lib_a-localeconv.o)
                0x0000000008002904                __localeconv_l
                0x0000000008002908                _localeconv_r
                0x0000000008002910                localeconv
 .text          0x0000000008002918      0x554 /usr/lib/gcc/arm-none-eabi/10.3.1/../../../arm-none-eabi/lib/thumb/v7e-m/nofp/libc.a(lib_a-mallocr.o)
                0x0000000008002918                _malloc_r
 *fill*         0x0000000008002e6c        0x4 
 .text          0x0000000008002e70       0xa0 /usr/lib/gcc/arm-none-eabi/10.3.1/../../../arm-none-eabi/lib/thumb/v7e-m/nofp/libc.a(lib_a-memchr.o)
                0x0000000008002e70                memchr
 .text          0x0000000008002f10      0x134 /usr/lib/gcc/arm-none-eabi/10.3.1/../../../arm-none-eabi/lib/thumb/v7e-m/nofp/libc.a(lib_a-memcpy.o)
                0x0000000008002f10                memcpy
 .text          0x0000000008003044        0x8 /usr/lib/gcc/arm-none-eabi/10.3.1/../../../arm-none-eabi/lib/thumb/v7e-m/nofp/libc.a(lib_a-mlock.o)
                0x0000000008003044                __malloc_lock
                0x0000000008003048                __malloc_unlock
 .text          0x000000000800304c      0xa6c /usr/lib/gcc/arm-none-eabi/10.3.1/../../../arm-none-eabi/lib/thumb/v7e-m/nofp/libc.a(lib_a-mprec.o)
                0x000000000800304c                _Balloc
                0x0000000008003098                _Bfree
                0x00000000080030ac                __multadd
                0x000000000800314c                __s2b
                0x0000000008003200                __hi0bits
                0x0000000008003240                __lo0bits
                0x000000000800329c                __i2b
                0x00000000080032f8                __multiply
                0x0000000008003454                __pow5mult
                0x0000000008003514                __lshift
                0x0000000008003604                __mcmp
                0x0000000008003644                __mdiff
                0x0000000008003790                __ulp
                0x00000000080037d4                __b2d
                0x00000000080038a4                __d2b
                0x0000000008003968                __ratio
                0x00000000080039c4                _mprec_log10
                0x00000000080039fc                __copybits
                0x0000000008003a58                __any_on
 .text          0x0000000008003ab8       0x24 /usr/lib/gcc/arm-none-eabi/10.3.1/../../../arm-none-eabi/lib/thumb/v7e-m/nofp/libc.a(lib_a-sbrkr.o)
                0x0000000008003ab8                _sbrk_r
 .text          0x0000000008003adc      0xb54 /usr/lib/gcc/arm-none-eabi/10.3.1/../../../arm-none-eabi/lib/thumb/v7e-m/nofp/libc.a(lib_a-svfiprintf.o)
                0x0000000008003adc                __ssprint_r
                0x0000000008003bd4                _svfiprintf_r
 .text          0x0000000008004630       0x4c /usr/lib/gcc/arm-none-eabi/10.3.1/../../../arm-none-eabi/lib/thumb/v7e-m/nofp/libc.a(lib_a-assert.o)
                0x0000000008004630                __assert_func
                0x0000000008004670                __assert
 .text          0x000000000800467c       0x60 /usr/lib/gcc/arm-none-eabi/10.3.1/../../../arm-none-eabi/lib/thumb/v7e-m/nofp/libc.a(lib_a-callocr.o)
                0x000000000800467c                _calloc_r
 .text          0x00000000080046dc       0x44 /usr/lib/gcc/arm-none-eabi/10.3.1/../../../arm-none-eabi/lib/thumb/v7e-m/nofp/libc.a(lib_a-fiprintf.o)
                0x00000000080046dc                _fiprintf_r
                0x00000000080046f8                fiprintf
 .text          0x0000000008004720      0x2ac /usr/lib/gcc/arm-none-eabi/10.3.1/../../../arm-none-eabi/lib/thumb/v7e-m/nofp/libc.a(lib_a-freer.o)
                0x0000000008004720                _malloc_trim_r
                0x00000000080047c0                _free_r
 .text          0x00000000080049cc       0x8c /usr/lib/gcc/arm-none-eabi/10.3.1/../../../arm-none-eabi/lib/thumb/v7e-m/nofp/libc.a(lib_a-locale.o)
                0x00000000080049cc                _setlocale_r
                0x0000000008004a0c                __locale_mb_cur_max
                0x0000000008004a18                setlocale
 .text          0x0000000008004a58       0x40 /usr/lib/gcc/arm-none-eabi/10.3.1/../../../arm-none-eabi/lib/thumb/v7e-m/nofp/libc.a(lib_a-mbtowc_r.o)
                0x0000000008004a58                _mbtowc_r
                0x0000000008004a6c                __ascii_mbtowc
 .text          0x0000000008004a98       0xf8 /usr/lib/gcc/arm-none-eabi/10.3.1/../../../arm-none-eabi/lib/thumb/v7e-m/nofp/libc.a(lib_a-memmove.o)
                0x0000000008004a98                memmove
 .text          0x0000000008004b90      0x3d8 /usr/lib/gcc/arm-none-eabi/10.3.1/../../../arm-none-eabi/lib/thumb/v7e-m/nofp/libc.a(lib_a-reallocr.o)
                0x0000000008004b90                _realloc_r
 *fill*         0x0000000008004f68       0x18 
 .text          0x0000000008004f80      0x2dc /usr/lib/gcc/arm-none-eabi/10.3.1/../../../arm-none-eabi/lib/thumb/v7e-m/nofp/libc.a(lib_a-strcmp.o)
                0x0000000008004f88                strcmp
 .text          0x000000000800525c      0xd40 /usr/lib/gcc/arm-none-eabi/10.3.1/../../../arm-none-eabi/lib/thumb/v7e-m/nofp/libc.a(lib_a-vfiprintf.o)
                0x00000000080052d4                __sprint_r
                0x00000000080052e8                _vfiprintf_r
                0x0000000008005f18                vfiprintf
 .text          0x0000000008005f9c       0x30 /usr/lib/gcc/arm-none-eabi/10.3.1/../../../arm-none-eabi/lib/thumb/v7e-m/nofp/libc.a(lib_a-wctomb_r.o)
                0x0000000008005f9c                _wctomb_r
                0x0000000008005fb0                __ascii_wctomb
 .text          0x0000000008005fcc       0xd4 /usr/lib/gcc/arm-none-eabi/10.3.1/../../../arm-none-eabi/lib/thumb/v7e-m/nofp/libc.a(lib_a-wsetup.o)
                0x0000000008005fcc                __swsetup_r
 .text          0x00000000080060a0       0x10 /usr/lib/gcc/arm-none-eabi/10.3.1/../../../arm-none-eabi/lib/thumb/v7e-m/nofp/libc.a(lib_a-abort.o)
                0x00000000080060a0                abort
 .text          0x00000000080060b0      0x19c /usr/lib/gcc/arm-none-eabi/10.3.1/../../../arm-none-eabi/lib/thumb/v7e-m/nofp/libc.a(lib_a-fflush.o)
                0x00000000080060b0                __sflush_r
                0x00000000080061d0                _fflush_r
                0x00000000080061fc                fflush
 .text          0x000000000800624c      0x218 /usr/lib/gcc/arm-none-eabi/10.3.1/../../../arm-none-eabi/lib/thumb/v7e-m/nofp/libc.a(lib_a-findfp.o)
                0x0000000008006250                _cleanup_r
                0x0000000008006338                __sfmoreglue
                0x0000000008006368                __sfp
                0x0000000008006410                _cleanup
                0x0000000008006424                __sinit
                0x000000000800642c                __sfp_lock_acquire
                0x0000000008006430                __sfp_lock_release
                0x0000000008006434                __sinit_lock_acquire
                0x0000000008006438                __sinit_lock_release
                0x000000000800643c                __fp_lock_all
                0x0000000008006450                __fp_unlock_all
 .text          0x0000000008006464      0x10c /usr/lib/gcc/arm-none-eabi/10.3.1/../../../arm-none-eabi/lib/thumb/v7e-m/nofp/libc.a(lib_a-fputwc.o)
                0x0000000008006464                __fputwc
                0x000000000800650c                _fputwc_r
                0x0000000008006530                fputwc
 .text          0x0000000008006570      0x2e8 /usr/lib/gcc/arm-none-eabi/10.3.1/../../../arm-none-eabi/lib/thumb/v7e-m/nofp/libc.a(lib_a-fvwrite.o)
                0x0000000008006570                __sfvwrite_r
 .text          0x0000000008006858       0x88 /usr/lib/gcc/arm-none-eabi/10.3.1/../../../arm-none-eabi/lib/thumb/v7e-m/nofp/libc.a(lib_a-fwalk.o)
                0x0000000008006858                _fwalk
                0x0000000008006898                _fwalk_reent
 .text          0x00000000080068e0      0x140 /usr/lib/gcc/arm-none-eabi/10.3.1/../../../arm-none-eabi/lib/thumb/v7e-m/nofp/libc.a(lib_a-makebuf.o)
                0x00000000080068e0                __smakebuf_r
                0x00000000080069c0                __swhatbuf_r
 .text          0x0000000008006a20      0x288 /usr/lib/gcc/arm-none-eabi/10.3.1/../../../arm-none-eabi/lib/thumb/v7e-m/nofp/libc.a(lib_a-signal.o)
                0x0000000008006a20                _init_signal_r
                0x0000000008006a50                _signal_r
                0x0000000008006a9c                _raise_r
                0x0000000008006af4                __sigtramp_r
                0x0000000008006b58                raise
                0x0000000008006bb4                signal
                0x0000000008006c08                _init_signal
                0x0000000008006c40                __sigtramp
 .text          0x0000000008006ca8       0x30 /usr/lib/gcc/arm-none-eabi/10.3.1/../../../arm-none-eabi/lib/thumb/v7e-m/nofp/libc.a(lib_a-signalr.o)
                0x0000000008006ca8                _kill_r
                0x0000000008006cd4                _getpid_r
 .text          0x0000000008006cd8       0x90 /usr/lib/gcc/arm-none-eabi/10.3.1/../../../arm-none-eabi/lib/thumb/v7e-m/nofp/libc.a(lib_a-stdio.o)
                0x0000000008006cd8                __sread
                0x0000000008006cfc                __seofread
                0x0000000008006d00                __swrite
                0x0000000008006d40                __sseek
                0x0000000008006d60                __sclose
 .text          0x0000000008006d68       0xc8 /usr/lib/gcc/arm-none-eabi/10.3.1/../../../arm-none-eabi/lib/thumb/v7e-m/nofp/libc.a(lib_a-wbuf.o)
                0x0000000008006d68                __swbuf_r
                0x0000000008006e18                __swbuf
 .text          0x0000000008006e30       0x8c /usr/lib/gcc/arm-none-eabi/10.3.1/../../../arm-none-eabi/lib/thumb/v7e-m/nofp/libc.a(lib_a-wcrtomb.o)
                0x0000000008006e30                _wcrtomb_r
                0x0000000008006e6c                wcrtomb
 .text          0x0000000008006ebc       0x2c /usr/lib/gcc/arm-none-eabi/10.3.1/../../../arm-none-eabi/lib/thumb/v7e-m/nofp/libc.a(lib_a-writer.o)
                0x0000000008006ebc                _write_r
 .text          0x0000000008006ee8       0x24 /usr/lib/gcc/arm-none-eabi/10.3.1/../../../arm-none-eabi/lib/thumb/v7e-m/nofp/libc.a(lib_a-closer.o)
                0x0000000008006ee8                _close_r
 .text          0x0000000008006f0c       0xd4 /usr/lib/gcc/arm-none-eabi/10.3.1/../../../arm-none-eabi/lib/thumb/v7e-m/nofp/libc.a(lib_a-fclose.o)
                0x0000000008006f70                _fclose_r
                0x0000000008006fa4                fclose
 .text          0x0000000008006fe0       0x2c /usr/lib/gcc/arm-none-eabi/10.3.1/../../../arm-none-eabi/lib/thumb/v7e-m/nofp/libc.a(lib_a-fstatr.o)
                0x0000000008006fe0                _fstat_r
 .text          0x000000000800700c       0x24 /usr/lib/gcc/arm-none-eabi/10.3.1/../../../arm-none-eabi/lib/thumb/v7e-m/nofp/libc.a(lib_a-isattyr.o)
                0x000000000800700c                _isatty_r
 .text          0x0000000008007030       0x2c /usr/lib/gcc/arm-none-eabi/10.3.1/../../../arm-none-eabi/lib/thumb/v7e-m/nofp/libc.a(lib_a-lseekr.o)
                0x0000000008007030                _lseek_r
 .text          0x000000000800705c       0x2c /usr/lib/gcc/arm-none-eabi/10.3.1/../../../arm-none-eabi/lib/thumb/v7e-m/nofp/libc.a(lib_a-readr.o)
                0x000000000800705c                _read_r
 .text          0x0000000008007088      0x378 /usr/lib/gcc/arm-none-eabi/10.3.1/thumb/v7e-m/nofp/libgcc.a(_arm_addsubdf3.o)
                0x0000000008007088                __aeabi_drsub
                0x0000000008007090                __aeabi_dsub
                0x0000000008007090                __subdf3
                0x0000000008007094                __adddf3
                0x0000000008007094                __aeabi_dadd
                0x000000000800730c                __aeabi_ui2d
                0x000000000800730c                __floatunsidf
                0x000000000800732c                __floatsidf
                0x000000000800732c                __aeabi_i2d
                0x0000000008007350                __extendsfdf2
                0x0000000008007350                __aeabi_f2d
                0x0000000008007394                __aeabi_ul2d
                0x0000000008007394                __floatundidf
                0x00000000080073a4                __floatdidf
                0x00000000080073a4                __aeabi_l2d
 .text          0x0000000008007400      0x424 /usr/lib/gcc/arm-none-eabi/10.3.1/thumb/v7e-m/nofp/libgcc.a(_arm_muldivdf3.o)
                0x0000000008007400                __aeabi_dmul
                0x0000000008007400                __muldf3
                0x0000000008007654                __aeabi_ddiv
                0x0000000008007654                __divdf3
 .text          0x0000000008007824      0x110 /usr/lib/gcc/arm-none-eabi/10.3.1/thumb/v7e-m/nofp/libgcc.a(_arm_cmpdf2.o)
                0x0000000008007824                __gtdf2
                0x0000000008007824                __gedf2
                0x000000000800782c                __ltdf2
                0x000000000800782c                __ledf2
                0x0000000008007834                __cmpdf2
                0x0000000008007834                __eqdf2
                0x0000000008007834                __nedf2
                0x00000000080078b0                __aeabi_cdrcmple
                0x00000000080078c0                __aeabi_cdcmple
                0x00000000080078c0                __aeabi_cdcmpeq
                0x00000000080078d0                __aeabi_dcmpeq
                0x00000000080078e4                __aeabi_dcmplt
                0x00000000080078f8                __aeabi_dcmple
                0x000000000800790c                __aeabi_dcmpge
                0x0000000008007920                __aeabi_dcmpgt
 .text          0x0000000008007934       0x2c /usr/lib/gcc/arm-none-eabi/10.3.1/thumb/v7e-m/nofp/libgcc.a(_arm_unorddf2.o)
                0x0000000008007934                __aeabi_dcmpun
                0x0000000008007934                __unorddf2
 .text          0x0000000008007960       0x50 /usr/lib/gcc/arm-none-eabi/10.3.1/thumb/v7e-m/nofp/libgcc.a(_arm_fixdfsi.o)
                0x0000000008007960                __fixdfsi
                0x0000000008007960                __aeabi_d2iz
 .text          0x00000000080079b0       0x30 /usr/lib/gcc/arm-none-eabi/10.3.1/thumb/v7e-m/nofp/libgcc.a(_aeabi_uldivmod.o)
                0x00000000080079b0                __aeabi_uldivmod
 .text          0x00000000080079e0      0x2d0 /usr/lib/gcc/arm-none-eabi/10.3.1/thumb/v7e-m/nofp/libgcc.a(_udivmoddi4.o)
                0x00000000080079e0                __udivmoddi4
 .text          0x0000000008007cb0        0x4 /usr/lib/gcc/arm-none-eabi/10.3.1/thumb/v7e-m/nofp/libgcc.a(_dvmd_tls.o)
                0x0000000008007cb0                __aeabi_ldiv0
                0x0000000008007cb0                __aeabi_idiv0
 .text          0x0000000008007cb4       0x10 /usr/lib/gcc/arm-none-eabi/10.3.1/../../../arm-none-eabi/lib/thumb/v7e-m/nofp/libnosys.a(close.o)
                0x0000000008007cb4                _close
 .text          0x0000000008007cc4       0x10 /usr/lib/gcc/arm-none-eabi/10.3.1/../../../arm-none-eabi/lib/thumb/v7e-m/nofp/libnosys.a(fstat.o)
                0x0000000008007cc4                _fstat
 .text          0x0000000008007cd4       0x10 /usr/lib/gcc/arm-none-eabi/10.3.1/../../../arm-none-eabi/lib/thumb/v7e-m/nofp/libnosys.a(getpid.o)
                0x0000000008007cd4                _getpid
 .text          0x0000000008007ce4       0x10 /usr/lib/gcc/arm-none-eabi/10.3.1/../../../arm-none-eabi/lib/thumb/v7e-m/nofp/libnosys.a(isatty.o)
                0x0000000008007ce4                _isatty
 .text          0x0000000008007cf4       0x10 /usr/lib/gcc/arm-none-eabi/10.3.1/../../../arm-none-eabi/lib/thumb/v7e-m/nofp/libnosys.a(kill.o)
                0x0000000008007cf4                _kill
 .text          0x0000000008007d04       0x10 /usr/lib/gcc/arm-none-eabi/10.3.1/../../../arm-none-eabi/lib/thumb/v7e-m/nofp/libnosys.a(lseek.o)
                0x0000000008007d04                _lseek
 .text          0x0000000008007d14       0x10 /usr/lib/gcc/arm-none-eabi/10.3.1/../../../arm-none-eabi/lib/thumb/v7e-m/nofp/libnosys.a(read.o)
                0x0000000008007d14                _read
 .text          0x0000000008007d24       0x1c /usr/lib/gcc/arm-none-eabi/10.3.1/../../../arm-none-eabi/lib/thumb/v7e-m/nofp/libnosys.a(sbrk.o)
                0x0000000008007d24                _sbrk
 .text          0x0000000008007d40       0x10 /usr/lib/gcc/arm-none-eabi/10.3.1/../../../arm-none-eabi/lib/thumb/v7e-m/nofp/libnosys.a(write.o)
                0x0000000008007d40                _write
 .text          0x0000000008007d50        0x4 /usr/lib/gcc/arm-none-eabi/10.3.1/../../../arm-none-eabi/lib/thumb/v7e-m/nofp/libnosys.a(_exit.o)
                0x0000000008007d50                _exit
 *(.text*)
 .text.LL_RCC_LSE_SetDriveCapability
                0x0000000008007d54       0x2a CMakeFiles/firmware.out.dir/Core/Src/main.cpp.obj
 .text.LL_AHB1_GRP1_EnableClock
                0x0000000008007d7e       0x30 CMakeFiles/firmware.out.dir/Core/Src/main.cpp.obj
 .text.LL_AHB2_GRP1_EnableClock
                0x0000000008007dae       0x30 CMakeFiles/firmware.out.dir/Core/Src/main.cpp.obj
 *fill*         0x0000000008007dde        0x2 
 .text.main     0x0000000008007de0       0xc4 CMakeFiles/firmware.out.dir/Core/Src/main.cpp.obj
                0x0000000008007de0                main
 .text._Z18SystemClock_Configv
                0x0000000008007ea4       0xd0 CMakeFiles/firmware.out.dir/Core/Src/main.cpp.obj
                0x0000000008007ea4                SystemClock_Config()
 .text._ZL11MX_ADC_Initv
                0x0000000008007f74       0xe4 CMakeFiles/firmware.out.dir/Core/Src/main.cpp.obj
 .text._ZL12MX_I2C2_Initv
                0x0000000008008058       0x9c CMakeFiles/firmware.out.dir/Core/Src/main.cpp.obj
 .text._ZL12MX_SPI2_Initv
                0x00000000080080f4       0x84 CMakeFiles/firmware.out.dir/Core/Src/main.cpp.obj
 .text._ZL12MX_TIM2_Initv
                0x0000000008008178      0x118 CMakeFiles/firmware.out.dir/Core/Src/main.cpp.obj
 .text._ZL19MX_USART1_UART_Initv
                0x0000000008008290       0xc0 CMakeFiles/firmware.out.dir/Core/Src/main.cpp.obj
 .text._ZL11MX_DMA_Initv
                0x0000000008008350       0x24 CMakeFiles/firmware.out.dir/Core/Src/main.cpp.obj
 .text._ZL12MX_GPIO_Initv
                0x0000000008008374       0x88 CMakeFiles/firmware.out.dir/Core/Src/main.cpp.obj
 .text._Z19DMATransferCompleteP19__DMA_HandleTypeDef
                0x00000000080083fc       0x30 CMakeFiles/firmware.out.dir/Core/Src/main.cpp.obj
                0x00000000080083fc                DMATransferComplete(__DMA_HandleTypeDef*)
 .text.selectADCChannel
                0x000000000800842c       0x4c CMakeFiles/firmware.out.dir/Core/Src/main.cpp.obj
                0x000000000800842c                selectADCChannel
 .text.Error_Handler
                0x0000000008008478        0xa CMakeFiles/firmware.out.dir/Core/Src/main.cpp.obj
                0x0000000008008478                Error_Handler
 .text.NMI_Handler
                0x0000000008008482        0x6 CMakeFiles/firmware.out.dir/Core/Src/stm32wlxx_it.c.obj
                0x0000000008008482                NMI_Handler
 .text.HardFault_Handler
                0x0000000008008488        0x6 CMakeFiles/firmware.out.dir/Core/Src/stm32wlxx_it.c.obj
                0x0000000008008488                HardFault_Handler
 .text.MemManage_Handler
                0x000000000800848e        0x6 CMakeFiles/firmware.out.dir/Core/Src/stm32wlxx_it.c.obj
                0x000000000800848e                MemManage_Handler
 .text.BusFault_Handler
                0x0000000008008494        0x6 CMakeFiles/firmware.out.dir/Core/Src/stm32wlxx_it.c.obj
                0x0000000008008494                BusFault_Handler
 .text.UsageFault_Handler
                0x000000000800849a        0x6 CMakeFiles/firmware.out.dir/Core/Src/stm32wlxx_it.c.obj
                0x000000000800849a                UsageFault_Handler
 .text.SVC_Handler
                0x00000000080084a0        0xc CMakeFiles/firmware.out.dir/Core/Src/stm32wlxx_it.c.obj
                0x00000000080084a0                SVC_Handler
 .text.DebugMon_Handler
                0x00000000080084ac        0xc CMakeFiles/firmware.out.dir/Core/Src/stm32wlxx_it.c.obj
                0x00000000080084ac                DebugMon_Handler
 .text.PendSV_Handler
                0x00000000080084b8        0xc CMakeFiles/firmware.out.dir/Core/Src/stm32wlxx_it.c.obj
                0x00000000080084b8                PendSV_Handler
 .text.SysTick_Handler
                0x00000000080084c4        0xc CMakeFiles/firmware.out.dir/Core/Src/stm32wlxx_it.c.obj
                0x00000000080084c4                SysTick_Handler
 .text.DMA1_Channel1_IRQHandler
                0x00000000080084d0       0x14 CMakeFiles/firmware.out.dir/Core/Src/stm32wlxx_it.c.obj
                0x00000000080084d0                DMA1_Channel1_IRQHandler
 .text.LL_AHB2_GRP1_EnableClock
                0x00000000080084e4       0x30 CMakeFiles/firmware.out.dir/Core/Src/stm32wlxx_hal_msp.c.obj
 .text.LL_APB1_GRP1_EnableClock
                0x0000000008008514       0x30 CMakeFiles/firmware.out.dir/Core/Src/stm32wlxx_hal_msp.c.obj
 .text.LL_APB2_GRP1_EnableClock
                0x0000000008008544       0x30 CMakeFiles/firmware.out.dir/Core/Src/stm32wlxx_hal_msp.c.obj
 .text.HAL_MspInit
                0x0000000008008574        0xc CMakeFiles/firmware.out.dir/Core/Src/stm32wlxx_hal_msp.c.obj
                0x0000000008008574                HAL_MspInit
 .text.HAL_ADC_MspInit
                0x0000000008008580       0x5c CMakeFiles/firmware.out.dir/Core/Src/stm32wlxx_hal_msp.c.obj
                0x0000000008008580                HAL_ADC_MspInit
 .text.HAL_I2C_MspInit
                0x00000000080085dc       0xb8 CMakeFiles/firmware.out.dir/Core/Src/stm32wlxx_hal_msp.c.obj
                0x00000000080085dc                HAL_I2C_MspInit
 .text.HAL_SPI_MspInit
                0x0000000008008694       0xe4 CMakeFiles/firmware.out.dir/Core/Src/stm32wlxx_hal_msp.c.obj
                0x0000000008008694                HAL_SPI_MspInit
 .text.HAL_TIM_Base_MspInit
                0x0000000008008778       0x20 CMakeFiles/firmware.out.dir/Core/Src/stm32wlxx_hal_msp.c.obj
                0x0000000008008778                HAL_TIM_Base_MspInit
 .text.HAL_UART_MspInit
                0x0000000008008798       0xe8 CMakeFiles/firmware.out.dir/Core/Src/stm32wlxx_hal_msp.c.obj
                0x0000000008008798                HAL_UART_MspInit
 .text.LL_ADC_SetCommonPathInternalCh
                0x0000000008008880       0x24 CMakeFiles/firmware.out.dir/Drivers/STM32WLxx_HAL_Driver/Src/stm32wlxx_hal_adc.c.obj
 .text.LL_ADC_GetCommonPathInternalCh
                0x00000000080088a4       0x1a CMakeFiles/firmware.out.dir/Drivers/STM32WLxx_HAL_Driver/Src/stm32wlxx_hal_adc.c.obj
 .text.LL_ADC_SetSamplingTimeCommonChannels
                0x00000000080088be       0x3c CMakeFiles/firmware.out.dir/Drivers/STM32WLxx_HAL_Driver/Src/stm32wlxx_hal_adc.c.obj
 .text.LL_ADC_GetSamplingTimeCommonChannels
                0x00000000080088fa       0x30 CMakeFiles/firmware.out.dir/Drivers/STM32WLxx_HAL_Driver/Src/stm32wlxx_hal_adc.c.obj
 .text.LL_ADC_REG_IsTriggerSourceSWStart
                0x000000000800892a       0x24 CMakeFiles/firmware.out.dir/Drivers/STM32WLxx_HAL_Driver/Src/stm32wlxx_hal_adc.c.obj
 .text.LL_ADC_REG_SetSequencerRanks
                0x000000000800894e       0x42 CMakeFiles/firmware.out.dir/Drivers/STM32WLxx_HAL_Driver/Src/stm32wlxx_hal_adc.c.obj
 .text.LL_ADC_REG_SetSequencerChAdd
                0x0000000008008990       0x24 CMakeFiles/firmware.out.dir/Drivers/STM32WLxx_HAL_Driver/Src/stm32wlxx_hal_adc.c.obj
 .text.LL_ADC_REG_SetSequencerChRem
                0x00000000080089b4       0x26 CMakeFiles/firmware.out.dir/Drivers/STM32WLxx_HAL_Driver/Src/stm32wlxx_hal_adc.c.obj
 .text.LL_ADC_SetChannelSamplingTime
                0x00000000080089da       0x38 CMakeFiles/firmware.out.dir/Drivers/STM32WLxx_HAL_Driver/Src/stm32wlxx_hal_adc.c.obj
 .text.LL_ADC_EnableInternalRegulator
                0x0000000008008a12       0x26 CMakeFiles/firmware.out.dir/Drivers/STM32WLxx_HAL_Driver/Src/stm32wlxx_hal_adc.c.obj
 .text.LL_ADC_IsInternalRegulatorEnabled
                0x0000000008008a38       0x26 CMakeFiles/firmware.out.dir/Drivers/STM32WLxx_HAL_Driver/Src/stm32wlxx_hal_adc.c.obj
 .text.LL_ADC_Enable
                0x0000000008008a5e       0x26 CMakeFiles/firmware.out.dir/Drivers/STM32WLxx_HAL_Driver/Src/stm32wlxx_hal_adc.c.obj
 .text.LL_ADC_Disable
                0x0000000008008a84       0x26 CMakeFiles/firmware.out.dir/Drivers/STM32WLxx_HAL_Driver/Src/stm32wlxx_hal_adc.c.obj
 .text.LL_ADC_IsEnabled
                0x0000000008008aaa       0x24 CMakeFiles/firmware.out.dir/Drivers/STM32WLxx_HAL_Driver/Src/stm32wlxx_hal_adc.c.obj
 .text.LL_ADC_IsDisableOngoing
                0x0000000008008ace       0x24 CMakeFiles/firmware.out.dir/Drivers/STM32WLxx_HAL_Driver/Src/stm32wlxx_hal_adc.c.obj
 .text.LL_ADC_REG_StartConversion
                0x0000000008008af2       0x26 CMakeFiles/firmware.out.dir/Drivers/STM32WLxx_HAL_Driver/Src/stm32wlxx_hal_adc.c.obj
 .text.LL_ADC_REG_StopConversion
                0x0000000008008b18       0x26 CMakeFiles/firmware.out.dir/Drivers/STM32WLxx_HAL_Driver/Src/stm32wlxx_hal_adc.c.obj
 .text.LL_ADC_REG_IsConversionOngoing
                0x0000000008008b3e       0x24 CMakeFiles/firmware.out.dir/Drivers/STM32WLxx_HAL_Driver/Src/stm32wlxx_hal_adc.c.obj
 *fill*         0x0000000008008b62        0x2 
 .text.HAL_ADC_Init
                0x0000000008008b64      0x328 CMakeFiles/firmware.out.dir/Drivers/STM32WLxx_HAL_Driver/Src/stm32wlxx_hal_adc.c.obj
                0x0000000008008b64                HAL_ADC_Init
 .text.HAL_ADC_Start
                0x0000000008008e8c       0x8c CMakeFiles/firmware.out.dir/Drivers/STM32WLxx_HAL_Driver/Src/stm32wlxx_hal_adc.c.obj
                0x0000000008008e8c                HAL_ADC_Start
 .text.HAL_ADC_Stop
                0x0000000008008f18       0x64 CMakeFiles/firmware.out.dir/Drivers/STM32WLxx_HAL_Driver/Src/stm32wlxx_hal_adc.c.obj
                0x0000000008008f18                HAL_ADC_Stop
 .text.HAL_ADC_PollForConversion
                0x0000000008008f7c      0x12e CMakeFiles/firmware.out.dir/Drivers/STM32WLxx_HAL_Driver/Src/stm32wlxx_hal_adc.c.obj
                0x0000000008008f7c                HAL_ADC_PollForConversion
 .text.HAL_ADC_GetValue
                0x00000000080090aa       0x18 CMakeFiles/firmware.out.dir/Drivers/STM32WLxx_HAL_Driver/Src/stm32wlxx_hal_adc.c.obj
                0x00000000080090aa                HAL_ADC_GetValue
 *fill*         0x00000000080090c2        0x2 
 .text.HAL_ADC_ConfigChannel
                0x00000000080090c4      0x270 CMakeFiles/firmware.out.dir/Drivers/STM32WLxx_HAL_Driver/Src/stm32wlxx_hal_adc.c.obj
                0x00000000080090c4                HAL_ADC_ConfigChannel
 .text.ADC_ConversionStop
                0x0000000008009334       0x8a CMakeFiles/firmware.out.dir/Drivers/STM32WLxx_HAL_Driver/Src/stm32wlxx_hal_adc.c.obj
                0x0000000008009334                ADC_ConversionStop
 *fill*         0x00000000080093be        0x2 
 .text.ADC_Enable
                0x00000000080093c0      0x10c CMakeFiles/firmware.out.dir/Drivers/STM32WLxx_HAL_Driver/Src/stm32wlxx_hal_adc.c.obj
                0x00000000080093c0                ADC_Enable
 .text.ADC_Disable
                0x00000000080094cc       0xbe CMakeFiles/firmware.out.dir/Drivers/STM32WLxx_HAL_Driver/Src/stm32wlxx_hal_adc.c.obj
                0x00000000080094cc                ADC_Disable
 *fill*         0x000000000800958a        0x2 
 .text.LL_PWR_IsEnabledBkUpAccess
                0x000000000800958c       0x24 CMakeFiles/firmware.out.dir/Drivers/STM32WLxx_HAL_Driver/Src/stm32wlxx_hal_rcc.c.obj
 .text.LL_RCC_HSE_EnableTcxo
                0x00000000080095b0       0x1c CMakeFiles/firmware.out.dir/Drivers/STM32WLxx_HAL_Driver/Src/stm32wlxx_hal_rcc.c.obj
 .text.LL_RCC_HSE_DisableTcxo
                0x00000000080095cc       0x1c CMakeFiles/firmware.out.dir/Drivers/STM32WLxx_HAL_Driver/Src/stm32wlxx_hal_rcc.c.obj
 .text.LL_RCC_HSE_IsEnabledDiv2
                0x00000000080095e8       0x22 CMakeFiles/firmware.out.dir/Drivers/STM32WLxx_HAL_Driver/Src/stm32wlxx_hal_rcc.c.obj
 .text.LL_RCC_HSE_Enable
                0x000000000800960a       0x1c CMakeFiles/firmware.out.dir/Drivers/STM32WLxx_HAL_Driver/Src/stm32wlxx_hal_rcc.c.obj
 .text.LL_RCC_HSE_Disable
                0x0000000008009626       0x1c CMakeFiles/firmware.out.dir/Drivers/STM32WLxx_HAL_Driver/Src/stm32wlxx_hal_rcc.c.obj
 .text.LL_RCC_HSE_IsReady
                0x0000000008009642       0x22 CMakeFiles/firmware.out.dir/Drivers/STM32WLxx_HAL_Driver/Src/stm32wlxx_hal_rcc.c.obj
 .text.LL_RCC_HSI_Enable
                0x0000000008009664       0x1c CMakeFiles/firmware.out.dir/Drivers/STM32WLxx_HAL_Driver/Src/stm32wlxx_hal_rcc.c.obj
 .text.LL_RCC_HSI_Disable
                0x0000000008009680       0x1c CMakeFiles/firmware.out.dir/Drivers/STM32WLxx_HAL_Driver/Src/stm32wlxx_hal_rcc.c.obj
 .text.LL_RCC_HSI_IsReady
                0x000000000800969c       0x22 CMakeFiles/firmware.out.dir/Drivers/STM32WLxx_HAL_Driver/Src/stm32wlxx_hal_rcc.c.obj
 .text.LL_RCC_HSI_SetCalibTrimming
                0x00000000080096be       0x28 CMakeFiles/firmware.out.dir/Drivers/STM32WLxx_HAL_Driver/Src/stm32wlxx_hal_rcc.c.obj
 .text.LL_RCC_LSE_IsReady
                0x00000000080096e6       0x22 CMakeFiles/firmware.out.dir/Drivers/STM32WLxx_HAL_Driver/Src/stm32wlxx_hal_rcc.c.obj
 .text.LL_RCC_LSI_Enable
                0x0000000008009708       0x20 CMakeFiles/firmware.out.dir/Drivers/STM32WLxx_HAL_Driver/Src/stm32wlxx_hal_rcc.c.obj
 .text.LL_RCC_LSI_Disable
                0x0000000008009728       0x20 CMakeFiles/firmware.out.dir/Drivers/STM32WLxx_HAL_Driver/Src/stm32wlxx_hal_rcc.c.obj
 .text.LL_RCC_LSI_IsReady
                0x0000000008009748       0x22 CMakeFiles/firmware.out.dir/Drivers/STM32WLxx_HAL_Driver/Src/stm32wlxx_hal_rcc.c.obj
 .text.LL_RCC_MSI_Enable
                0x000000000800976a       0x1c CMakeFiles/firmware.out.dir/Drivers/STM32WLxx_HAL_Driver/Src/stm32wlxx_hal_rcc.c.obj
 .text.LL_RCC_MSI_Disable
                0x0000000008009786       0x1c CMakeFiles/firmware.out.dir/Drivers/STM32WLxx_HAL_Driver/Src/stm32wlxx_hal_rcc.c.obj
 .text.LL_RCC_MSI_IsReady
                0x00000000080097a2       0x20 CMakeFiles/firmware.out.dir/Drivers/STM32WLxx_HAL_Driver/Src/stm32wlxx_hal_rcc.c.obj
 .text.LL_RCC_MSI_IsEnabledRangeSelect
                0x00000000080097c2       0x20 CMakeFiles/firmware.out.dir/Drivers/STM32WLxx_HAL_Driver/Src/stm32wlxx_hal_rcc.c.obj
 .text.LL_RCC_MSI_GetRange
                0x00000000080097e2       0x16 CMakeFiles/firmware.out.dir/Drivers/STM32WLxx_HAL_Driver/Src/stm32wlxx_hal_rcc.c.obj
 .text.LL_RCC_MSI_GetRangeAfterStandby
                0x00000000080097f8       0x18 CMakeFiles/firmware.out.dir/Drivers/STM32WLxx_HAL_Driver/Src/stm32wlxx_hal_rcc.c.obj
 .text.LL_RCC_MSI_SetCalibTrimming
                0x0000000008009810       0x28 CMakeFiles/firmware.out.dir/Drivers/STM32WLxx_HAL_Driver/Src/stm32wlxx_hal_rcc.c.obj
 .text.LL_RCC_SetSysClkSource
                0x0000000008009838       0x26 CMakeFiles/firmware.out.dir/Drivers/STM32WLxx_HAL_Driver/Src/stm32wlxx_hal_rcc.c.obj
 .text.LL_RCC_GetSysClkSource
                0x000000000800985e       0x16 CMakeFiles/firmware.out.dir/Drivers/STM32WLxx_HAL_Driver/Src/stm32wlxx_hal_rcc.c.obj
 .text.LL_RCC_SetAHBPrescaler
                0x0000000008009874       0x26 CMakeFiles/firmware.out.dir/Drivers/STM32WLxx_HAL_Driver/Src/stm32wlxx_hal_rcc.c.obj
 .text.LL_RCC_SetAHB3Prescaler
                0x000000000800989a       0x2c CMakeFiles/firmware.out.dir/Drivers/STM32WLxx_HAL_Driver/Src/stm32wlxx_hal_rcc.c.obj
 .text.LL_RCC_SetAPB1Prescaler
                0x00000000080098c6       0x26 CMakeFiles/firmware.out.dir/Drivers/STM32WLxx_HAL_Driver/Src/stm32wlxx_hal_rcc.c.obj
 .text.LL_RCC_SetAPB2Prescaler
                0x00000000080098ec       0x26 CMakeFiles/firmware.out.dir/Drivers/STM32WLxx_HAL_Driver/Src/stm32wlxx_hal_rcc.c.obj
 .text.LL_RCC_GetAHBPrescaler
                0x0000000008009912       0x16 CMakeFiles/firmware.out.dir/Drivers/STM32WLxx_HAL_Driver/Src/stm32wlxx_hal_rcc.c.obj
 .text.LL_RCC_GetAHB3Prescaler
                0x0000000008009928       0x1a CMakeFiles/firmware.out.dir/Drivers/STM32WLxx_HAL_Driver/Src/stm32wlxx_hal_rcc.c.obj
 .text.LL_RCC_GetAPB1Prescaler
                0x0000000008009942       0x16 CMakeFiles/firmware.out.dir/Drivers/STM32WLxx_HAL_Driver/Src/stm32wlxx_hal_rcc.c.obj
 .text.LL_RCC_GetAPB2Prescaler
                0x0000000008009958       0x16 CMakeFiles/firmware.out.dir/Drivers/STM32WLxx_HAL_Driver/Src/stm32wlxx_hal_rcc.c.obj
 .text.LL_RCC_PLL_Enable
                0x000000000800996e       0x1c CMakeFiles/firmware.out.dir/Drivers/STM32WLxx_HAL_Driver/Src/stm32wlxx_hal_rcc.c.obj
 .text.LL_RCC_PLL_Disable
                0x000000000800998a       0x1c CMakeFiles/firmware.out.dir/Drivers/STM32WLxx_HAL_Driver/Src/stm32wlxx_hal_rcc.c.obj
 .text.LL_RCC_PLL_IsReady
                0x00000000080099a6       0x22 CMakeFiles/firmware.out.dir/Drivers/STM32WLxx_HAL_Driver/Src/stm32wlxx_hal_rcc.c.obj
 .text.LL_RCC_PLL_GetN
                0x00000000080099c8       0x18 CMakeFiles/firmware.out.dir/Drivers/STM32WLxx_HAL_Driver/Src/stm32wlxx_hal_rcc.c.obj
 .text.LL_RCC_PLL_GetR
                0x00000000080099e0       0x16 CMakeFiles/firmware.out.dir/Drivers/STM32WLxx_HAL_Driver/Src/stm32wlxx_hal_rcc.c.obj
 .text.LL_RCC_PLL_GetDivider
                0x00000000080099f6       0x16 CMakeFiles/firmware.out.dir/Drivers/STM32WLxx_HAL_Driver/Src/stm32wlxx_hal_rcc.c.obj
 .text.LL_RCC_PLL_GetMainSource
                0x0000000008009a0c       0x16 CMakeFiles/firmware.out.dir/Drivers/STM32WLxx_HAL_Driver/Src/stm32wlxx_hal_rcc.c.obj
 .text.LL_RCC_IsActiveFlag_HPRE
                0x0000000008009a22       0x22 CMakeFiles/firmware.out.dir/Drivers/STM32WLxx_HAL_Driver/Src/stm32wlxx_hal_rcc.c.obj
 .text.LL_RCC_IsActiveFlag_SHDHPRE
                0x0000000008009a44       0x24 CMakeFiles/firmware.out.dir/Drivers/STM32WLxx_HAL_Driver/Src/stm32wlxx_hal_rcc.c.obj
 .text.LL_RCC_IsActiveFlag_PPRE1
                0x0000000008009a68       0x22 CMakeFiles/firmware.out.dir/Drivers/STM32WLxx_HAL_Driver/Src/stm32wlxx_hal_rcc.c.obj
 .text.LL_RCC_IsActiveFlag_PPRE2
                0x0000000008009a8a       0x22 CMakeFiles/firmware.out.dir/Drivers/STM32WLxx_HAL_Driver/Src/stm32wlxx_hal_rcc.c.obj
 .text.HAL_RCC_OscConfig
                0x0000000008009aac      0x704 CMakeFiles/firmware.out.dir/Drivers/STM32WLxx_HAL_Driver/Src/stm32wlxx_hal_rcc.c.obj
                0x0000000008009aac                HAL_RCC_OscConfig
 .text.HAL_RCC_ClockConfig
                0x000000000800a1b0      0x248 CMakeFiles/firmware.out.dir/Drivers/STM32WLxx_HAL_Driver/Src/stm32wlxx_hal_rcc.c.obj
                0x000000000800a1b0                HAL_RCC_ClockConfig
 .text.HAL_RCC_GetSysClockFreq
                0x000000000800a3f8      0x140 CMakeFiles/firmware.out.dir/Drivers/STM32WLxx_HAL_Driver/Src/stm32wlxx_hal_rcc.c.obj
                0x000000000800a3f8                HAL_RCC_GetSysClockFreq
 .text.HAL_RCC_GetHCLKFreq
                0x000000000800a538       0x28 CMakeFiles/firmware.out.dir/Drivers/STM32WLxx_HAL_Driver/Src/stm32wlxx_hal_rcc.c.obj
                0x000000000800a538                HAL_RCC_GetHCLKFreq
 .text.HAL_RCC_GetPCLK1Freq
                0x000000000800a560       0x24 CMakeFiles/firmware.out.dir/Drivers/STM32WLxx_HAL_Driver/Src/stm32wlxx_hal_rcc.c.obj
                0x000000000800a560                HAL_RCC_GetPCLK1Freq
 .text.HAL_RCC_GetPCLK2Freq
                0x000000000800a584       0x24 CMakeFiles/firmware.out.dir/Drivers/STM32WLxx_HAL_Driver/Src/stm32wlxx_hal_rcc.c.obj
                0x000000000800a584                HAL_RCC_GetPCLK2Freq
 .text.RCC_SetFlashLatencyFromMSIRange
                0x000000000800a5a8       0x60 CMakeFiles/firmware.out.dir/Drivers/STM32WLxx_HAL_Driver/Src/stm32wlxx_hal_rcc.c.obj
 .text.RCC_SetFlashLatency
                0x000000000800a608      0x104 CMakeFiles/firmware.out.dir/Drivers/STM32WLxx_HAL_Driver/Src/stm32wlxx_hal_rcc.c.obj
 .text.LL_RCC_LSE_IsReady
                0x000000000800a70c       0x22 CMakeFiles/firmware.out.dir/Drivers/STM32WLxx_HAL_Driver/Src/stm32wlxx_hal_rcc_ex.c.obj
 .text.LL_RCC_SetUSARTClockSource
                0x000000000800a72e       0x30 CMakeFiles/firmware.out.dir/Drivers/STM32WLxx_HAL_Driver/Src/stm32wlxx_hal_rcc_ex.c.obj
 .text.LL_RCC_SetI2SClockSource
                0x000000000800a75e       0x2a CMakeFiles/firmware.out.dir/Drivers/STM32WLxx_HAL_Driver/Src/stm32wlxx_hal_rcc_ex.c.obj
 .text.LL_RCC_SetLPUARTClockSource
                0x000000000800a788       0x2a CMakeFiles/firmware.out.dir/Drivers/STM32WLxx_HAL_Driver/Src/stm32wlxx_hal_rcc_ex.c.obj
 .text.LL_RCC_SetI2CClockSource
                0x000000000800a7b2       0x38 CMakeFiles/firmware.out.dir/Drivers/STM32WLxx_HAL_Driver/Src/stm32wlxx_hal_rcc_ex.c.obj
 .text.LL_RCC_SetLPTIMClockSource
                0x000000000800a7ea       0x32 CMakeFiles/firmware.out.dir/Drivers/STM32WLxx_HAL_Driver/Src/stm32wlxx_hal_rcc_ex.c.obj
 .text.LL_RCC_SetRNGClockSource
                0x000000000800a81c       0x2a CMakeFiles/firmware.out.dir/Drivers/STM32WLxx_HAL_Driver/Src/stm32wlxx_hal_rcc_ex.c.obj
 .text.LL_RCC_SetADCClockSource
                0x000000000800a846       0x2a CMakeFiles/firmware.out.dir/Drivers/STM32WLxx_HAL_Driver/Src/stm32wlxx_hal_rcc_ex.c.obj
 .text.LL_RCC_SetRTCClockSource
                0x000000000800a870       0x2a CMakeFiles/firmware.out.dir/Drivers/STM32WLxx_HAL_Driver/Src/stm32wlxx_hal_rcc_ex.c.obj
 .text.LL_RCC_GetRTCClockSource
                0x000000000800a89a       0x18 CMakeFiles/firmware.out.dir/Drivers/STM32WLxx_HAL_Driver/Src/stm32wlxx_hal_rcc_ex.c.obj
 .text.LL_RCC_ForceBackupDomainReset
                0x000000000800a8b2       0x20 CMakeFiles/firmware.out.dir/Drivers/STM32WLxx_HAL_Driver/Src/stm32wlxx_hal_rcc_ex.c.obj
 .text.LL_RCC_ReleaseBackupDomainReset
                0x000000000800a8d2       0x20 CMakeFiles/firmware.out.dir/Drivers/STM32WLxx_HAL_Driver/Src/stm32wlxx_hal_rcc_ex.c.obj
 *fill*         0x000000000800a8f2        0x2 
 .text.HAL_RCCEx_PeriphCLKConfig
                0x000000000800a8f4      0x234 CMakeFiles/firmware.out.dir/Drivers/STM32WLxx_HAL_Driver/Src/stm32wlxx_hal_rcc_ex.c.obj
                0x000000000800a8f4                HAL_RCCEx_PeriphCLKConfig
 .text.HAL_GPIO_Init
                0x000000000800ab28      0x2c0 CMakeFiles/firmware.out.dir/Drivers/STM32WLxx_HAL_Driver/Src/stm32wlxx_hal_gpio.c.obj
                0x000000000800ab28                HAL_GPIO_Init
 .text.HAL_GPIO_WritePin
                0x000000000800ade8       0x2e CMakeFiles/firmware.out.dir/Drivers/STM32WLxx_HAL_Driver/Src/stm32wlxx_hal_gpio.c.obj
                0x000000000800ade8                HAL_GPIO_WritePin
 .text.HAL_GPIO_TogglePin
                0x000000000800ae16       0x32 CMakeFiles/firmware.out.dir/Drivers/STM32WLxx_HAL_Driver/Src/stm32wlxx_hal_gpio.c.obj
                0x000000000800ae16                HAL_GPIO_TogglePin
 .text.HAL_DMA_Init
                0x000000000800ae48      0x150 CMakeFiles/firmware.out.dir/Drivers/STM32WLxx_HAL_Driver/Src/stm32wlxx_hal_dma.c.obj
                0x000000000800ae48                HAL_DMA_Init
 .text.HAL_DMA_Start_IT
                0x000000000800af98       0xfc CMakeFiles/firmware.out.dir/Drivers/STM32WLxx_HAL_Driver/Src/stm32wlxx_hal_dma.c.obj
                0x000000000800af98                HAL_DMA_Start_IT
 .text.HAL_DMA_IRQHandler
                0x000000000800b094      0x18c CMakeFiles/firmware.out.dir/Drivers/STM32WLxx_HAL_Driver/Src/stm32wlxx_hal_dma.c.obj
                0x000000000800b094                HAL_DMA_IRQHandler
 .text.HAL_DMA_RegisterCallback
                0x000000000800b220       0x90 CMakeFiles/firmware.out.dir/Drivers/STM32WLxx_HAL_Driver/Src/stm32wlxx_hal_dma.c.obj
                0x000000000800b220                HAL_DMA_RegisterCallback
 .text.DMA_SetConfig
                0x000000000800b2b0       0x7a CMakeFiles/firmware.out.dir/Drivers/STM32WLxx_HAL_Driver/Src/stm32wlxx_hal_dma.c.obj
 *fill*         0x000000000800b32a        0x2 
 .text.DMA_CalcDMAMUXChannelBaseAndMask
                0x000000000800b32c       0x90 CMakeFiles/firmware.out.dir/Drivers/STM32WLxx_HAL_Driver/Src/stm32wlxx_hal_dma.c.obj
 .text.DMA_CalcDMAMUXRequestGenBaseAndMask
                0x000000000800b3bc       0x48 CMakeFiles/firmware.out.dir/Drivers/STM32WLxx_HAL_Driver/Src/stm32wlxx_hal_dma.c.obj
 .text.HAL_PWR_EnableBkUpAccess
                0x000000000800b404       0x1c CMakeFiles/firmware.out.dir/Drivers/STM32WLxx_HAL_Driver/Src/stm32wlxx_hal_pwr.c.obj
                0x000000000800b404                HAL_PWR_EnableBkUpAccess
 .text.HAL_PWREx_GetVoltageRange
                0x000000000800b420       0x18 CMakeFiles/firmware.out.dir/Drivers/STM32WLxx_HAL_Driver/Src/stm32wlxx_hal_pwr_ex.c.obj
                0x000000000800b420                HAL_PWREx_GetVoltageRange
 .text.__NVIC_SetPriorityGrouping
                0x000000000800b438       0x48 CMakeFiles/firmware.out.dir/Drivers/STM32WLxx_HAL_Driver/Src/stm32wlxx_hal_cortex.c.obj
 .text.__NVIC_GetPriorityGrouping
                0x000000000800b480       0x1c CMakeFiles/firmware.out.dir/Drivers/STM32WLxx_HAL_Driver/Src/stm32wlxx_hal_cortex.c.obj
 .text.__NVIC_EnableIRQ
                0x000000000800b49c       0x38 CMakeFiles/firmware.out.dir/Drivers/STM32WLxx_HAL_Driver/Src/stm32wlxx_hal_cortex.c.obj
 .text.__NVIC_SetPriority
                0x000000000800b4d4       0x54 CMakeFiles/firmware.out.dir/Drivers/STM32WLxx_HAL_Driver/Src/stm32wlxx_hal_cortex.c.obj
 .text.NVIC_EncodePriority
                0x000000000800b528       0x64 CMakeFiles/firmware.out.dir/Drivers/STM32WLxx_HAL_Driver/Src/stm32wlxx_hal_cortex.c.obj
 .text.SysTick_Config
                0x000000000800b58c       0x44 CMakeFiles/firmware.out.dir/Drivers/STM32WLxx_HAL_Driver/Src/stm32wlxx_hal_cortex.c.obj
 .text.HAL_NVIC_SetPriorityGrouping
                0x000000000800b5d0       0x16 CMakeFiles/firmware.out.dir/Drivers/STM32WLxx_HAL_Driver/Src/stm32wlxx_hal_cortex.c.obj
                0x000000000800b5d0                HAL_NVIC_SetPriorityGrouping
 .text.HAL_NVIC_SetPriority
                0x000000000800b5e6       0x34 CMakeFiles/firmware.out.dir/Drivers/STM32WLxx_HAL_Driver/Src/stm32wlxx_hal_cortex.c.obj
                0x000000000800b5e6                HAL_NVIC_SetPriority
 .text.HAL_NVIC_EnableIRQ
                0x000000000800b61a       0x1c CMakeFiles/firmware.out.dir/Drivers/STM32WLxx_HAL_Driver/Src/stm32wlxx_hal_cortex.c.obj
                0x000000000800b61a                HAL_NVIC_EnableIRQ
 .text.HAL_SYSTICK_Config
                0x000000000800b636       0x18 CMakeFiles/firmware.out.dir/Drivers/STM32WLxx_HAL_Driver/Src/stm32wlxx_hal_cortex.c.obj
                0x000000000800b636                HAL_SYSTICK_Config
 *fill*         0x000000000800b64e        0x2 
 .text.HAL_Init
                0x000000000800b650       0x40 CMakeFiles/firmware.out.dir/Drivers/STM32WLxx_HAL_Driver/Src/stm32wlxx_hal.c.obj
                0x000000000800b650                HAL_Init
 .text.HAL_InitTick
                0x000000000800b690       0x74 CMakeFiles/firmware.out.dir/Drivers/STM32WLxx_HAL_Driver/Src/stm32wlxx_hal.c.obj
                0x000000000800b690                HAL_InitTick
 .text.HAL_IncTick
                0x000000000800b704       0x24 CMakeFiles/firmware.out.dir/Drivers/STM32WLxx_HAL_Driver/Src/stm32wlxx_hal.c.obj
                0x000000000800b704                HAL_IncTick
 .text.HAL_GetTick
                0x000000000800b728       0x14 CMakeFiles/firmware.out.dir/Drivers/STM32WLxx_HAL_Driver/Src/stm32wlxx_hal.c.obj
                0x000000000800b728                HAL_GetTick
 .text.HAL_Delay
                0x000000000800b73c       0x48 CMakeFiles/firmware.out.dir/Drivers/STM32WLxx_HAL_Driver/Src/stm32wlxx_hal.c.obj
                0x000000000800b73c                HAL_Delay
 .text.HAL_I2C_Init
                0x000000000800b784      0x11e CMakeFiles/firmware.out.dir/Drivers/STM32WLxx_HAL_Driver/Src/stm32wlxx_hal_i2c.c.obj
                0x000000000800b784                HAL_I2C_Init
 .text.HAL_I2CEx_ConfigAnalogFilter
                0x000000000800b8a2       0x94 CMakeFiles/firmware.out.dir/Drivers/STM32WLxx_HAL_Driver/Src/stm32wlxx_hal_i2c_ex.c.obj
                0x000000000800b8a2                HAL_I2CEx_ConfigAnalogFilter
 .text.HAL_I2CEx_ConfigDigitalFilter
                0x000000000800b936       0x96 CMakeFiles/firmware.out.dir/Drivers/STM32WLxx_HAL_Driver/Src/stm32wlxx_hal_i2c_ex.c.obj
                0x000000000800b936                HAL_I2CEx_ConfigDigitalFilter
 .text.HAL_SPI_Init
                0x000000000800b9cc      0x1a8 CMakeFiles/firmware.out.dir/Drivers/STM32WLxx_HAL_Driver/Src/stm32wlxx_hal_spi.c.obj
                0x000000000800b9cc                HAL_SPI_Init
 .text.HAL_TIM_Base_Init
                0x000000000800bb74       0xae CMakeFiles/firmware.out.dir/Drivers/STM32WLxx_HAL_Driver/Src/stm32wlxx_hal_tim.c.obj
                0x000000000800bb74                HAL_TIM_Base_Init
 .text.HAL_TIM_PWM_Init
                0x000000000800bc22       0xae CMakeFiles/firmware.out.dir/Drivers/STM32WLxx_HAL_Driver/Src/stm32wlxx_hal_tim.c.obj
                0x000000000800bc22                HAL_TIM_PWM_Init
 .text.HAL_TIM_PWM_MspInit
                0x000000000800bcd0       0x12 CMakeFiles/firmware.out.dir/Drivers/STM32WLxx_HAL_Driver/Src/stm32wlxx_hal_tim.c.obj
                0x000000000800bcd0                HAL_TIM_PWM_MspInit
 *fill*         0x000000000800bce2        0x2 
 .text.HAL_TIM_PWM_ConfigChannel
                0x000000000800bce4      0x228 CMakeFiles/firmware.out.dir/Drivers/STM32WLxx_HAL_Driver/Src/stm32wlxx_hal_tim.c.obj
                0x000000000800bce4                HAL_TIM_PWM_ConfigChannel
 .text.HAL_TIM_ConfigClockSource
                0x000000000800bf0c      0x192 CMakeFiles/firmware.out.dir/Drivers/STM32WLxx_HAL_Driver/Src/stm32wlxx_hal_tim.c.obj
                0x000000000800bf0c                HAL_TIM_ConfigClockSource
 *fill*         0x000000000800c09e        0x2 
 .text.TIM_Base_SetConfig
                0x000000000800c0a0       0xc4 CMakeFiles/firmware.out.dir/Drivers/STM32WLxx_HAL_Driver/Src/stm32wlxx_hal_tim.c.obj
                0x000000000800c0a0                TIM_Base_SetConfig
 .text.TIM_OC1_SetConfig
                0x000000000800c164       0xf8 CMakeFiles/firmware.out.dir/Drivers/STM32WLxx_HAL_Driver/Src/stm32wlxx_hal_tim.c.obj
 .text.TIM_OC2_SetConfig
                0x000000000800c25c       0xf0 CMakeFiles/firmware.out.dir/Drivers/STM32WLxx_HAL_Driver/Src/stm32wlxx_hal_tim.c.obj
                0x000000000800c25c                TIM_OC2_SetConfig
 .text.TIM_OC3_SetConfig
                0x000000000800c34c       0xf0 CMakeFiles/firmware.out.dir/Drivers/STM32WLxx_HAL_Driver/Src/stm32wlxx_hal_tim.c.obj
 .text.TIM_OC4_SetConfig
                0x000000000800c43c       0xb8 CMakeFiles/firmware.out.dir/Drivers/STM32WLxx_HAL_Driver/Src/stm32wlxx_hal_tim.c.obj
 .text.TIM_OC5_SetConfig
                0x000000000800c4f4       0xb0 CMakeFiles/firmware.out.dir/Drivers/STM32WLxx_HAL_Driver/Src/stm32wlxx_hal_tim.c.obj
 .text.TIM_OC6_SetConfig
                0x000000000800c5a4       0xb0 CMakeFiles/firmware.out.dir/Drivers/STM32WLxx_HAL_Driver/Src/stm32wlxx_hal_tim.c.obj
 .text.TIM_TI1_ConfigInputStage
                0x000000000800c654       0x5c CMakeFiles/firmware.out.dir/Drivers/STM32WLxx_HAL_Driver/Src/stm32wlxx_hal_tim.c.obj
 .text.TIM_TI2_ConfigInputStage
                0x000000000800c6b0       0x5e CMakeFiles/firmware.out.dir/Drivers/STM32WLxx_HAL_Driver/Src/stm32wlxx_hal_tim.c.obj
 .text.TIM_ITRx_SetConfig
                0x000000000800c70e       0x38 CMakeFiles/firmware.out.dir/Drivers/STM32WLxx_HAL_Driver/Src/stm32wlxx_hal_tim.c.obj
 .text.TIM_ETR_SetConfig
                0x000000000800c746       0x3e CMakeFiles/firmware.out.dir/Drivers/STM32WLxx_HAL_Driver/Src/stm32wlxx_hal_tim.c.obj
                0x000000000800c746                TIM_ETR_SetConfig
 .text.HAL_TIMEx_MasterConfigSynchronization
                0x000000000800c784       0xbc CMakeFiles/firmware.out.dir/Drivers/STM32WLxx_HAL_Driver/Src/stm32wlxx_hal_tim_ex.c.obj
                0x000000000800c784                HAL_TIMEx_MasterConfigSynchronization
 .text.LL_RCC_GetUSARTClockSource
                0x000000000800c840       0x24 CMakeFiles/firmware.out.dir/Drivers/STM32WLxx_HAL_Driver/Src/stm32wlxx_hal_uart.c.obj
 .text.LL_RCC_GetLPUARTClockSource
                0x000000000800c864       0x1e CMakeFiles/firmware.out.dir/Drivers/STM32WLxx_HAL_Driver/Src/stm32wlxx_hal_uart.c.obj
 .text.HAL_UART_Init
                0x000000000800c882       0xa0 CMakeFiles/firmware.out.dir/Drivers/STM32WLxx_HAL_Driver/Src/stm32wlxx_hal_uart.c.obj
                0x000000000800c882                HAL_UART_Init
 *fill*         0x000000000800c922        0x2 
 .text.UART_SetConfig
                0x000000000800c924      0x4e8 CMakeFiles/firmware.out.dir/Drivers/STM32WLxx_HAL_Driver/Src/stm32wlxx_hal_uart.c.obj
                0x000000000800c924                UART_SetConfig
 .text.UART_AdvFeatureConfig
                0x000000000800ce0c      0x142 CMakeFiles/firmware.out.dir/Drivers/STM32WLxx_HAL_Driver/Src/stm32wlxx_hal_uart.c.obj
                0x000000000800ce0c                UART_AdvFeatureConfig
 .text.UART_CheckIdleState
                0x000000000800cf4e       0x9c CMakeFiles/firmware.out.dir/Drivers/STM32WLxx_HAL_Driver/Src/stm32wlxx_hal_uart.c.obj
                0x000000000800cf4e                UART_CheckIdleState
 .text.UART_WaitOnFlagUntilTimeout
                0x000000000800cfea      0x190 CMakeFiles/firmware.out.dir/Drivers/STM32WLxx_HAL_Driver/Src/stm32wlxx_hal_uart.c.obj
                0x000000000800cfea                UART_WaitOnFlagUntilTimeout
 .text.HAL_UARTEx_DisableFifoMode
                0x000000000800d17a       0x70 CMakeFiles/firmware.out.dir/Drivers/STM32WLxx_HAL_Driver/Src/stm32wlxx_hal_uart_ex.c.obj
                0x000000000800d17a                HAL_UARTEx_DisableFifoMode
 .text.HAL_UARTEx_SetTxFifoThreshold
                0x000000000800d1ea       0x7c CMakeFiles/firmware.out.dir/Drivers/STM32WLxx_HAL_Driver/Src/stm32wlxx_hal_uart_ex.c.obj
                0x000000000800d1ea                HAL_UARTEx_SetTxFifoThreshold
 .text.HAL_UARTEx_SetRxFifoThreshold
                0x000000000800d266       0x7c CMakeFiles/firmware.out.dir/Drivers/STM32WLxx_HAL_Driver/Src/stm32wlxx_hal_uart_ex.c.obj
                0x000000000800d266                HAL_UARTEx_SetRxFifoThreshold
 *fill*         0x000000000800d2e2        0x2 
 .text.UARTEx_SetNbDataToProcess
                0x000000000800d2e4       0x98 CMakeFiles/firmware.out.dir/Drivers/STM32WLxx_HAL_Driver/Src/stm32wlxx_hal_uart_ex.c.obj
 .text.SystemInit
                0x000000000800d37c        0xc CMakeFiles/firmware.out.dir/Core/Src/system_stm32wlxx.c.obj
                0x000000000800d37c                SystemInit
 .text.Reset_Handler
                0x000000000800d388       0x50 CMakeFiles/firmware.out.dir/startup_stm32wle5xx.s.obj
                0x000000000800d388                Reset_Handler
 .text.Default_Handler
                0x000000000800d3d8        0x2 CMakeFiles/firmware.out.dir/startup_stm32wle5xx.s.obj
                0x000000000800d3d8                RTC_Alarm_IRQHandler
                0x000000000800d3d8                EXTI2_IRQHandler
                0x000000000800d3d8                TIM1_CC_IRQHandler
                0x000000000800d3d8                EXTI3_IRQHandler
                0x000000000800d3d8                LPTIM2_IRQHandler
                0x000000000800d3d8                I2C3_ER_IRQHandler
                0x000000000800d3d8                LPTIM3_IRQHandler
                0x000000000800d3d8                EXTI0_IRQHandler
                0x000000000800d3d8                I2C2_EV_IRQHandler
                0x000000000800d3d8                TAMP_STAMP_LSECSS_SSRU_IRQHandler
                0x000000000800d3d8                SPI1_IRQHandler
                0x000000000800d3d8                DMA2_Channel2_IRQHandler
                0x000000000800d3d8                DMA1_Channel4_IRQHandler
                0x000000000800d3d8                PKA_IRQHandler
                0x000000000800d3d8                TIM17_IRQHandler
                0x000000000800d3d8                DMA1_Channel7_IRQHandler
                0x000000000800d3d8                SUBGHZSPI_IRQHandler
                0x000000000800d3d8                DMA2_Channel1_IRQHandler
                0x000000000800d3d8                I2C1_EV_IRQHandler
                0x000000000800d3d8                SUBGHZ_Radio_IRQHandler
                0x000000000800d3d8                DMAMUX1_OVR_IRQHandler
                0x000000000800d3d8                DMA1_Channel6_IRQHandler
                0x000000000800d3d8                TIM16_IRQHandler
                0x000000000800d3d8                DMA2_Channel4_IRQHandler
                0x000000000800d3d8                RCC_IRQHandler
                0x000000000800d3d8                TIM1_TRG_COM_IRQHandler
                0x000000000800d3d8                Default_Handler
                0x000000000800d3d8                DMA2_Channel7_IRQHandler
                0x000000000800d3d8                EXTI15_10_IRQHandler
                0x000000000800d3d8                ADC_IRQHandler
                0x000000000800d3d8                I2C3_EV_IRQHandler
                0x000000000800d3d8                EXTI9_5_IRQHandler
                0x000000000800d3d8                RTC_WKUP_IRQHandler
                0x000000000800d3d8                PVD_PVM_IRQHandler
                0x000000000800d3d8                SPI2_IRQHandler
                0x000000000800d3d8                DMA2_Channel5_IRQHandler
                0x000000000800d3d8                DMA1_Channel5_IRQHandler
                0x000000000800d3d8                EXTI4_IRQHandler
                0x000000000800d3d8                RNG_IRQHandler
                0x000000000800d3d8                DMA1_Channel3_IRQHandler
                0x000000000800d3d8                COMP_IRQHandler
                0x000000000800d3d8                HSEM_IRQHandler
                0x000000000800d3d8                TIM1_UP_IRQHandler
                0x000000000800d3d8                WWDG_IRQHandler
                0x000000000800d3d8                LPUART1_IRQHandler
                0x000000000800d3d8                DMA2_Channel6_IRQHandler
                0x000000000800d3d8                TIM2_IRQHandler
                0x000000000800d3d8                TIM1_BRK_IRQHandler
                0x000000000800d3d8                DAC_IRQHandler
                0x000000000800d3d8                EXTI1_IRQHandler
                0x000000000800d3d8                AES_IRQHandler
                0x000000000800d3d8                USART2_IRQHandler
                0x000000000800d3d8                I2C2_ER_IRQHandler
                0x000000000800d3d8                DMA1_Channel2_IRQHandler
                0x000000000800d3d8                FLASH_IRQHandler
                0x000000000800d3d8                USART1_IRQHandler
                0x000000000800d3d8                I2C1_ER_IRQHandler
                0x000000000800d3d8                LPTIM1_IRQHandler
                0x000000000800d3d8                DMA2_Channel3_IRQHandler
 *fill*         0x000000000800d3da        0x2 
 .text.startup  0x000000000800d3dc       0x14 /usr/lib/gcc/arm-none-eabi/10.3.1/../../../arm-none-eabi/lib/thumb/v7e-m/nofp/libc.a(lib_a-__call_atexit.o)
 *(.glue_7)
 .glue_7        0x000000000800d3f0        0x0 linker stubs
 *(.glue_7t)
 .glue_7t       0x000000000800d3f0        0x0 linker stubs
 *(.eh_frame)
 .eh_frame      0x000000000800d3f0        0x0 /usr/lib/gcc/arm-none-eabi/10.3.1/thumb/v7e-m/nofp/crtbegin.o
 *(.init)
 .init          0x000000000800d3f0        0x4 /usr/lib/gcc/arm-none-eabi/10.3.1/thumb/v7e-m/nofp/crti.o
                0x000000000800d3f0                _init
 .init          0x000000000800d3f4        0x8 /usr/lib/gcc/arm-none-eabi/10.3.1/thumb/v7e-m/nofp/crtn.o
 *(.fini)
 .fini          0x000000000800d3fc        0x4 /usr/lib/gcc/arm-none-eabi/10.3.1/thumb/v7e-m/nofp/crti.o
                0x000000000800d3fc                _fini
 .fini          0x000000000800d400        0x8 /usr/lib/gcc/arm-none-eabi/10.3.1/thumb/v7e-m/nofp/crtn.o
                0x000000000800d408                . = ALIGN (0x8)
                0x000000000800d408                _etext = .

.vfp11_veneer   0x000000000800d408        0x0
 .vfp11_veneer  0x000000000800d408        0x0 linker stubs

.v4_bx          0x000000000800d408        0x0
 .v4_bx         0x000000000800d408        0x0 linker stubs

.iplt           0x000000000800d408        0x0
 .iplt          0x000000000800d408        0x0 /usr/lib/gcc/arm-none-eabi/10.3.1/thumb/v7e-m/nofp/crtbegin.o

.rodata         0x000000000800d408      0x4a8
                0x000000000800d408                . = ALIGN (0x8)
 *(.rodata)
 .rodata        0x000000000800d408       0x10 CMakeFiles/firmware.out.dir/Core/Src/main.cpp.obj
 .rodata        0x000000000800d418       0x1c CMakeFiles/firmware.out.dir/Drivers/STM32WLxx_HAL_Driver/Src/stm32wlxx_hal_rcc.c.obj
 .rodata        0x000000000800d434        0x4 /usr/lib/gcc/arm-none-eabi/10.3.1/../../../arm-none-eabi/lib/thumb/v7e-m/nofp/libc.a(lib_a-impure.o)
                0x000000000800d434                _global_impure_ptr
 .rodata        0x000000000800d438       0x20 /usr/lib/gcc/arm-none-eabi/10.3.1/../../../arm-none-eabi/lib/thumb/v7e-m/nofp/libc.a(lib_a-svfprintf.o)
 .rodata        0x000000000800d458      0x128 /usr/lib/gcc/arm-none-eabi/10.3.1/../../../arm-none-eabi/lib/thumb/v7e-m/nofp/libc.a(lib_a-mprec.o)
                0x000000000800d468                __mprec_tens
                0x000000000800d530                __mprec_tinytens
                0x000000000800d558                __mprec_bigtens
 .rodata        0x000000000800d580       0x20 /usr/lib/gcc/arm-none-eabi/10.3.1/../../../arm-none-eabi/lib/thumb/v7e-m/nofp/libc.a(lib_a-svfiprintf.o)
 .rodata        0x000000000800d5a0       0x20 /usr/lib/gcc/arm-none-eabi/10.3.1/../../../arm-none-eabi/lib/thumb/v7e-m/nofp/libc.a(lib_a-vfiprintf.o)
 .rodata        0x000000000800d5c0      0x101 /usr/lib/gcc/arm-none-eabi/10.3.1/../../../arm-none-eabi/lib/thumb/v7e-m/nofp/libc.a(lib_a-ctype_.o)
                0x000000000800d5c0                _ctype_
 *(.rodata*)
 *fill*         0x000000000800d6c1        0x3 
 .rodata.UARTPrescTable
                0x000000000800d6c4       0x18 CMakeFiles/firmware.out.dir/Drivers/STM32WLxx_HAL_Driver/Src/stm32wlxx_hal_uart.c.obj
                0x000000000800d6c4                UARTPrescTable
 .rodata.numerator.1
                0x000000000800d6dc        0x8 CMakeFiles/firmware.out.dir/Drivers/STM32WLxx_HAL_Driver/Src/stm32wlxx_hal_uart_ex.c.obj
 .rodata.denominator.0
                0x000000000800d6e4        0x8 CMakeFiles/firmware.out.dir/Drivers/STM32WLxx_HAL_Driver/Src/stm32wlxx_hal_uart_ex.c.obj
 .rodata.AHBPrescTable
                0x000000000800d6ec       0x40 CMakeFiles/firmware.out.dir/Core/Src/system_stm32wlxx.c.obj
                0x000000000800d6ec                AHBPrescTable
 .rodata.APBPrescTable
                0x000000000800d72c       0x20 CMakeFiles/firmware.out.dir/Core/Src/system_stm32wlxx.c.obj
                0x000000000800d72c                APBPrescTable
 .rodata.MSIRangeTable
                0x000000000800d74c       0x40 CMakeFiles/firmware.out.dir/Core/Src/system_stm32wlxx.c.obj
                0x000000000800d74c                MSIRangeTable
 .rodata.str1.4
                0x000000000800d78c       0x42 /usr/lib/gcc/arm-none-eabi/10.3.1/../../../arm-none-eabi/lib/thumb/v7e-m/nofp/libc.a(lib_a-svfprintf.o)
 *fill*         0x000000000800d7ce        0x2 
 .rodata.str1.4
                0x000000000800d7d0       0x56 /usr/lib/gcc/arm-none-eabi/10.3.1/../../../arm-none-eabi/lib/thumb/v7e-m/nofp/libc.a(lib_a-dtoa.o)
                                         0x5a (size before relaxing)
 *fill*         0x000000000800d826        0x2 
 .rodata.str1.4
                0x000000000800d828       0x33 /usr/lib/gcc/arm-none-eabi/10.3.1/../../../arm-none-eabi/lib/thumb/v7e-m/nofp/libc.a(lib_a-mprec.o)
                                         0x47 (size before relaxing)
 .rodata.str1.4
                0x000000000800d85b       0x2f /usr/lib/gcc/arm-none-eabi/10.3.1/../../../arm-none-eabi/lib/thumb/v7e-m/nofp/libc.a(lib_a-svfiprintf.o)
 *fill*         0x000000000800d85b        0x1 
 .rodata.str1.4
                0x000000000800d85c       0x3f /usr/lib/gcc/arm-none-eabi/10.3.1/../../../arm-none-eabi/lib/thumb/v7e-m/nofp/libc.a(lib_a-assert.o)
                                         0x43 (size before relaxing)
 *fill*         0x000000000800d89b        0x1 
 .rodata.str1.4
                0x000000000800d89c        0xe /usr/lib/gcc/arm-none-eabi/10.3.1/../../../arm-none-eabi/lib/thumb/v7e-m/nofp/libc.a(lib_a-locale.o)
                                         0x12 (size before relaxing)
 .rodata.str1.4
                0x000000000800d8aa       0x2f /usr/lib/gcc/arm-none-eabi/10.3.1/../../../arm-none-eabi/lib/thumb/v7e-m/nofp/libc.a(lib_a-vfiprintf.o)
                0x000000000800d8e0                . = ALIGN (0x8)
 *fill*         0x000000000800d8aa        0x6 

.ARM.extab      0x000000000800d8b0        0x0
                0x000000000800d8b0                . = ALIGN (0x8)
 *(.ARM.extab* .gnu.linkonce.armextab.*)
                0x000000000800d8b0                . = ALIGN (0x8)

.ARM            0x000000000800d8b0        0x8
                0x000000000800d8b0                . = ALIGN (0x8)
                0x000000000800d8b0                __exidx_start = .
 *(.ARM.exidx*)
 .ARM.exidx     0x000000000800d8b0        0x8 /usr/lib/gcc/arm-none-eabi/10.3.1/thumb/v7e-m/nofp/libgcc.a(_udivmoddi4.o)
                0x000000000800d8b8                __exidx_end = .
                0x000000000800d8b8                . = ALIGN (0x8)

.rel.dyn        0x000000000800d8b8        0x0
 .rel.iplt      0x000000000800d8b8        0x0 /usr/lib/gcc/arm-none-eabi/10.3.1/thumb/v7e-m/nofp/crtbegin.o

.preinit_array  0x000000000800d8b8        0x0
                0x000000000800d8b8                . = ALIGN (0x8)
                0x000000000800d8b8                PROVIDE (__preinit_array_start = .)
 *(.preinit_array*)
                0x000000000800d8b8                PROVIDE (__preinit_array_end = .)
                0x000000000800d8b8                . = ALIGN (0x8)

.init_array     0x000000000800d8b8        0x8
                0x000000000800d8b8                . = ALIGN (0x8)
                0x000000000800d8b8                PROVIDE (__init_array_start = .)
 *(SORT_BY_NAME(.init_array.*))
 .init_array.00000
                0x000000000800d8b8        0x4 /usr/lib/gcc/arm-none-eabi/10.3.1/../../../arm-none-eabi/lib/thumb/v7e-m/nofp/libc.a(lib_a-__call_atexit.o)
 *(.init_array*)
 .init_array    0x000000000800d8bc        0x4 /usr/lib/gcc/arm-none-eabi/10.3.1/thumb/v7e-m/nofp/crtbegin.o
                0x000000000800d8c0                PROVIDE (__init_array_end = .)
                0x000000000800d8c0                . = ALIGN (0x8)

.fini_array     0x000000000800d8c0        0x8
                0x000000000800d8c0                . = ALIGN (0x8)
                0x000000000800d8c0                PROVIDE (__fini_array_start = .)
 *(SORT_BY_NAME(.fini_array.*))
 *(.fini_array*)
 .fini_array    0x000000000800d8c0        0x4 /usr/lib/gcc/arm-none-eabi/10.3.1/thumb/v7e-m/nofp/crtbegin.o
                0x000000000800d8c4                PROVIDE (__fini_array_end = .)
                0x000000000800d8c8                . = ALIGN (0x8)
 *fill*         0x000000000800d8c4        0x4 
                0x000000000800d8c8                _sidata = LOADADDR (.data)

.data           0x0000000020000000      0xa20 load address 0x000000000800d8c8
                0x0000000020000000                . = ALIGN (0x8)
                0x0000000020000000                _sdata = .
 *(.data)
 .data          0x0000000020000000      0x430 /usr/lib/gcc/arm-none-eabi/10.3.1/../../../arm-none-eabi/lib/thumb/v7e-m/nofp/libc.a(lib_a-impure.o)
                0x0000000020000000                _impure_ptr
 .data          0x0000000020000430      0x410 /usr/lib/gcc/arm-none-eabi/10.3.1/../../../arm-none-eabi/lib/thumb/v7e-m/nofp/libc.a(lib_a-mallocr.o)
                0x0000000020000430                __malloc_av_
                0x0000000020000838                __malloc_sbrk_base
                0x000000002000083c                __malloc_trim_threshold
 .data          0x0000000020000840      0x16c /usr/lib/gcc/arm-none-eabi/10.3.1/../../../arm-none-eabi/lib/thumb/v7e-m/nofp/libc.a(lib_a-locale.o)
                0x0000000020000840                __global_locale
 *(.data*)
 .data.msg      0x00000000200009ac       0x64 CMakeFiles/firmware.out.dir/Core/Src/main.cpp.obj
                0x00000000200009ac                msg
 .data.uwTickPrio
                0x0000000020000a10        0x4 CMakeFiles/firmware.out.dir/Drivers/STM32WLxx_HAL_Driver/Src/stm32wlxx_hal.c.obj
                0x0000000020000a10                uwTickPrio
 .data.uwTickFreq
                0x0000000020000a14        0x1 CMakeFiles/firmware.out.dir/Drivers/STM32WLxx_HAL_Driver/Src/stm32wlxx_hal.c.obj
                0x0000000020000a14                uwTickFreq
 *fill*         0x0000000020000a15        0x3 
 .data.SystemCoreClock
                0x0000000020000a18        0x4 CMakeFiles/firmware.out.dir/Core/Src/system_stm32wlxx.c.obj
                0x0000000020000a18                SystemCoreClock
                0x0000000020000a20                . = ALIGN (0x8)
 *fill*         0x0000000020000a1c        0x4 
                0x0000000020000a20                _edata = .

.tm_clone_table
                0x0000000020000a20        0x0 load address 0x000000000800e2e8
 .tm_clone_table
                0x0000000020000a20        0x0 /usr/lib/gcc/arm-none-eabi/10.3.1/thumb/v7e-m/nofp/crtbegin.o
 .tm_clone_table
                0x0000000020000a20        0x0 /usr/lib/gcc/arm-none-eabi/10.3.1/thumb/v7e-m/nofp/crtend.o

.igot.plt       0x0000000020000a20        0x0 load address 0x000000000800e2e8
 .igot.plt      0x0000000020000a20        0x0 /usr/lib/gcc/arm-none-eabi/10.3.1/thumb/v7e-m/nofp/crtbegin.o
                0x0000000020000a20                . = ALIGN (0x8)

.bss            0x0000000020000a20      0x2b8 load address 0x000000000800e2e8
                0x0000000020000a20                _sbss = .
                0x0000000020000a20                __bss_start__ = _sbss
 *(.bss)
 .bss           0x0000000020000a20       0x1c /usr/lib/gcc/arm-none-eabi/10.3.1/thumb/v7e-m/nofp/crtbegin.o
 .bss           0x0000000020000a3c       0x34 /usr/lib/gcc/arm-none-eabi/10.3.1/../../../arm-none-eabi/lib/thumb/v7e-m/nofp/libc.a(lib_a-mallocr.o)
                0x0000000020000a3c                __malloc_top_pad
                0x0000000020000a40                __malloc_current_mallinfo
                0x0000000020000a68                __malloc_max_sbrked_mem
                0x0000000020000a6c                __malloc_max_total_mem
 .bss           0x0000000020000a70        0x4 /usr/lib/gcc/arm-none-eabi/10.3.1/../../../arm-none-eabi/lib/thumb/v7e-m/nofp/libc.a(lib_a-reent.o)
                0x0000000020000a70                errno
 .bss           0x0000000020000a74        0x4 /usr/lib/gcc/arm-none-eabi/10.3.1/../../../arm-none-eabi/lib/thumb/v7e-m/nofp/libnosys.a(sbrk.o)
 *(.bss*)
 .bss.hadc      0x0000000020000a78       0x64 CMakeFiles/firmware.out.dir/Core/Src/main.cpp.obj
                0x0000000020000a78                hadc
 .bss.hi2c2     0x0000000020000adc       0x54 CMakeFiles/firmware.out.dir/Core/Src/main.cpp.obj
                0x0000000020000adc                hi2c2
 .bss.hspi2     0x0000000020000b30       0x64 CMakeFiles/firmware.out.dir/Core/Src/main.cpp.obj
                0x0000000020000b30                hspi2
 .bss.htim2     0x0000000020000b94       0x4c CMakeFiles/firmware.out.dir/Core/Src/main.cpp.obj
                0x0000000020000b94                htim2
 .bss.huart1    0x0000000020000be0       0x94 CMakeFiles/firmware.out.dir/Core/Src/main.cpp.obj
                0x0000000020000be0                huart1
 .bss.hdma_usart1_tx
                0x0000000020000c74       0x60 CMakeFiles/firmware.out.dir/Core/Src/main.cpp.obj
                0x0000000020000c74                hdma_usart1_tx
 .bss.uwTick    0x0000000020000cd4        0x4 CMakeFiles/firmware.out.dir/Drivers/STM32WLxx_HAL_Driver/Src/stm32wlxx_hal.c.obj
                0x0000000020000cd4                uwTick
 *(COMMON)
                0x0000000020000cd8                . = ALIGN (0x8)
                0x0000000020000cd8                _ebss = .
                0x0000000020000cd8                __bss_end__ = _ebss
                0x0000000020000cd8                . = ALIGN (0x8)

RAM1_region     0x0000000020000cd8        0x0 load address 0x000000000800e2e8
                0x0000000020000cd8                _sRAM1_region = .
 *(.RAM1_region)
                0x0000000020000cd8                . = ALIGN (0x8)
                0x0000000020000cd8                _eRAM1_region = .
                0x0000000020000cd8                . = ALIGN (0x8)

RAM2_region     0x0000000020008000        0x0
                0x0000000020008000                _sRAM2_region = .
 *(.RAM2_region)
                0x0000000020008000                . = ALIGN (0x8)
                0x0000000020008000                _eRAM2_region = .

._user_heap_stack
                0x0000000020000cd8      0x600
                0x0000000020000cd8                . = ALIGN (0x8)
                0x0000000020000cd8                PROVIDE (end = .)
                [!provide]                        PROVIDE (_end = .)
                0x0000000020000ed8                . = (. + _Min_Heap_Size)
 *fill*         0x0000000020000cd8      0x200 
                0x00000000200012d8                . = (. + _Min_Stack_Size)
 *fill*         0x0000000020000ed8      0x400 
                0x00000000200012d8                . = ALIGN (0x8)

/DISCARD/
 libc.a(*)
 libm.a(*)
 libgcc.a(*)

.ARM.attributes
                0x0000000000000000       0x2a
 *(.ARM.attributes)
 .ARM.attributes
                0x0000000000000000       0x1e /usr/lib/gcc/arm-none-eabi/10.3.1/thumb/v7e-m/nofp/crti.o
 .ARM.attributes
                0x000000000000001e       0x2e /usr/lib/gcc/arm-none-eabi/10.3.1/thumb/v7e-m/nofp/crtbegin.o
 .ARM.attributes
                0x000000000000004c       0x2e CMakeFiles/firmware.out.dir/Core/Src/main.cpp.obj
 .ARM.attributes
                0x000000000000007a       0x2e CMakeFiles/firmware.out.dir/Core/Src/stm32wlxx_it.c.obj
 .ARM.attributes
                0x00000000000000a8       0x2e CMakeFiles/firmware.out.dir/Core/Src/stm32wlxx_hal_msp.c.obj
 .ARM.attributes
                0x00000000000000d6       0x2e CMakeFiles/firmware.out.dir/Drivers/STM32WLxx_HAL_Driver/Src/stm32wlxx_hal_adc.c.obj
 .ARM.attributes
                0x0000000000000104       0x2e CMakeFiles/firmware.out.dir/Drivers/STM32WLxx_HAL_Driver/Src/stm32wlxx_hal_rcc.c.obj
 .ARM.attributes
                0x0000000000000132       0x2e CMakeFiles/firmware.out.dir/Drivers/STM32WLxx_HAL_Driver/Src/stm32wlxx_hal_rcc_ex.c.obj
 .ARM.attributes
                0x0000000000000160       0x2e CMakeFiles/firmware.out.dir/Drivers/STM32WLxx_HAL_Driver/Src/stm32wlxx_hal_gpio.c.obj
 .ARM.attributes
                0x000000000000018e       0x2e CMakeFiles/firmware.out.dir/Drivers/STM32WLxx_HAL_Driver/Src/stm32wlxx_hal_dma.c.obj
 .ARM.attributes
                0x00000000000001bc       0x2e CMakeFiles/firmware.out.dir/Drivers/STM32WLxx_HAL_Driver/Src/stm32wlxx_hal_pwr.c.obj
 .ARM.attributes
                0x00000000000001ea       0x2e CMakeFiles/firmware.out.dir/Drivers/STM32WLxx_HAL_Driver/Src/stm32wlxx_hal_pwr_ex.c.obj
 .ARM.attributes
                0x0000000000000218       0x2e CMakeFiles/firmware.out.dir/Drivers/STM32WLxx_HAL_Driver/Src/stm32wlxx_hal_cortex.c.obj
 .ARM.attributes
                0x0000000000000246       0x2e CMakeFiles/firmware.out.dir/Drivers/STM32WLxx_HAL_Driver/Src/stm32wlxx_hal.c.obj
 .ARM.attributes
                0x0000000000000274       0x2e CMakeFiles/firmware.out.dir/Drivers/STM32WLxx_HAL_Driver/Src/stm32wlxx_hal_i2c.c.obj
 .ARM.attributes
                0x00000000000002a2       0x2e CMakeFiles/firmware.out.dir/Drivers/STM32WLxx_HAL_Driver/Src/stm32wlxx_hal_i2c_ex.c.obj
 .ARM.attributes
                0x00000000000002d0       0x2e CMakeFiles/firmware.out.dir/Drivers/STM32WLxx_HAL_Driver/Src/stm32wlxx_hal_spi.c.obj
 .ARM.attributes
                0x00000000000002fe       0x2e CMakeFiles/firmware.out.dir/Drivers/STM32WLxx_HAL_Driver/Src/stm32wlxx_hal_tim.c.obj
 .ARM.attributes
                0x000000000000032c       0x2e CMakeFiles/firmware.out.dir/Drivers/STM32WLxx_HAL_Driver/Src/stm32wlxx_hal_tim_ex.c.obj
 .ARM.attributes
                0x000000000000035a       0x2e CMakeFiles/firmware.out.dir/Drivers/STM32WLxx_HAL_Driver/Src/stm32wlxx_hal_uart.c.obj
 .ARM.attributes
                0x0000000000000388       0x2e CMakeFiles/firmware.out.dir/Drivers/STM32WLxx_HAL_Driver/Src/stm32wlxx_hal_uart_ex.c.obj
 .ARM.attributes
                0x00000000000003b6       0x2e CMakeFiles/firmware.out.dir/Core/Src/system_stm32wlxx.c.obj
 .ARM.attributes
                0x00000000000003e4       0x21 CMakeFiles/firmware.out.dir/startup_stm32wle5xx.s.obj
 .ARM.attributes
                0x0000000000000405       0x2e /usr/lib/gcc/arm-none-eabi/10.3.1/../../../arm-none-eabi/lib/thumb/v7e-m/nofp/libc.a(lib_a-atexit.o)
 .ARM.attributes
                0x0000000000000433       0x2e /usr/lib/gcc/arm-none-eabi/10.3.1/../../../arm-none-eabi/lib/thumb/v7e-m/nofp/libc.a(lib_a-fini.o)
 .ARM.attributes
                0x0000000000000461       0x2e /usr/lib/gcc/arm-none-eabi/10.3.1/../../../arm-none-eabi/lib/thumb/v7e-m/nofp/libc.a(lib_a-impure.o)
 .ARM.attributes
                0x000000000000048f       0x2e /usr/lib/gcc/arm-none-eabi/10.3.1/../../../arm-none-eabi/lib/thumb/v7e-m/nofp/libc.a(lib_a-init.o)
 .ARM.attributes
                0x00000000000004bd       0x2e /usr/lib/gcc/arm-none-eabi/10.3.1/../../../arm-none-eabi/lib/thumb/v7e-m/nofp/libc.a(lib_a-memset.o)
 .ARM.attributes
                0x00000000000004eb       0x2e /usr/lib/gcc/arm-none-eabi/10.3.1/../../../arm-none-eabi/lib/thumb/v7e-m/nofp/libc.a(lib_a-sprintf.o)
 .ARM.attributes
                0x0000000000000519       0x1c /usr/lib/gcc/arm-none-eabi/10.3.1/../../../arm-none-eabi/lib/thumb/v7e-m/nofp/libc.a(lib_a-strlen.o)
 .ARM.attributes
                0x0000000000000535       0x2e /usr/lib/gcc/arm-none-eabi/10.3.1/../../../arm-none-eabi/lib/thumb/v7e-m/nofp/libc.a(lib_a-svfprintf.o)
 .ARM.attributes
                0x0000000000000563       0x2e /usr/lib/gcc/arm-none-eabi/10.3.1/../../../arm-none-eabi/lib/thumb/v7e-m/nofp/libc.a(lib_a-__atexit.o)
 .ARM.attributes
                0x0000000000000591       0x2e /usr/lib/gcc/arm-none-eabi/10.3.1/../../../arm-none-eabi/lib/thumb/v7e-m/nofp/libc.a(lib_a-__call_atexit.o)
 .ARM.attributes
                0x00000000000005bf       0x2e /usr/lib/gcc/arm-none-eabi/10.3.1/../../../arm-none-eabi/lib/thumb/v7e-m/nofp/libc.a(lib_a-dtoa.o)
 .ARM.attributes
                0x00000000000005ed       0x2e /usr/lib/gcc/arm-none-eabi/10.3.1/../../../arm-none-eabi/lib/thumb/v7e-m/nofp/libc.a(lib_a-localeconv.o)
 .ARM.attributes
                0x000000000000061b       0x2e /usr/lib/gcc/arm-none-eabi/10.3.1/../../../arm-none-eabi/lib/thumb/v7e-m/nofp/libc.a(lib_a-mallocr.o)
 .ARM.attributes
                0x0000000000000649       0x1c /usr/lib/gcc/arm-none-eabi/10.3.1/../../../arm-none-eabi/lib/thumb/v7e-m/nofp/libc.a(lib_a-memchr.o)
 .ARM.attributes
                0x0000000000000665       0x1c /usr/lib/gcc/arm-none-eabi/10.3.1/../../../arm-none-eabi/lib/thumb/v7e-m/nofp/libc.a(lib_a-memcpy.o)
 .ARM.attributes
                0x0000000000000681       0x2e /usr/lib/gcc/arm-none-eabi/10.3.1/../../../arm-none-eabi/lib/thumb/v7e-m/nofp/libc.a(lib_a-mlock.o)
 .ARM.attributes
                0x00000000000006af       0x2e /usr/lib/gcc/arm-none-eabi/10.3.1/../../../arm-none-eabi/lib/thumb/v7e-m/nofp/libc.a(lib_a-mprec.o)
 .ARM.attributes
                0x00000000000006dd       0x2e /usr/lib/gcc/arm-none-eabi/10.3.1/../../../arm-none-eabi/lib/thumb/v7e-m/nofp/libc.a(lib_a-sbrkr.o)
 .ARM.attributes
                0x000000000000070b       0x2e /usr/lib/gcc/arm-none-eabi/10.3.1/../../../arm-none-eabi/lib/thumb/v7e-m/nofp/libc.a(lib_a-svfiprintf.o)
 .ARM.attributes
                0x0000000000000739       0x2e /usr/lib/gcc/arm-none-eabi/10.3.1/../../../arm-none-eabi/lib/thumb/v7e-m/nofp/libc.a(lib_a-assert.o)
 .ARM.attributes
                0x0000000000000767       0x2e /usr/lib/gcc/arm-none-eabi/10.3.1/../../../arm-none-eabi/lib/thumb/v7e-m/nofp/libc.a(lib_a-callocr.o)
 .ARM.attributes
                0x0000000000000795       0x2e /usr/lib/gcc/arm-none-eabi/10.3.1/../../../arm-none-eabi/lib/thumb/v7e-m/nofp/libc.a(lib_a-fiprintf.o)
 .ARM.attributes
                0x00000000000007c3       0x2e /usr/lib/gcc/arm-none-eabi/10.3.1/../../../arm-none-eabi/lib/thumb/v7e-m/nofp/libc.a(lib_a-freer.o)
 .ARM.attributes
                0x00000000000007f1       0x2e /usr/lib/gcc/arm-none-eabi/10.3.1/../../../arm-none-eabi/lib/thumb/v7e-m/nofp/libc.a(lib_a-locale.o)
 .ARM.attributes
                0x000000000000081f       0x2e /usr/lib/gcc/arm-none-eabi/10.3.1/../../../arm-none-eabi/lib/thumb/v7e-m/nofp/libc.a(lib_a-mbtowc_r.o)
 .ARM.attributes
                0x000000000000084d       0x2e /usr/lib/gcc/arm-none-eabi/10.3.1/../../../arm-none-eabi/lib/thumb/v7e-m/nofp/libc.a(lib_a-memmove.o)
 .ARM.attributes
                0x000000000000087b       0x2e /usr/lib/gcc/arm-none-eabi/10.3.1/../../../arm-none-eabi/lib/thumb/v7e-m/nofp/libc.a(lib_a-reallocr.o)
 .ARM.attributes
                0x00000000000008a9       0x2e /usr/lib/gcc/arm-none-eabi/10.3.1/../../../arm-none-eabi/lib/thumb/v7e-m/nofp/libc.a(lib_a-reent.o)
 .ARM.attributes
                0x00000000000008d7       0x1c /usr/lib/gcc/arm-none-eabi/10.3.1/../../../arm-none-eabi/lib/thumb/v7e-m/nofp/libc.a(lib_a-strcmp.o)
 .ARM.attributes
                0x00000000000008f3       0x2e /usr/lib/gcc/arm-none-eabi/10.3.1/../../../arm-none-eabi/lib/thumb/v7e-m/nofp/libc.a(lib_a-vfiprintf.o)
 .ARM.attributes
                0x0000000000000921       0x2e /usr/lib/gcc/arm-none-eabi/10.3.1/../../../arm-none-eabi/lib/thumb/v7e-m/nofp/libc.a(lib_a-wctomb_r.o)
 .ARM.attributes
                0x000000000000094f       0x2e /usr/lib/gcc/arm-none-eabi/10.3.1/../../../arm-none-eabi/lib/thumb/v7e-m/nofp/libc.a(lib_a-wsetup.o)
 .ARM.attributes
                0x000000000000097d       0x2e /usr/lib/gcc/arm-none-eabi/10.3.1/../../../arm-none-eabi/lib/thumb/v7e-m/nofp/libc.a(lib_a-abort.o)
 .ARM.attributes
                0x00000000000009ab       0x2e /usr/lib/gcc/arm-none-eabi/10.3.1/../../../arm-none-eabi/lib/thumb/v7e-m/nofp/libc.a(lib_a-ctype_.o)
 .ARM.attributes
                0x00000000000009d9       0x2e /usr/lib/gcc/arm-none-eabi/10.3.1/../../../arm-none-eabi/lib/thumb/v7e-m/nofp/libc.a(lib_a-fflush.o)
 .ARM.attributes
                0x0000000000000a07       0x2e /usr/lib/gcc/arm-none-eabi/10.3.1/../../../arm-none-eabi/lib/thumb/v7e-m/nofp/libc.a(lib_a-findfp.o)
 .ARM.attributes
                0x0000000000000a35       0x2e /usr/lib/gcc/arm-none-eabi/10.3.1/../../../arm-none-eabi/lib/thumb/v7e-m/nofp/libc.a(lib_a-fputwc.o)
 .ARM.attributes
                0x0000000000000a63       0x2e /usr/lib/gcc/arm-none-eabi/10.3.1/../../../arm-none-eabi/lib/thumb/v7e-m/nofp/libc.a(lib_a-fvwrite.o)
 .ARM.attributes
                0x0000000000000a91       0x2e /usr/lib/gcc/arm-none-eabi/10.3.1/../../../arm-none-eabi/lib/thumb/v7e-m/nofp/libc.a(lib_a-fwalk.o)
 .ARM.attributes
                0x0000000000000abf       0x2e /usr/lib/gcc/arm-none-eabi/10.3.1/../../../arm-none-eabi/lib/thumb/v7e-m/nofp/libc.a(lib_a-makebuf.o)
 .ARM.attributes
                0x0000000000000aed       0x2e /usr/lib/gcc/arm-none-eabi/10.3.1/../../../arm-none-eabi/lib/thumb/v7e-m/nofp/libc.a(lib_a-signal.o)
 .ARM.attributes
                0x0000000000000b1b       0x2e /usr/lib/gcc/arm-none-eabi/10.3.1/../../../arm-none-eabi/lib/thumb/v7e-m/nofp/libc.a(lib_a-signalr.o)
 .ARM.attributes
                0x0000000000000b49       0x2e /usr/lib/gcc/arm-none-eabi/10.3.1/../../../arm-none-eabi/lib/thumb/v7e-m/nofp/libc.a(lib_a-stdio.o)
 .ARM.attributes
                0x0000000000000b77       0x2e /usr/lib/gcc/arm-none-eabi/10.3.1/../../../arm-none-eabi/lib/thumb/v7e-m/nofp/libc.a(lib_a-wbuf.o)
 .ARM.attributes
                0x0000000000000ba5       0x2e /usr/lib/gcc/arm-none-eabi/10.3.1/../../../arm-none-eabi/lib/thumb/v7e-m/nofp/libc.a(lib_a-wcrtomb.o)
 .ARM.attributes
                0x0000000000000bd3       0x2e /usr/lib/gcc/arm-none-eabi/10.3.1/../../../arm-none-eabi/lib/thumb/v7e-m/nofp/libc.a(lib_a-writer.o)
 .ARM.attributes
                0x0000000000000c01       0x2e /usr/lib/gcc/arm-none-eabi/10.3.1/../../../arm-none-eabi/lib/thumb/v7e-m/nofp/libc.a(lib_a-closer.o)
 .ARM.attributes
                0x0000000000000c2f       0x2e /usr/lib/gcc/arm-none-eabi/10.3.1/../../../arm-none-eabi/lib/thumb/v7e-m/nofp/libc.a(lib_a-fclose.o)
 .ARM.attributes
                0x0000000000000c5d       0x2e /usr/lib/gcc/arm-none-eabi/10.3.1/../../../arm-none-eabi/lib/thumb/v7e-m/nofp/libc.a(lib_a-fstatr.o)
 .ARM.attributes
                0x0000000000000c8b       0x2e /usr/lib/gcc/arm-none-eabi/10.3.1/../../../arm-none-eabi/lib/thumb/v7e-m/nofp/libc.a(lib_a-isattyr.o)
 .ARM.attributes
                0x0000000000000cb9       0x2e /usr/lib/gcc/arm-none-eabi/10.3.1/../../../arm-none-eabi/lib/thumb/v7e-m/nofp/libc.a(lib_a-lseekr.o)
 .ARM.attributes
                0x0000000000000ce7       0x2e /usr/lib/gcc/arm-none-eabi/10.3.1/../../../arm-none-eabi/lib/thumb/v7e-m/nofp/libc.a(lib_a-readr.o)
 .ARM.attributes
                0x0000000000000d15       0x1e /usr/lib/gcc/arm-none-eabi/10.3.1/thumb/v7e-m/nofp/libgcc.a(_arm_addsubdf3.o)
 .ARM.attributes
                0x0000000000000d33       0x1e /usr/lib/gcc/arm-none-eabi/10.3.1/thumb/v7e-m/nofp/libgcc.a(_arm_muldivdf3.o)
 .ARM.attributes
                0x0000000000000d51       0x1e /usr/lib/gcc/arm-none-eabi/10.3.1/thumb/v7e-m/nofp/libgcc.a(_arm_cmpdf2.o)
 .ARM.attributes
                0x0000000000000d6f       0x1e /usr/lib/gcc/arm-none-eabi/10.3.1/thumb/v7e-m/nofp/libgcc.a(_arm_unorddf2.o)
 .ARM.attributes
                0x0000000000000d8d       0x1e /usr/lib/gcc/arm-none-eabi/10.3.1/thumb/v7e-m/nofp/libgcc.a(_arm_fixdfsi.o)
 .ARM.attributes
                0x0000000000000dab       0x1e /usr/lib/gcc/arm-none-eabi/10.3.1/thumb/v7e-m/nofp/libgcc.a(_aeabi_uldivmod.o)
 .ARM.attributes
                0x0000000000000dc9       0x2e /usr/lib/gcc/arm-none-eabi/10.3.1/thumb/v7e-m/nofp/libgcc.a(_udivmoddi4.o)
 .ARM.attributes
                0x0000000000000df7       0x1e /usr/lib/gcc/arm-none-eabi/10.3.1/thumb/v7e-m/nofp/libgcc.a(_dvmd_tls.o)
 .ARM.attributes
                0x0000000000000e15       0x2e /usr/lib/gcc/arm-none-eabi/10.3.1/../../../arm-none-eabi/lib/thumb/v7e-m/nofp/libnosys.a(close.o)
 .ARM.attributes
                0x0000000000000e43       0x2e /usr/lib/gcc/arm-none-eabi/10.3.1/../../../arm-none-eabi/lib/thumb/v7e-m/nofp/libnosys.a(fstat.o)
 .ARM.attributes
                0x0000000000000e71       0x2e /usr/lib/gcc/arm-none-eabi/10.3.1/../../../arm-none-eabi/lib/thumb/v7e-m/nofp/libnosys.a(getpid.o)
 .ARM.attributes
                0x0000000000000e9f       0x2e /usr/lib/gcc/arm-none-eabi/10.3.1/../../../arm-none-eabi/lib/thumb/v7e-m/nofp/libnosys.a(isatty.o)
 .ARM.attributes
                0x0000000000000ecd       0x2e /usr/lib/gcc/arm-none-eabi/10.3.1/../../../arm-none-eabi/lib/thumb/v7e-m/nofp/libnosys.a(kill.o)
 .ARM.attributes
                0x0000000000000efb       0x2e /usr/lib/gcc/arm-none-eabi/10.3.1/../../../arm-none-eabi/lib/thumb/v7e-m/nofp/libnosys.a(lseek.o)
 .ARM.attributes
                0x0000000000000f29       0x2e /usr/lib/gcc/arm-none-eabi/10.3.1/../../../arm-none-eabi/lib/thumb/v7e-m/nofp/libnosys.a(read.o)
 .ARM.attributes
                0x0000000000000f57       0x2e /usr/lib/gcc/arm-none-eabi/10.3.1/../../../arm-none-eabi/lib/thumb/v7e-m/nofp/libnosys.a(sbrk.o)
 .ARM.attributes
                0x0000000000000f85       0x2e /usr/lib/gcc/arm-none-eabi/10.3.1/../../../arm-none-eabi/lib/thumb/v7e-m/nofp/libnosys.a(write.o)
 .ARM.attributes
                0x0000000000000fb3       0x2e /usr/lib/gcc/arm-none-eabi/10.3.1/../../../arm-none-eabi/lib/thumb/v7e-m/nofp/libnosys.a(_exit.o)
 .ARM.attributes
                0x0000000000000fe1       0x2e /usr/lib/gcc/arm-none-eabi/10.3.1/thumb/v7e-m/nofp/crtend.o
 .ARM.attributes
                0x000000000000100f       0x1e /usr/lib/gcc/arm-none-eabi/10.3.1/thumb/v7e-m/nofp/crtn.o
OUTPUT(firmware.out elf32-littlearm)
LOAD linker stubs
LOAD /usr/lib/gcc/arm-none-eabi/10.3.1/../../../arm-none-eabi/lib/thumb/v7e-m/nofp/libc.a
LOAD /usr/lib/gcc/arm-none-eabi/10.3.1/../../../arm-none-eabi/lib/thumb/v7e-m/nofp/libm.a
LOAD /usr/lib/gcc/arm-none-eabi/10.3.1/thumb/v7e-m/nofp/libgcc.a

.comment        0x0000000000000000       0x33
 .comment       0x0000000000000000       0x33 /usr/lib/gcc/arm-none-eabi/10.3.1/thumb/v7e-m/nofp/crtbegin.o
                                         0x34 (size before relaxing)
 .comment       0x0000000000000033       0x34 CMakeFiles/firmware.out.dir/Core/Src/main.cpp.obj
 .comment       0x0000000000000033       0x34 CMakeFiles/firmware.out.dir/Core/Src/stm32wlxx_it.c.obj
 .comment       0x0000000000000033       0x34 CMakeFiles/firmware.out.dir/Core/Src/stm32wlxx_hal_msp.c.obj
 .comment       0x0000000000000033       0x34 CMakeFiles/firmware.out.dir/Drivers/STM32WLxx_HAL_Driver/Src/stm32wlxx_hal_adc.c.obj
 .comment       0x0000000000000033       0x34 CMakeFiles/firmware.out.dir/Drivers/STM32WLxx_HAL_Driver/Src/stm32wlxx_hal_rcc.c.obj
 .comment       0x0000000000000033       0x34 CMakeFiles/firmware.out.dir/Drivers/STM32WLxx_HAL_Driver/Src/stm32wlxx_hal_rcc_ex.c.obj
 .comment       0x0000000000000033       0x34 CMakeFiles/firmware.out.dir/Drivers/STM32WLxx_HAL_Driver/Src/stm32wlxx_hal_gpio.c.obj
 .comment       0x0000000000000033       0x34 CMakeFiles/firmware.out.dir/Drivers/STM32WLxx_HAL_Driver/Src/stm32wlxx_hal_dma.c.obj
 .comment       0x0000000000000033       0x34 CMakeFiles/firmware.out.dir/Drivers/STM32WLxx_HAL_Driver/Src/stm32wlxx_hal_pwr.c.obj
 .comment       0x0000000000000033       0x34 CMakeFiles/firmware.out.dir/Drivers/STM32WLxx_HAL_Driver/Src/stm32wlxx_hal_pwr_ex.c.obj
 .comment       0x0000000000000033       0x34 CMakeFiles/firmware.out.dir/Drivers/STM32WLxx_HAL_Driver/Src/stm32wlxx_hal_cortex.c.obj