../Drivers/BSP/Environment_Sensors/BMP390/bmp3.c:699:8:bmp3_init	24	static
../Drivers/BSP/Environment_Sensors/BMP390/bmp3.c:755:8:bmp3_get_regs	72	dynamic
../Drivers/BSP/Environment_Sensors/BMP390/bmp3.c:805:8:bmp3_set_regs	72	dynamic
../Drivers/BSP/Environment_Sensors/BMP390/bmp3.c:870:8:bmp3_set_sensor_settings	24	static
../Drivers/BSP/Environment_Sensors/BMP390/bmp3.c:913:8:bmp3_get_sensor_settings	24	static
../Drivers/BSP/Environment_Sensors/BMP390/bmp3.c:942:8:bmp3_set_fifo_settings	24	static
../Drivers/BSP/Environment_Sensors/BMP390/bmp3.c:984:8:bmp3_get_fifo_settings	24	static
../Drivers/BSP/Environment_Sensors/BMP390/bmp3.c:1012:8:bmp3_get_fifo_data	32	static
../Drivers/BSP/Environment_Sensors/BMP390/bmp3.c:1055:8:bmp3_set_fifo_watermark	32	static
../Drivers/BSP/Environment_Sensors/BMP390/bmp3.c:1083:8:bmp3_extract_fifo_data	48	static
../Drivers/BSP/Environment_Sensors/BMP390/bmp3.c:1137:8:bmp3_get_status	24	static
../Drivers/BSP/Environment_Sensors/BMP390/bmp3.c:1168:8:bmp3_get_fifo_length	24	static
../Drivers/BSP/Environment_Sensors/BMP390/bmp3.c:1197:8:bmp3_soft_reset	24	static
../Drivers/BSP/Environment_Sensors/BMP390/bmp3.c:1252:8:bmp3_fifo_flush	24	static
../Drivers/BSP/Environment_Sensors/BMP390/bmp3.c:1306:8:bmp3_set_op_mode	24	static
../Drivers/BSP/Environment_Sensors/BMP390/bmp3.c:1355:8:bmp3_get_op_mode	24	static
../Drivers/BSP/Environment_Sensors/BMP390/bmp3.c:1383:8:bmp3_get_sensor_data	40	static
../Drivers/BSP/Environment_Sensors/BMP390/bmp3.c:1424:15:convert_frames_to_bytes	24	static
../Drivers/BSP/Environment_Sensors/BMP390/bmp3.c:1460:13:reset_fifo_index	24	static
../Drivers/BSP/Environment_Sensors/BMP390/bmp3.c:1488:16:parse_fifo_data_frame	32	static
../Drivers/BSP/Environment_Sensors/BMP390/bmp3.c:1537:13:unpack_temp_press_frame	24	static
../Drivers/BSP/Environment_Sensors/BMP390/bmp3.c:1549:13:unpack_temp_frame	24	static
../Drivers/BSP/Environment_Sensors/BMP390/bmp3.c:1559:13:unpack_press_frame	24	static
../Drivers/BSP/Environment_Sensors/BMP390/bmp3.c:1569:13:unpack_time_frame	40	static
../Drivers/BSP/Environment_Sensors/BMP390/bmp3.c:1584:13:parse_fifo_sensor_data	40	static
../Drivers/BSP/Environment_Sensors/BMP390/bmp3.c:1624:13:get_header_info	24	static
../Drivers/BSP/Environment_Sensors/BMP390/bmp3.c:1633:15:set_normal_mode	24	static
../Drivers/BSP/Environment_Sensors/BMP390/bmp3.c:1669:15:write_power_mode	24	static
../Drivers/BSP/Environment_Sensors/BMP390/bmp3.c:1696:15:put_device_to_sleep	24	static
../Drivers/BSP/Environment_Sensors/BMP390/bmp3.c:1721:15:validate_normal_mode_settings	24	static
../Drivers/BSP/Environment_Sensors/BMP390/bmp3.c:1739:15:get_calib_data	40	static
../Drivers/BSP/Environment_Sensors/BMP390/bmp3.c:1760:13:interleave_reg_addr	32	static
../Drivers/BSP/Environment_Sensors/BMP390/bmp3.c:1776:13:parse_sett_data	16	static
../Drivers/BSP/Environment_Sensors/BMP390/bmp3.c:1795:13:parse_int_ctrl_settings	16	static
../Drivers/BSP/Environment_Sensors/BMP390/bmp3.c:1802:13:parse_advance_settings	16	static
../Drivers/BSP/Environment_Sensors/BMP390/bmp3.c:1812:14:parse_pwr_ctrl_settings	16	static
../Drivers/BSP/Environment_Sensors/BMP390/bmp3.c:1823:14:parse_odr_filter_settings	24	static
../Drivers/BSP/Environment_Sensors/BMP390/bmp3.c:1844:15:set_pwr_ctrl_settings	24	static
../Drivers/BSP/Environment_Sensors/BMP390/bmp3.c:1879:15:set_odr_filter_settings	40	static
../Drivers/BSP/Environment_Sensors/BMP390/bmp3.c:1938:15:set_int_ctrl_settings	24	static
../Drivers/BSP/Environment_Sensors/BMP390/bmp3.c:1986:15:set_advance_settings	24	static
../Drivers/BSP/Environment_Sensors/BMP390/bmp3.c:2020:15:get_odr_filter_settings	24	static
../Drivers/BSP/Environment_Sensors/BMP390/bmp3.c:2038:15:validate_osr_and_odr_settings	104	static
../Drivers/BSP/Environment_Sensors/BMP390/bmp3.c:2078:15:verify_meas_time_and_odr_duration	24	static
../Drivers/BSP/Environment_Sensors/BMP390/bmp3.c:2101:17:calculate_press_meas_time	40	static
../Drivers/BSP/Environment_Sensors/BMP390/bmp3.c:2124:17:calculate_temp_meas_time	40	static
../Drivers/BSP/Environment_Sensors/BMP390/bmp3.c:2147:13:fill_osr_data	32	static
../Drivers/BSP/Environment_Sensors/BMP390/bmp3.c:2179:13:fill_odr_data	32	static
../Drivers/BSP/Environment_Sensors/BMP390/bmp3.c:2201:13:fill_filter_data	32	static
../Drivers/BSP/Environment_Sensors/BMP390/bmp3.c:2217:13:parse_sensor_data	32	static
../Drivers/BSP/Environment_Sensors/BMP390/bmp3.c:2241:15:compensate_data	32	static
../Drivers/BSP/Environment_Sensors/BMP390/bmp3.c:2277:13:parse_calib_data	32	static
../Drivers/BSP/Environment_Sensors/BMP390/bmp3.c:2338:15:compensate_temperature	40	static
../Drivers/BSP/Environment_Sensors/BMP390/bmp3.c:2361:15:compensate_pressure	88	static
../Drivers/BSP/Environment_Sensors/BMP390/bmp3.c:2398:14:pow_bmp3	32	static
../Drivers/BSP/Environment_Sensors/BMP390/bmp3.c:2537:16:are_settings_changed	24	static
../Drivers/BSP/Environment_Sensors/BMP390/bmp3.c:2559:15:null_ptr_check	24	static
../Drivers/BSP/Environment_Sensors/BMP390/bmp3.c:2584:13:parse_fifo_settings	24	static
../Drivers/BSP/Environment_Sensors/BMP390/bmp3.c:2611:15:fill_fifo_config_1	24	static
../Drivers/BSP/Environment_Sensors/BMP390/bmp3.c:2670:15:fill_fifo_config_2	24	static
../Drivers/BSP/Environment_Sensors/BMP390/bmp3.c:2704:15:fill_fifo_int_ctrl	24	static
../Drivers/BSP/Environment_Sensors/BMP390/bmp3.c:2737:15:get_sensor_status	24	static
../Drivers/BSP/Environment_Sensors/BMP390/bmp3.c:2763:15:get_int_status	24	static
../Drivers/BSP/Environment_Sensors/BMP390/bmp3.c:2784:15:get_err_status	24	static
