C:/Users/david.fobar/Documents/GitHub/SCRAM/LoRaWan-E5-Node/Drivers/BSP/STM32WLxx_LoRa_E5_mini/stm32wlxx_LoRa_E5_mini.c:114:10:BSP_GetVersion	0	static
C:/Users/david.fobar/Documents/GitHub/SCRAM/LoRaWan-E5-Node/Drivers/BSP/STM32WLxx_LoRa_E5_mini/stm32wlxx_LoRa_E5_mini.c:132:9:BSP_LED_Init	48	static
C:/Users/david.fobar/Documents/GitHub/SCRAM/LoRaWan-E5-Node/Drivers/BSP/STM32WLxx_LoRa_E5_mini/stm32wlxx_LoRa_E5_mini.c:161:9:BSP_LED_DeInit	8	static
C:/Users/david.fobar/Documents/GitHub/SCRAM/LoRaWan-E5-Node/Drivers/BSP/STM32WLxx_LoRa_E5_mini/stm32wlxx_LoRa_E5_mini.c:181:9:BSP_LED_On	8	static
C:/Users/david.fobar/Documents/GitHub/SCRAM/LoRaWan-E5-Node/Drivers/BSP/STM32WLxx_LoRa_E5_mini/stm32wlxx_LoRa_E5_mini.c:197:9:BSP_LED_Off	8	static
C:/Users/david.fobar/Documents/GitHub/SCRAM/LoRaWan-E5-Node/Drivers/BSP/STM32WLxx_LoRa_E5_mini/stm32wlxx_LoRa_E5_mini.c:213:9:BSP_LED_Toggle	8	static
C:/Users/david.fobar/Documents/GitHub/SCRAM/LoRaWan-E5-Node/Drivers/BSP/STM32WLxx_LoRa_E5_mini/stm32wlxx_LoRa_E5_mini.c:229:9:BSP_LED_GetState	8	static
C:/Users/david.fobar/Documents/GitHub/SCRAM/LoRaWan-E5-Node/Drivers/BSP/STM32WLxx_LoRa_E5_mini/stm32wlxx_LoRa_E5_mini.c:256:9:BSP_PB_Init	32	static
C:/Users/david.fobar/Documents/GitHub/SCRAM/LoRaWan-E5-Node/Drivers/BSP/STM32WLxx_LoRa_E5_mini/stm32wlxx_LoRa_E5_mini.c:304:9:BSP_PB_DeInit	8	static
C:/Users/david.fobar/Documents/GitHub/SCRAM/LoRaWan-E5-Node/Drivers/BSP/STM32WLxx_LoRa_E5_mini/stm32wlxx_LoRa_E5_mini.c:321:9:BSP_PB_GetState	8	static
C:/Users/david.fobar/Documents/GitHub/SCRAM/LoRaWan-E5-Node/Drivers/BSP/STM32WLxx_LoRa_E5_mini/stm32wlxx_LoRa_E5_mini.c:331:6:BSP_PB_IRQHandler	8	static
C:/Users/david.fobar/Documents/GitHub/SCRAM/LoRaWan-E5-Node/Drivers/BSP/STM32WLxx_LoRa_E5_mini/stm32wlxx_LoRa_E5_mini.c:345:13:BSP_PB_Callback	0	static
C:/Users/david.fobar/Documents/GitHub/SCRAM/LoRaWan-E5-Node/Drivers/BSP/STM32WLxx_LoRa_E5_mini/stm32wlxx_LoRa_E5_mini.c:578:13:BUTTON_SW1_EXTI_Callback	8	static
