C:/Users/david.fobar/Documents/GitHub/SCRAM/LoRaWan-E5-Node/Drivers/BSP/STM32WLxx_LoRa_E5_mini/stm32wlxx_LoRa_E5_mini_radio.c:46:9:BSP_RADIO_Init	40	static
C:/Users/david.fobar/Documents/GitHub/SCRAM/LoRaWan-E5-Node/Drivers/BSP/STM32WLxx_LoRa_E5_mini/stm32wlxx_LoRa_E5_mini_radio.c:74:9:BSP_RADIO_DeInit	8	static
C:/Users/david.fobar/Documents/GitHub/SCRAM/LoRaWan-E5-Node/Drivers/BSP/STM32WLxx_LoRa_E5_mini/stm32wlxx_LoRa_E5_mini_radio.c:99:9:BSP_RADIO_ConfigRFSwitch	8	static
C:/Users/david.fobar/Documents/GitHub/SCRAM/LoRaWan-E5-Node/Drivers/BSP/STM32WLxx_LoRa_E5_mini/stm32wlxx_LoRa_E5_mini_radio.c:145:9:BSP_RADIO_GetTxConfig	0	static
C:/Users/david.fobar/Documents/GitHub/SCRAM/LoRaWan-E5-Node/Drivers/BSP/STM32WLxx_LoRa_E5_mini/stm32wlxx_LoRa_E5_mini_radio.c:157:9:BSP_RADIO_IsTCXO	0	static
C:/Users/david.fobar/Documents/GitHub/SCRAM/LoRaWan-E5-Node/Drivers/BSP/STM32WLxx_LoRa_E5_mini/stm32wlxx_LoRa_E5_mini_radio.c:169:9:BSP_RADIO_IsDCDC	0	static
