C:/Users/david.fobar/Documents/GitHub/SCRAM/LoRaWan-E5-Node/Utilities/misc/stm32_systime.c:419:13:CalendarDiv86400	8	static
C:/Users/david.fobar/Documents/GitHub/SCRAM/LoRaWan-E5-Node/Utilities/misc/stm32_systime.c:445:17:CalendarDiv61	0	static
C:/Users/david.fobar/Documents/GitHub/SCRAM/LoRaWan-E5-Node/Utilities/misc/stm32_systime.c:382:17:CalendarGetMonth	8	static
C:/Users/david.fobar/Documents/GitHub/SCRAM/LoRaWan-E5-Node/Utilities/misc/stm32_systime.c:467:13:CalendarDiv60	4	static
C:/Users/david.fobar/Documents/GitHub/SCRAM/LoRaWan-E5-Node/Utilities/misc/stm32_systime.c:200:11:SysTimeAdd	8	static
C:/Users/david.fobar/Documents/GitHub/SCRAM/LoRaWan-E5-Node/Utilities/misc/stm32_systime.c:214:11:SysTimeSub	8	static
C:/Users/david.fobar/Documents/GitHub/SCRAM/LoRaWan-E5-Node/Utilities/misc/stm32_systime.c:228:6:SysTimeSet	48	static
C:/Users/david.fobar/Documents/GitHub/SCRAM/LoRaWan-E5-Node/Utilities/misc/stm32_systime.c:243:11:SysTimeGet	40	static
C:/Users/david.fobar/Documents/GitHub/SCRAM/LoRaWan-E5-Node/Utilities/misc/stm32_systime.c:260:11:SysTimeGetMcuTime	24	static
C:/Users/david.fobar/Documents/GitHub/SCRAM/LoRaWan-E5-Node/Utilities/misc/stm32_systime.c:269:10:SysTimeToMs	48	static
C:/Users/david.fobar/Documents/GitHub/SCRAM/LoRaWan-E5-Node/Utilities/misc/stm32_systime.c:279:11:SysTimeFromMs	40	static
C:/Users/david.fobar/Documents/GitHub/SCRAM/LoRaWan-E5-Node/Utilities/misc/stm32_systime.c:290:10:SysTimeMkTime	24	static
C:/Users/david.fobar/Documents/GitHub/SCRAM/LoRaWan-E5-Node/Utilities/misc/stm32_systime.c:319:6:SysTimeLocalTime	56	static
