C:/Users/david.fobar/Documents/GitHub/SCRAM/LoRaWan-E5-Node/Utilities/timer/stm32_timer.c:118:21:UTIL_TIMER_Init	8	static
C:/Users/david.fobar/Documents/GitHub/SCRAM/LoRaWan-E5-Node/Utilities/timer/stm32_timer.c:125:21:UTIL_TIMER_DeInit	8	static
C:/Users/david.fobar/Documents/GitHub/SCRAM/LoRaWan-E5-Node/Utilities/timer/stm32_timer.c:130:21:UTIL_TIMER_Create	24	static
C:/Users/david.fobar/Documents/GitHub/SCRAM/LoRaWan-E5-Node/Utilities/timer/stm32_timer.c:307:21:UTIL_TIMER_SetReloadMode	0	static
C:/Users/david.fobar/Documents/GitHub/SCRAM/LoRaWan-E5-Node/Utilities/timer/stm32_timer.c:344:10:UTIL_TIMER_IsRunning	0	static
C:/Users/david.fobar/Documents/GitHub/SCRAM/LoRaWan-E5-Node/Utilities/timer/stm32_timer.c:419:19:UTIL_TIMER_GetCurrentTime	8	static
C:/Users/david.fobar/Documents/GitHub/SCRAM/LoRaWan-E5-Node/Utilities/timer/stm32_timer.c:425:19:UTIL_TIMER_GetElapsedTime	16	static
C:/Users/david.fobar/Documents/GitHub/SCRAM/LoRaWan-E5-Node/Utilities/timer/stm32_timer.c:450:6:TimerExists	0	static
C:/Users/david.fobar/Documents/GitHub/SCRAM/LoRaWan-E5-Node/Utilities/timer/stm32_timer.c:322:21:UTIL_TIMER_GetRemainingTime	16	static
C:/Users/david.fobar/Documents/GitHub/SCRAM/LoRaWan-E5-Node/Utilities/timer/stm32_timer.c:356:10:UTIL_TIMER_GetFirstRemainingTime	16	static
C:/Users/david.fobar/Documents/GitHub/SCRAM/LoRaWan-E5-Node/Utilities/timer/stm32_timer.c:470:6:TimerSetTimeout	24	static
C:/Users/david.fobar/Documents/GitHub/SCRAM/LoRaWan-E5-Node/Utilities/timer/stm32_timer.c:221:21:UTIL_TIMER_Stop	8	static,ignoring_inline_asm
C:/Users/david.fobar/Documents/GitHub/SCRAM/LoRaWan-E5-Node/Utilities/timer/stm32_timer.c:491:6:TimerInsertTimer	0	static
C:/Users/david.fobar/Documents/GitHub/SCRAM/LoRaWan-E5-Node/Utilities/timer/stm32_timer.c:523:6:TimerInsertNewHeadTimer	8	static
C:/Users/david.fobar/Documents/GitHub/SCRAM/LoRaWan-E5-Node/Utilities/timer/stm32_timer.c:151:21:UTIL_TIMER_Start	24	static,ignoring_inline_asm
C:/Users/david.fobar/Documents/GitHub/SCRAM/LoRaWan-E5-Node/Utilities/timer/stm32_timer.c:201:21:UTIL_TIMER_StartWithPeriod	8	static
C:/Users/david.fobar/Documents/GitHub/SCRAM/LoRaWan-E5-Node/Utilities/timer/stm32_timer.c:287:21:UTIL_TIMER_SetPeriod	8	static
C:/Users/david.fobar/Documents/GitHub/SCRAM/LoRaWan-E5-Node/Utilities/timer/stm32_timer.c:367:6:UTIL_TIMER_IRQ_Handler	16	static,ignoring_inline_asm
