C:/Users/david.fobar/Documents/GitHub/SCRAM/LoRaWan-E5-Node/Middlewares/Third_Party/LoRaWAN/Mac/Region/RegionCommon.c:86:17:GetDutyCycle	8	static
C:/Users/david.fobar/Documents/GitHub/SCRAM/LoRaWan-E5-Node/Middlewares/Third_Party/LoRaWAN/Mac/Region/RegionCommon.c:216:16:CountChannels	0	static
C:/Users/david.fobar/Documents/GitHub/SCRAM/LoRaWan-E5-Node/Middlewares/Third_Party/LoRaWAN/Mac/Region/RegionCommon.c:119:17:SetMaxTimeCredits	64	static
C:/Users/david.fobar/Documents/GitHub/SCRAM/LoRaWan-E5-Node/Middlewares/Third_Party/LoRaWAN/Mac/Region/RegionCommon.c:190:17:UpdateTimeCredits	24	static
C:/Users/david.fobar/Documents/GitHub/SCRAM/LoRaWan-E5-Node/Middlewares/Third_Party/LoRaWAN/Mac/Region/RegionCommon.c:255:9:RegionCommonValueInRange	0	static
C:/Users/david.fobar/Documents/GitHub/SCRAM/LoRaWan-E5-Node/Middlewares/Third_Party/LoRaWAN/Mac/Region/RegionCommon.c:230:6:RegionCommonChanVerifyDr	32	static
C:/Users/david.fobar/Documents/GitHub/SCRAM/LoRaWan-E5-Node/Middlewares/Third_Party/LoRaWAN/Mac/Region/RegionCommon.c:264:6:RegionCommonChanDisable	0	static
C:/Users/david.fobar/Documents/GitHub/SCRAM/LoRaWan-E5-Node/Middlewares/Third_Party/LoRaWAN/Mac/Region/RegionCommon.c:279:9:RegionCommonCountChannels	24	static
C:/Users/david.fobar/Documents/GitHub/SCRAM/LoRaWan-E5-Node/Middlewares/Third_Party/LoRaWAN/Mac/Region/RegionCommon.c:296:6:RegionCommonChanMaskCopy	0	static
C:/Users/david.fobar/Documents/GitHub/SCRAM/LoRaWan-E5-Node/Middlewares/Third_Party/LoRaWAN/Mac/Region/RegionCommon.c:307:6:RegionCommonSetBandTxDone	16	static
C:/Users/david.fobar/Documents/GitHub/SCRAM/LoRaWan-E5-Node/Middlewares/Third_Party/LoRaWAN/Mac/Region/RegionCommon.c:325:13:RegionCommonUpdateBandTimeOff	72	static
C:/Users/david.fobar/Documents/GitHub/SCRAM/LoRaWan-E5-Node/Middlewares/Third_Party/LoRaWAN/Mac/Region/RegionCommon.c:420:9:RegionCommonParseLinkAdrReq	0	static
C:/Users/david.fobar/Documents/GitHub/SCRAM/LoRaWan-E5-Node/Middlewares/Third_Party/LoRaWAN/Mac/Region/RegionCommon.c:444:9:RegionCommonLinkAdrReqVerifyParams	56	static
C:/Users/david.fobar/Documents/GitHub/SCRAM/LoRaWan-E5-Node/Middlewares/Third_Party/LoRaWAN/Mac/Region/RegionCommon.c:501:10:RegionCommonComputeSymbolTimeLoRa	0	static
C:/Users/david.fobar/Documents/GitHub/SCRAM/LoRaWan-E5-Node/Middlewares/Third_Party/LoRaWAN/Mac/Region/RegionCommon.c:506:10:RegionCommonComputeSymbolTimeFsk	0	static
C:/Users/david.fobar/Documents/GitHub/SCRAM/LoRaWan-E5-Node/Middlewares/Third_Party/LoRaWAN/Mac/Region/RegionCommon.c:511:6:RegionCommonComputeRxWindowParameters	4	static
C:/Users/david.fobar/Documents/GitHub/SCRAM/LoRaWan-E5-Node/Middlewares/Third_Party/LoRaWAN/Mac/Region/RegionCommon.c:519:8:RegionCommonComputeTxPower	16	static
C:/Users/david.fobar/Documents/GitHub/SCRAM/LoRaWan-E5-Node/Middlewares/Third_Party/LoRaWAN/Mac/Region/RegionCommon.c:528:6:RegionCommonRxBeaconSetup	64	static
C:/Users/david.fobar/Documents/GitHub/SCRAM/LoRaWan-E5-Node/Middlewares/Third_Party/LoRaWAN/Mac/Region/RegionCommon.c:559:6:RegionCommonCountNbOfEnabledChannels	48	static
C:/Users/david.fobar/Documents/GitHub/SCRAM/LoRaWan-E5-Node/Middlewares/Third_Party/LoRaWAN/Mac/Region/RegionCommon.c:602:17:RegionCommonIdentifyChannels	48	static
C:/Users/david.fobar/Documents/GitHub/SCRAM/LoRaWan-E5-Node/Middlewares/Third_Party/LoRaWAN/Mac/Region/RegionCommon.c:646:8:RegionCommonGetNextLowerTxDr	24	static
C:/Users/david.fobar/Documents/GitHub/SCRAM/LoRaWan-E5-Node/Middlewares/Third_Party/LoRaWAN/Mac/Region/RegionCommon.c:666:8:RegionCommonLimitTxPower	0	static
C:/Users/david.fobar/Documents/GitHub/SCRAM/LoRaWan-E5-Node/Middlewares/Third_Party/LoRaWAN/Mac/Region/RegionCommon.c:672:10:RegionCommonGetBandwidth	0	static
C:/Users/david.fobar/Documents/GitHub/SCRAM/LoRaWan-E5-Node/Middlewares/Third_Party/LoRaWAN/Mac/Region/RegionCommon.c:687:6:RegionCommonRxConfigPrint	56	static
C:/Users/david.fobar/Documents/GitHub/SCRAM/LoRaWan-E5-Node/Middlewares/Third_Party/LoRaWAN/Mac/Region/RegionCommon.c:701:6:RegionCommonTxConfigPrint	16	static
