C:/Users/david.fobar/Documents/GitHub/SCRAM/LoRaWan-E5-Node/Projects/Applications/LoRaWAN/LoRaWAN_End_Node/LoRaWAN/App/lora_app.c:435:13:OnTxTimerLedEvent	0	static
C:/Users/david.fobar/Documents/GitHub/SCRAM/LoRaWan-E5-Node/Projects/Applications/LoRaWAN/LoRaWAN_End_Node/LoRaWAN/App/lora_app.c:440:13:OnRxTimerLedEvent	0	static
C:/Users/david.fobar/Documents/GitHub/SCRAM/LoRaWan-E5-Node/Projects/Applications/LoRaWAN/LoRaWAN_End_Node/LoRaWAN/App/lora_app.c:452:13:OnTxData	24	static
C:/Users/david.fobar/Documents/GitHub/SCRAM/LoRaWan-E5-Node/Projects/Applications/LoRaWAN/LoRaWAN_End_Node/LoRaWAN/App/lora_app.c:420:13:OnTxTimerEvent	8	static
C:/Users/david.fobar/Documents/GitHub/SCRAM/LoRaWan-E5-Node/Projects/Applications/LoRaWAN/LoRaWAN_End_Node/LoRaWAN/App/lora_app.c:509:13:OnMacProcessNotify	8	static
C:/Users/david.fobar/Documents/GitHub/SCRAM/LoRaWan-E5-Node/Projects/Applications/LoRaWAN/LoRaWAN_End_Node/LoRaWAN/App/lora_app.c:320:13:OnRxData	40	static
C:/Users/david.fobar/Documents/GitHub/SCRAM/LoRaWan-E5-Node/Projects/Applications/LoRaWAN/LoRaWAN_End_Node/LoRaWAN/App/lora_app.c:481:13:OnJoinRequest	8	static
C:/Users/david.fobar/Documents/GitHub/SCRAM/LoRaWan-E5-Node/Projects/Applications/LoRaWAN/LoRaWAN_End_Node/LoRaWAN/App/lora_app.c:386:13:SendTxData	24	static
C:/Users/david.fobar/Documents/GitHub/SCRAM/LoRaWan-E5-Node/Projects/Applications/LoRaWAN/LoRaWAN_End_Node/LoRaWAN/App/lora_app.c:445:13:OnJoinTimerLedEvent	8	static
C:/Users/david.fobar/Documents/GitHub/SCRAM/LoRaWan-E5-Node/Projects/Applications/LoRaWAN/LoRaWAN_End_Node/LoRaWAN/App/lora_app.c:220:6:LoRaWAN_Init	48	static
C:/Users/david.fobar/Documents/GitHub/SCRAM/LoRaWan-E5-Node/Projects/Applications/LoRaWAN/LoRaWAN_End_Node/LoRaWAN/App/lora_app.c:300:6:HAL_GPIO_EXTI_Callback	8	static
