../Drivers/CMSIS/Include/core_cm4.h:1933:34:__NVIC_SystemReset	4	static,ignoring_inline_asm
../LoRaWAN/App/lora_app.c:346:6:disableLoRaWAN	24	static
../LoRaWAN/App/lora_app.c:365:6:LoRaWAN_Init	32	static
../LoRaWAN/App/lora_app.c:455:6:HAL_GPIO_EXTI_Callback	16	static
../LoRaWAN/App/lora_app.c:477:13:OnRxData	56	static
../LoRaWAN/App/lora_app.c:555:13:SendTxData	88	static
../LoRaWAN/App/lora_app.c:650:13:OnTxTimerEvent	16	static
../LoRaWAN/App/lora_app.c:666:13:OnTxTimerLedEvent	16	static
../LoRaWAN/App/lora_app.c:669:13:OnRxTimerLedEvent	16	static
../LoRaWAN/App/lora_app.c:672:13:OnJoinTimerLedEvent	16	static
../LoRaWAN/App/lora_app.c:677:13:OnTxData	32	static
../LoRaWAN/App/lora_app.c:705:13:OnJoinRequest	16	static
../LoRaWAN/App/lora_app.c:740:13:OnBeaconStatusChange	96	static
../LoRaWAN/App/lora_app.c:775:13:OnSysTimeUpdate	4	static
../LoRaWAN/App/lora_app.c:782:13:OnClassChange	24	static
../LoRaWAN/App/lora_app.c:789:13:OnMacProcessNotify	8	static
../LoRaWAN/App/lora_app.c:801:13:OnTxPeriodicityChanged	16	static
../LoRaWAN/App/lora_app.c:823:13:OnTxFrameCtrlChanged	16	static
../LoRaWAN/App/lora_app.c:834:13:OnPingSlotPeriodicityChanged	16	static
../LoRaWAN/App/lora_app.c:845:13:OnSystemReset	8	static
../LoRaWAN/App/lora_app.c:859:13:StopJoin	8	static
../LoRaWAN/App/lora_app.c:894:13:OnStopJoinTimerEvent	16	static
../LoRaWAN/App/lora_app.c:908:13:StoreContext	16	static
../LoRaWAN/App/lora_app.c:930:13:OnNvmDataChange	16	static
../LoRaWAN/App/lora_app.c:948:13:OnStoreContextRequest	16	static
../LoRaWAN/App/lora_app.c:963:13:OnRestoreContextRequest	16	static
