../Drivers/CMSIS/Include/core_cm4.h:1933:34:__NVIC_SystemReset	4	static,ignoring_inline_asm
../LoRaWAN/App/lora_app.c:342:6:LoRaWAN_Init	32	static
../LoRaWAN/App/lora_app.c:432:6:HAL_GPIO_EXTI_Callback	16	static
../LoRaWAN/App/lora_app.c:455:13:OnRxData	56	static
../LoRaWAN/App/lora_app.c:536:13:SendTxData	80	static
../LoRaWAN/App/lora_app.c:649:13:OnTxTimerEvent	16	static
../LoRaWAN/App/lora_app.c:664:13:OnTxTimerLedEvent	16	static
../LoRaWAN/App/lora_app.c:671:13:OnRxTimerLedEvent	16	static
../LoRaWAN/App/lora_app.c:678:13:OnJoinTimerLedEvent	16	static
../LoRaWAN/App/lora_app.c:687:13:OnTxData	32	static
../LoRaWAN/App/lora_app.c:718:13:OnJoinRequest	16	static
../LoRaWAN/App/lora_app.c:756:13:OnBeaconStatusChange	96	static
../LoRaWAN/App/lora_app.c:791:13:OnClassChange	24	static
../LoRaWAN/App/lora_app.c:798:13:OnMacProcessNotify	8	static
../LoRaWAN/App/lora_app.c:810:13:OnTxPeriodicityChanged	16	static
../LoRaWAN/App/lora_app.c:832:13:OnTxFrameCtrlChanged	16	static
../LoRaWAN/App/lora_app.c:843:13:OnPingSlotPeriodicityChanged	16	static
../LoRaWAN/App/lora_app.c:854:13:OnSystemReset	8	static
../LoRaWAN/App/lora_app.c:868:13:StopJoin	8	static
../LoRaWAN/App/lora_app.c:908:13:OnStopJoinTimerEvent	16	static
../LoRaWAN/App/lora_app.c:926:13:StoreContext	16	static
../LoRaWAN/App/lora_app.c:948:13:OnNvmDataChange	16	static
../LoRaWAN/App/lora_app.c:966:13:OnStoreContextRequest	16	static
../LoRaWAN/App/lora_app.c:985:13:OnRestoreContextRequest	16	static
