C:/Users/david.fobar/Documents/GitHub/SCRAM/LoRaWan-E5-Node/Projects/Applications/LoRaWAN/LoRaWAN_End_Node/Core/Src/stm32wlxx_it.c:73:6:NMI_Handler	0	static
C:/Users/david.fobar/Documents/GitHub/SCRAM/LoRaWan-E5-Node/Projects/Applications/LoRaWAN/LoRaWAN_End_Node/Core/Src/stm32wlxx_it.c:86:6:HardFault_Handler	0	static
C:/Users/david.fobar/Documents/GitHub/SCRAM/LoRaWan-E5-Node/Projects/Applications/LoRaWAN/LoRaWAN_End_Node/Core/Src/stm32wlxx_it.c:101:6:MemManage_Handler	0	static
C:/Users/david.fobar/Documents/GitHub/SCRAM/LoRaWan-E5-Node/Projects/Applications/LoRaWAN/LoRaWAN_End_Node/Core/Src/stm32wlxx_it.c:116:6:BusFault_Handler	0	static
C:/Users/david.fobar/Documents/GitHub/SCRAM/LoRaWan-E5-Node/Projects/Applications/LoRaWAN/LoRaWAN_End_Node/Core/Src/stm32wlxx_it.c:131:6:UsageFault_Handler	0	static
C:/Users/david.fobar/Documents/GitHub/SCRAM/LoRaWan-E5-Node/Projects/Applications/LoRaWAN/LoRaWAN_End_Node/Core/Src/stm32wlxx_it.c:146:6:SVC_Handler	0	static
C:/Users/david.fobar/Documents/GitHub/SCRAM/LoRaWan-E5-Node/Projects/Applications/LoRaWAN/LoRaWAN_End_Node/Core/Src/stm32wlxx_it.c:159:6:DebugMon_Handler	0	static
C:/Users/david.fobar/Documents/GitHub/SCRAM/LoRaWan-E5-Node/Projects/Applications/LoRaWAN/LoRaWAN_End_Node/Core/Src/stm32wlxx_it.c:172:6:PendSV_Handler	0	static
C:/Users/david.fobar/Documents/GitHub/SCRAM/LoRaWan-E5-Node/Projects/Applications/LoRaWAN/LoRaWAN_End_Node/Core/Src/stm32wlxx_it.c:185:6:SysTick_Handler	8	static
C:/Users/david.fobar/Documents/GitHub/SCRAM/LoRaWan-E5-Node/Projects/Applications/LoRaWAN/LoRaWAN_End_Node/Core/Src/stm32wlxx_it.c:206:6:TAMP_STAMP_LSECSS_SSRU_IRQHandler	8	static
C:/Users/david.fobar/Documents/GitHub/SCRAM/LoRaWan-E5-Node/Projects/Applications/LoRaWAN/LoRaWAN_End_Node/Core/Src/stm32wlxx_it.c:220:6:EXTI15_10_IRQHandler	8	static
C:/Users/david.fobar/Documents/GitHub/SCRAM/LoRaWan-E5-Node/Projects/Applications/LoRaWAN/LoRaWAN_End_Node/Core/Src/stm32wlxx_it.c:234:6:DMA1_Channel5_IRQHandler	8	static
C:/Users/david.fobar/Documents/GitHub/SCRAM/LoRaWan-E5-Node/Projects/Applications/LoRaWAN/LoRaWAN_End_Node/Core/Src/stm32wlxx_it.c:248:6:USART1_IRQHandler	8	static
C:/Users/david.fobar/Documents/GitHub/SCRAM/LoRaWan-E5-Node/Projects/Applications/LoRaWAN/LoRaWAN_End_Node/Core/Src/stm32wlxx_it.c:262:6:RTC_Alarm_IRQHandler	8	static
C:/Users/david.fobar/Documents/GitHub/SCRAM/LoRaWan-E5-Node/Projects/Applications/LoRaWAN/LoRaWAN_End_Node/Core/Src/stm32wlxx_it.c:276:6:SUBGHZ_Radio_IRQHandler	8	static
