C:/Users/david.fobar/Documents/GitHub/SCRAM/LoRaWan-E5-Node/Projects/Applications/LoRaWAN/LoRaWAN_End_Node/Core/Src/sys_app.c:297:13:tiny_snprintf_like	16	static
C:/Users/david.fobar/Documents/GitHub/SCRAM/LoRaWan-E5-Node/Projects/Applications/LoRaWAN/LoRaWAN_End_Node/Core/Src/sys_app.c:261:13:TimestampNow	32	static
C:/Users/david.fobar/Documents/GitHub/SCRAM/LoRaWan-E5-Node/Projects/Applications/LoRaWAN/LoRaWAN_End_Node/Core/Src/sys_app.c:88:6:SystemApp_Init	8	static
C:/Users/david.fobar/Documents/GitHub/SCRAM/LoRaWan-E5-Node/Projects/Applications/LoRaWAN/LoRaWAN_End_Node/Core/Src/sys_app.c:139:6:UTIL_SEQ_Idle	8	static
C:/Users/david.fobar/Documents/GitHub/SCRAM/LoRaWan-E5-Node/Projects/Applications/LoRaWAN/LoRaWAN_End_Node/Core/Src/sys_app.c:150:9:GetBatteryLevel	16	static
C:/Users/david.fobar/Documents/GitHub/SCRAM/LoRaWan-E5-Node/Projects/Applications/LoRaWAN/LoRaWAN_End_Node/Core/Src/sys_app.c:184:10:GetTemperatureLevel	8	static
C:/Users/david.fobar/Documents/GitHub/SCRAM/LoRaWan-E5-Node/Projects/Applications/LoRaWAN/LoRaWAN_End_Node/Core/Src/sys_app.c:195:6:GetUniqueId	16	static
C:/Users/david.fobar/Documents/GitHub/SCRAM/LoRaWan-E5-Node/Projects/Applications/LoRaWAN/LoRaWAN_End_Node/Core/Src/sys_app.c:235:10:GetDevAddr	8	static
C:/Users/david.fobar/Documents/GitHub/SCRAM/LoRaWan-E5-Node/Projects/Applications/LoRaWAN/LoRaWAN_End_Node/Core/Src/sys_app.c:275:6:UTIL_ADV_TRACE_PreSendHook	8	static
C:/Users/david.fobar/Documents/GitHub/SCRAM/LoRaWan-E5-Node/Projects/Applications/LoRaWAN/LoRaWAN_End_Node/Core/Src/sys_app.c:286:6:UTIL_ADV_TRACE_PostSendHook	8	static
C:/Users/david.fobar/Documents/GitHub/SCRAM/LoRaWan-E5-Node/Projects/Applications/LoRaWAN/LoRaWAN_End_Node/Core/Src/sys_app.c:320:19:HAL_InitTick	0	static
C:/Users/david.fobar/Documents/GitHub/SCRAM/LoRaWan-E5-Node/Projects/Applications/LoRaWAN/LoRaWAN_End_Node/Core/Src/sys_app.c:335:10:HAL_GetTick	8	static
C:/Users/david.fobar/Documents/GitHub/SCRAM/LoRaWan-E5-Node/Projects/Applications/LoRaWAN/LoRaWAN_End_Node/Core/Src/sys_app.c:350:6:HAL_Delay	16	static
