C:/Users/david.fobar/Documents/GitHub/SCRAM/LoRaWan-E5-Node/Middlewares/Third_Party/SubGHz_Phy/stm32_radio_driver/radio.c:1080:13:RadioCheckRfFrequency	0	static
C:/Users/david.fobar/Documents/GitHub/SCRAM/LoRaWan-E5-Node/Middlewares/Third_Party/SubGHz_Phy/stm32_radio_driver/radio.c:1085:17:RadioGetLoRaBandwidthInHz	0	static
C:/Users/david.fobar/Documents/GitHub/SCRAM/LoRaWan-E5-Node/Middlewares/Third_Party/SubGHz_Phy/stm32_radio_driver/radio.c:1126:17:RadioGetGfskTimeOnAirNumerator	0	static
C:/Users/david.fobar/Documents/GitHub/SCRAM/LoRaWan-E5-Node/Middlewares/Third_Party/SubGHz_Phy/stm32_radio_driver/radio.c:1137:17:RadioGetLoRaTimeOnAirNumerator	16	static
C:/Users/david.fobar/Documents/GitHub/SCRAM/LoRaWan-E5-Node/Middlewares/Third_Party/SubGHz_Phy/stm32_radio_driver/radio.c:1201:17:RadioTimeOnAir	40	static
C:/Users/david.fobar/Documents/GitHub/SCRAM/LoRaWan-E5-Node/Middlewares/Third_Party/SubGHz_Phy/stm32_radio_driver/radio.c:1539:13:RadioOnTxTimeoutProcess	8	static
C:/Users/david.fobar/Documents/GitHub/SCRAM/LoRaWan-E5-Node/Middlewares/Third_Party/SubGHz_Phy/stm32_radio_driver/radio.c:1529:13:RadioOnTxTimeoutIrq	8	static
C:/Users/david.fobar/Documents/GitHub/SCRAM/LoRaWan-E5-Node/Middlewares/Third_Party/SubGHz_Phy/stm32_radio_driver/radio.c:1551:13:RadioOnRxTimeoutProcess	8	static
C:/Users/david.fobar/Documents/GitHub/SCRAM/LoRaWan-E5-Node/Middlewares/Third_Party/SubGHz_Phy/stm32_radio_driver/radio.c:1534:13:RadioOnRxTimeoutIrq	8	static
C:/Users/david.fobar/Documents/GitHub/SCRAM/LoRaWan-E5-Node/Middlewares/Third_Party/SubGHz_Phy/stm32_radio_driver/radio.c:1745:13:payload_integration	16	static
C:/Users/david.fobar/Documents/GitHub/SCRAM/LoRaWan-E5-Node/Middlewares/Third_Party/SubGHz_Phy/stm32_radio_driver/radio.c:1488:13:RadioSetMaxPayloadLength	8	static
C:/Users/david.fobar/Documents/GitHub/SCRAM/LoRaWan-E5-Node/Middlewares/Third_Party/SubGHz_Phy/stm32_radio_driver/radio.c:1473:16:RadioRead	8	static
C:/Users/david.fobar/Documents/GitHub/SCRAM/LoRaWan-E5-Node/Middlewares/Third_Party/SubGHz_Phy/stm32_radio_driver/radio.c:1468:13:RadioWrite	8	static
C:/Users/david.fobar/Documents/GitHub/SCRAM/LoRaWan-E5-Node/Middlewares/Third_Party/SubGHz_Phy/stm32_radio_driver/radio.c:1738:13:RadioTxCw	8	static
C:/Users/david.fobar/Documents/GitHub/SCRAM/LoRaWan-E5-Node/Middlewares/Third_Party/SubGHz_Phy/stm32_radio_driver/radio.c:1730:13:RadioTxPrbs	8	static
C:/Users/david.fobar/Documents/GitHub/SCRAM/LoRaWan-E5-Node/Middlewares/Third_Party/SubGHz_Phy/stm32_radio_driver/radio.c:1425:13:RadioSetRxDutyCycle	16	static
C:/Users/david.fobar/Documents/GitHub/SCRAM/LoRaWan-E5-Node/Middlewares/Third_Party/SubGHz_Phy/stm32_radio_driver/radio.c:1393:13:RadioRxBoosted	16	static
C:/Users/david.fobar/Documents/GitHub/SCRAM/LoRaWan-E5-Node/Middlewares/Third_Party/SubGHz_Phy/stm32_radio_driver/radio.c:1350:13:RadioStandby	8	static
C:/Users/david.fobar/Documents/GitHub/SCRAM/LoRaWan-E5-Node/Middlewares/Third_Party/SubGHz_Phy/stm32_radio_driver/radio.c:670:21:RadioGetStatus	8	static
C:/Users/david.fobar/Documents/GitHub/SCRAM/LoRaWan-E5-Node/Middlewares/Third_Party/SubGHz_Phy/stm32_radio_driver/radio.c:1570:13:RadioIrqProcess	24	static
C:/Users/david.fobar/Documents/GitHub/SCRAM/LoRaWan-E5-Node/Middlewares/Third_Party/SubGHz_Phy/stm32_radio_driver/radio.c:1563:13:RadioOnDioIrq	8	static
C:/Users/david.fobar/Documents/GitHub/SCRAM/LoRaWan-E5-Node/Middlewares/Third_Party/SubGHz_Phy/stm32_radio_driver/radio.c:1524:17:RadioGetWakeupTime	8	static
C:/Users/david.fobar/Documents/GitHub/SCRAM/LoRaWan-E5-Node/Middlewares/Third_Party/SubGHz_Phy/stm32_radio_driver/radio.c:1483:13:RadioReadRegisters	8	static
C:/Users/david.fobar/Documents/GitHub/SCRAM/LoRaWan-E5-Node/Middlewares/Third_Party/SubGHz_Phy/stm32_radio_driver/radio.c:1478:13:RadioWriteRegisters	8	static
C:/Users/david.fobar/Documents/GitHub/SCRAM/LoRaWan-E5-Node/Middlewares/Third_Party/SubGHz_Phy/stm32_radio_driver/radio.c:1463:16:RadioRssi	8	static
C:/Users/david.fobar/Documents/GitHub/SCRAM/LoRaWan-E5-Node/Middlewares/Third_Party/SubGHz_Phy/stm32_radio_driver/radio.c:1445:13:RadioSetTxContinuousWave	16	static
C:/Users/david.fobar/Documents/GitHub/SCRAM/LoRaWan-E5-Node/Middlewares/Third_Party/SubGHz_Phy/stm32_radio_driver/radio.c:728:13:RadioSetChannel	8	static
C:/Users/david.fobar/Documents/GitHub/SCRAM/LoRaWan-E5-Node/Middlewares/Third_Party/SubGHz_Phy/stm32_radio_driver/radio.c:1433:13:RadioStartCad	8	static
C:/Users/david.fobar/Documents/GitHub/SCRAM/LoRaWan-E5-Node/Middlewares/Third_Party/SubGHz_Phy/stm32_radio_driver/radio.c:1355:13:RadioRx	16	static
C:/Users/david.fobar/Documents/GitHub/SCRAM/LoRaWan-E5-Node/Middlewares/Third_Party/SubGHz_Phy/stm32_radio_driver/radio.c:1340:13:RadioSleep	8	static
C:/Users/david.fobar/Documents/GitHub/SCRAM/LoRaWan-E5-Node/Middlewares/Third_Party/SubGHz_Phy/stm32_radio_driver/radio.c:1234:13:RadioSend	24	static
C:/Users/david.fobar/Documents/GitHub/SCRAM/LoRaWan-E5-Node/Middlewares/Third_Party/SubGHz_Phy/stm32_radio_driver/radio.c:685:13:RadioSetModem	8	static
C:/Users/david.fobar/Documents/GitHub/SCRAM/LoRaWan-E5-Node/Middlewares/Third_Party/SubGHz_Phy/stm32_radio_driver/radio.c:1958:16:RadioSetTxGenericConfig	48	static
C:/Users/david.fobar/Documents/GitHub/SCRAM/LoRaWan-E5-Node/Middlewares/Third_Party/SubGHz_Phy/stm32_radio_driver/radio.c:1782:16:RadioSetRxGenericConfig	48	static
C:/Users/david.fobar/Documents/GitHub/SCRAM/LoRaWan-E5-Node/Middlewares/Third_Party/SubGHz_Phy/stm32_radio_driver/radio.c:1505:13:RadioSetPublicNetwork	8	static
C:/Users/david.fobar/Documents/GitHub/SCRAM/LoRaWan-E5-Node/Middlewares/Third_Party/SubGHz_Phy/stm32_radio_driver/radio.c:974:13:RadioSetTxConfig	48	static
C:/Users/david.fobar/Documents/GitHub/SCRAM/LoRaWan-E5-Node/Middlewares/Third_Party/SubGHz_Phy/stm32_radio_driver/radio.c:791:13:RadioSetRxConfig	64	static
C:/Users/david.fobar/Documents/GitHub/SCRAM/LoRaWan-E5-Node/Middlewares/Third_Party/SubGHz_Phy/stm32_radio_driver/radio.c:773:17:RadioRandom	8	static
C:/Users/david.fobar/Documents/GitHub/SCRAM/LoRaWan-E5-Node/Middlewares/Third_Party/SubGHz_Phy/stm32_radio_driver/radio.c:733:13:RadioIsChannelFree	64	static
C:/Users/david.fobar/Documents/GitHub/SCRAM/LoRaWan-E5-Node/Middlewares/Third_Party/SubGHz_Phy/stm32_radio_driver/radio.c:640:13:RadioInit	24	static
