Archive member included to satisfy reference by file (symbol)

.pio/build/lora_e5_mini/lib2df/libLoRa.a(LoRa.cpp.o)
                              .pio/build/lora_e5_mini/src/main.cpp.o (LoRaClass::onReceive(void (*)(int)))
.pio/build/lora_e5_mini/libFrameworkArduino.a(HardwareSerial.cpp.o)
                              .pio/build/lora_e5_mini/src/main.cpp.o (Serial1)
.pio/build/lora_e5_mini/libFrameworkArduino.a(Print.cpp.o)
                              .pio/build/lora_e5_mini/src/main.cpp.o (Print::print(String const&))
.pio/build/lora_e5_mini/libFrameworkArduino.a(Stream.cpp.o)
                              .pio/build/lora_e5_mini/lib2df/libLoRa.a(LoRa.cpp.o) (Stream::readBytes(char*, unsigned int))
.pio/build/lora_e5_mini/libFrameworkArduino.a(WInterrupts.cpp.o)
                              .pio/build/lora_e5_mini/lib2df/libLoRa.a(LoRa.cpp.o) (detachInterrupt(unsigned long))
.pio/build/lora_e5_mini/libFrameworkArduino.a(WString.cpp.o)
                              .pio/build/lora_e5_mini/src/main.cpp.o (String::~String())
.pio/build/lora_e5_mini/libFrameworkArduino.a(dtostrf.c.o)
                              .pio/build/lora_e5_mini/libFrameworkArduino.a(WString.cpp.o) (dtostrf)
.pio/build/lora_e5_mini/libFrameworkArduino.a(hooks.c.o)
                              .pio/build/lora_e5_mini/lib2df/libLoRa.a(LoRa.cpp.o) (yield)
.pio/build/lora_e5_mini/libFrameworkArduino.a(itoa.c.o)
                              .pio/build/lora_e5_mini/libFrameworkArduino.a(WString.cpp.o) (ltoa)
.pio/build/lora_e5_mini/libFrameworkArduino.a(main.cpp.o)
                              c:/users/david.fobar/.platformio/packages/toolchain-gccarmnoneeabi/bin/../lib/gcc/arm-none-eabi/12.3.1/../../../../arm-none-eabi/lib/thumb/v7e-m/nofp/crt0.o (main)
.pio/build/lora_e5_mini/libFrameworkArduino.a(startup_stm32yyxx.S.o)
                              (Reset_Handler)
.pio/build/lora_e5_mini/libFrameworkArduino.a(wiring_digital.c.o)
                              .pio/build/lora_e5_mini/lib2df/libLoRa.a(LoRa.cpp.o) (pinMode)
.pio/build/lora_e5_mini/libFrameworkArduino.a(wiring_time.c.o)
                              .pio/build/lora_e5_mini/src/main.cpp.o (millis)
.pio/build/lora_e5_mini/libFrameworkArduino.a(WSerial.cpp.o)
                              .pio/build/lora_e5_mini/libFrameworkArduino.a(main.cpp.o) (serialEventRun())
.pio/build/lora_e5_mini/libFrameworkArduino.a(board.c.o)
                              .pio/build/lora_e5_mini/libFrameworkArduino.a(main.cpp.o) (init)
.pio/build/lora_e5_mini/libFrameworkArduino.a(wiring_analog.c.o)
                              .pio/build/lora_e5_mini/libFrameworkArduino.a(wiring_digital.c.o) (g_anOutputPinConfigured)
.pio/build/lora_e5_mini/libFrameworkArduino.a(pins_arduino.c.o)
                              .pio/build/lora_e5_mini/libFrameworkArduino.a(wiring_analog.c.o) (analogInputToPinName)
c:/users/david.fobar/.platformio/packages/toolchain-gccarmnoneeabi/bin/../lib/gcc/arm-none-eabi/12.3.1/thumb/v7e-m/nofp\libgcc.a(_arm_muldf3.o)
                              .pio/build/lora_e5_mini/SrcWrapper/src/HardwareTimer.cpp.o (__aeabi_dmul)
c:/users/david.fobar/.platformio/packages/toolchain-gccarmnoneeabi/bin/../lib/gcc/arm-none-eabi/12.3.1/thumb/v7e-m/nofp\libgcc.a(_arm_mulsf3.o)
                              .pio/build/lora_e5_mini/lib2df/libLoRa.a(LoRa.cpp.o) (__aeabi_fmul)
c:/users/david.fobar/.platformio/packages/toolchain-gccarmnoneeabi/bin/../lib/gcc/arm-none-eabi/12.3.1/thumb/v7e-m/nofp\libgcc.a(_arm_addsubdf3.o)
                              .pio/build/lora_e5_mini/libFrameworkArduino.a(Print.cpp.o) (__aeabi_dsub)
c:/users/david.fobar/.platformio/packages/toolchain-gccarmnoneeabi/bin/../lib/gcc/arm-none-eabi/12.3.1/thumb/v7e-m/nofp\libgcc.a(_arm_muldivdf3.o)
                              .pio/build/lora_e5_mini/SrcWrapper/src/HardwareTimer.cpp.o (__aeabi_ddiv)
c:/users/david.fobar/.platformio/packages/toolchain-gccarmnoneeabi/bin/../lib/gcc/arm-none-eabi/12.3.1/thumb/v7e-m/nofp\libgcc.a(_arm_cmpdf2.o)
                              .pio/build/lora_e5_mini/libFrameworkArduino.a(Print.cpp.o) (__aeabi_dcmplt)
c:/users/david.fobar/.platformio/packages/toolchain-gccarmnoneeabi/bin/../lib/gcc/arm-none-eabi/12.3.1/thumb/v7e-m/nofp\libgcc.a(_arm_unorddf2.o)
                              .pio/build/lora_e5_mini/libFrameworkArduino.a(Print.cpp.o) (__aeabi_dcmpun)
c:/users/david.fobar/.platformio/packages/toolchain-gccarmnoneeabi/bin/../lib/gcc/arm-none-eabi/12.3.1/thumb/v7e-m/nofp\libgcc.a(_arm_fixdfsi.o)
                              .pio/build/lora_e5_mini/libFrameworkArduino.a(dtostrf.c.o) (__aeabi_d2iz)
c:/users/david.fobar/.platformio/packages/toolchain-gccarmnoneeabi/bin/../lib/gcc/arm-none-eabi/12.3.1/thumb/v7e-m/nofp\libgcc.a(_arm_fixunsdfsi.o)
                              .pio/build/lora_e5_mini/SrcWrapper/src/HardwareTimer.cpp.o (__aeabi_d2uiz)
[...]
Memory Configuration

Name             Origin             Length             Attributes
*default*        0x00000000         0xffffffff
RAM              0x20000000         0x00010000         xrw
FLASH            0x08000000         0x00040000         xr

Linker script and memory map

                0x20010000                        _estack = (ORIGIN (RAM) + LENGTH (RAM))
                0x00000200                        _Min_Heap_Size = 0x200
                0x00000400                        _Min_Stack_Size = 0x400

.isr_vector     0x08000000      0x138
                0x08000000                        . = ALIGN (0x4)
 *(.isr_vector)
 .isr_vector    0x08000000      0x138 .pio/build/lora_e5_mini/libFrameworkArduino.a(startup_stm32yyxx.S.o)
                0x08000000                g_pfnVectors
                0x08000138                        . = ALIGN (0x4)

.text           0x08000138     0x5608
                0x08000138                        . = ALIGN (0x4)
 *(.text)
 .text          0x08000138       0x30 c:/users/david.fobar/.platformio/packages/toolchain-gccarmnoneeabi/bin/../lib/gcc/arm-none-eabi/12.3.1/thumb/v7e-m/nofp\libgcc.a(_aeabi_uldivmod.o)
                0x08000138                __aeabi_uldivmod
 .text          0x08000168        0x4 c:/users/david.fobar/.platformio/packages/toolchain-gccarmnoneeabi/bin/../lib/gcc/arm-none-eabi/12.3.1/thumb/v7e-m/nofp\libgcc.a(_dvmd_tls.o)
                0x08000168                __aeabi_idiv0
                0x08000168                __aeabi_ldiv0
 .text          0x0800016c       0x10 c:/users/david.fobar/.platformio/packages/toolchain-gccarmnoneeabi/bin/../lib/gcc/arm-none-eabi/12.3.1/../../../../arm-none-eabi/lib/thumb/v7e-m/nofp\libc_nano.a(libc_a-strlen.o)
                0x0800016c                strlen
 *(.text*)
 .text.__do_global_dtors_aux
                0x0800017c       0x24 c:/users/david.fobar/.platformio/packages/toolchain-gccarmnoneeabi/bin/../lib/gcc/arm-none-eabi/12.3.1/thumb/v7e-m/nofp/crtbegin.o
 .text.frame_dummy
                0x080001a0       0x1c c:/users/david.fobar/.platformio/packages/toolchain-gccarmnoneeabi/bin/../lib/gcc/arm-none-eabi/12.3.1/thumb/v7e-m/nofp/crtbegin.o
 .text.SystemClock_Config
                0x080001bc       0x88 .pio/build/lora_e5_mini/FrameworkArduinoVariant/variant_LORA_E5_MINI.cpp.o
                0x080001bc                SystemClock_Config
 .text.HAL_MspInit
                0x08000244        0x2 .pio/build/lora_e5_mini/SrcWrapper/src/HAL/stm32yyxx_hal.c.o
                0x08000244                HAL_MspInit
 *fill*         0x08000246        0x2 
 .text.HAL_InitTick
                0x08000248       0x4c .pio/build/lora_e5_mini/SrcWrapper/src/HAL/stm32yyxx_hal.c.o
                0x08000248                HAL_InitTick
 .text.HAL_Init
                0x08000294       0x2c .pio/build/lora_e5_mini/SrcWrapper/src/HAL/stm32yyxx_hal.c.o
                0x08000294                HAL_Init
 .text.HAL_IncTick
                0x080002c0       0x18 .pio/build/lora_e5_mini/SrcWrapper/src/HAL/stm32yyxx_hal.c.o
                0x080002c0                HAL_IncTick
 .text.HAL_GetTick
                0x080002d8        0xc .pio/build/lora_e5_mini/SrcWrapper/src/HAL/stm32yyxx_hal.c.o
                0x080002d8                HAL_GetTick
 .text.HAL_NVIC_SetPriorityGrouping
                0x080002e4       0x24 .pio/build/lora_e5_mini/SrcWrapper/src/HAL/stm32yyxx_hal_cortex.c.o
                0x080002e4                HAL_NVIC_SetPriorityGrouping
 .text.HAL_NVIC_SetPriority
                0x08000308       0x64 .pio/build/lora_e5_mini/SrcWrapper/src/HAL/stm32yyxx_hal_cortex.c.o
                0x08000308                HAL_NVIC_SetPriority
 .text.HAL_NVIC_EnableIRQ
                0x0800036c       0x1c .pio/build/lora_e5_mini/SrcWrapper/src/HAL/stm32yyxx_hal_cortex.c.o
                0x0800036c                HAL_NVIC_EnableIRQ
 .text.HAL_NVIC_DisableIRQ
                0x08000388       0x24 .pio/build/lora_e5_mini/SrcWrapper/src/HAL/stm32yyxx_hal_cortex.c.o
                0x08000388                HAL_NVIC_DisableIRQ
 .text.HAL_SYSTICK_Config
                0x080003ac       0x28 .pio/build/lora_e5_mini/SrcWrapper/src/HAL/stm32yyxx_hal_cortex.c.o
                0x080003ac                HAL_SYSTICK_Config
 .text.HAL_NVIC_ClearPendingIRQ
                0x080003d4       0x1c .pio/build/lora_e5_mini/SrcWrapper/src/HAL/stm32yyxx_hal_cortex.c.o
                0x080003d4                HAL_NVIC_ClearPendingIRQ
 .text.HAL_SYSTICK_Callback
                0x080003f0        0x2 .pio/build/lora_e5_mini/SrcWrapper/src/HAL/stm32yyxx_hal_cortex.c.o
                0x080003f0                HAL_SYSTICK_Callback
 .text.HAL_SYSTICK_IRQHandler
                0x080003f2        0x8 .pio/build/lora_e5_mini/SrcWrapper/src/HAL/stm32yyxx_hal_cortex.c.o
                0x080003f2                HAL_SYSTICK_IRQHandler
 .text.HAL_CRC_MspInit
                0x080003fa        0x2 .pio/build/lora_e5_mini/SrcWrapper/src/HAL/stm32yyxx_hal_crc.c.o
                0x080003fa                HAL_CRC_MspInit
 .text.HAL_CRC_Init
                0x080003fc       0x74 .pio/build/lora_e5_mini/SrcWrapper/src/HAL/stm32yyxx_hal_crc.c.o
                0x080003fc                HAL_CRC_Init
 .text.HAL_CRCEx_Polynomial_Set
                0x08000470       0x52 .pio/build/lora_e5_mini/SrcWrapper/src/HAL/stm32yyxx_hal_crc_ex.c.o
                0x08000470                HAL_CRCEx_Polynomial_Set
 .text.HAL_DAC_DeInit
                0x080004c2       0x1c .pio/build/lora_e5_mini/SrcWrapper/src/HAL/stm32yyxx_hal_dac.c.o
                0x080004c2                HAL_DAC_DeInit
 .text.HAL_DAC_Stop
                0x080004de       0x1c .pio/build/lora_e5_mini/SrcWrapper/src/HAL/stm32yyxx_hal_dac.c.o
                0x080004de                HAL_DAC_Stop
 .text.HAL_DMA_Abort
                0x080004fa       0x6a .pio/build/lora_e5_mini/SrcWrapper/src/HAL/stm32yyxx_hal_dma.c.o
                0x080004fa                HAL_DMA_Abort
 .text.HAL_DMA_Abort_IT
                0x08000564       0x6a .pio/build/lora_e5_mini/SrcWrapper/src/HAL/stm32yyxx_hal_dma.c.o
                0x08000564                HAL_DMA_Abort_IT
 *fill*         0x080005ce        0x2 
 .text.HAL_GPIO_Init
                0x080005d0      0x168 .pio/build/lora_e5_mini/SrcWrapper/src/HAL/stm32yyxx_hal_gpio.c.o
                0x080005d0                HAL_GPIO_Init
 .text.HAL_GPIO_EXTI_IRQHandler
                0x08000738       0x18 .pio/build/lora_e5_mini/SrcWrapper/src/HAL/stm32yyxx_hal_gpio.c.o
                0x08000738                HAL_GPIO_EXTI_IRQHandler
 .text.HAL_PWR_EnableBkUpAccess
                0x08000750       0x10 .pio/build/lora_e5_mini/SrcWrapper/src/HAL/stm32yyxx_hal_pwr.c.o
                0x08000750                HAL_PWR_EnableBkUpAccess
 .text.HAL_PWREx_GetVoltageRange
                0x08000760       0x10 .pio/build/lora_e5_mini/SrcWrapper/src/HAL/stm32yyxx_hal_pwr_ex.c.o
                0x08000760                HAL_PWREx_GetVoltageRange
 .text.LL_RCC_HSE_IsReady
                0x08000770        0xc .pio/build/lora_e5_mini/SrcWrapper/src/HAL/stm32yyxx_hal_rcc.c.o
 .text.LL_RCC_MSI_IsReady
                0x0800077c        0xc .pio/build/lora_e5_mini/SrcWrapper/src/HAL/stm32yyxx_hal_rcc.c.o
 .text.LL_RCC_MSI_SetCalibTrimming
                0x08000788       0x12 .pio/build/lora_e5_mini/SrcWrapper/src/HAL/stm32yyxx_hal_rcc.c.o
 .text.LL_RCC_PLL_IsReady
                0x0800079a        0xc .pio/build/lora_e5_mini/SrcWrapper/src/HAL/stm32yyxx_hal_rcc.c.o
 *fill*         0x080007a6        0x2 
 .text.RCC_SetFlashLatencyFromMSIRange
                0x080007a8       0xd4 .pio/build/lora_e5_mini/SrcWrapper/src/HAL/stm32yyxx_hal_rcc.c.o
 .text.HAL_RCC_GetSysClockFreq
                0x0800087c       0xdc .pio/build/lora_e5_mini/SrcWrapper/src/HAL/stm32yyxx_hal_rcc.c.o
                0x0800087c                HAL_RCC_GetSysClockFreq
 .text.HAL_RCC_GetHCLKFreq
                0x08000958       0x20 .pio/build/lora_e5_mini/SrcWrapper/src/HAL/stm32yyxx_hal_rcc.c.o
                0x08000958                HAL_RCC_GetHCLKFreq
 .text.HAL_RCC_OscConfig
                0x08000978      0x538 .pio/build/lora_e5_mini/SrcWrapper/src/HAL/stm32yyxx_hal_rcc.c.o
                0x08000978                HAL_RCC_OscConfig
 .text.HAL_RCC_ClockConfig
                0x08000eb0      0x1c0 .pio/build/lora_e5_mini/SrcWrapper/src/HAL/stm32yyxx_hal_rcc.c.o
                0x08000eb0                HAL_RCC_ClockConfig
 .text.HAL_RCC_GetHCLK3Freq
                0x08001070       0x24 .pio/build/lora_e5_mini/SrcWrapper/src/HAL/stm32yyxx_hal_rcc.c.o
                0x08001070                HAL_RCC_GetHCLK3Freq
 .text.HAL_RCC_GetPCLK1Freq
                0x08001094       0x20 .pio/build/lora_e5_mini/SrcWrapper/src/HAL/stm32yyxx_hal_rcc.c.o
                0x08001094                HAL_RCC_GetPCLK1Freq
 .text.HAL_RCC_GetPCLK2Freq
                0x080010b4       0x20 .pio/build/lora_e5_mini/SrcWrapper/src/HAL/stm32yyxx_hal_rcc.c.o
                0x080010b4                HAL_RCC_GetPCLK2Freq
 .text.HAL_SPI_MspInit
                0x080010d4        0x2 .pio/build/lora_e5_mini/SrcWrapper/src/HAL/stm32yyxx_hal_spi.c.o
                0x080010d4                HAL_SPI_MspInit
 .text.HAL_SPI_Init
                0x080010d6       0xda .pio/build/lora_e5_mini/SrcWrapper/src/HAL/stm32yyxx_hal_spi.c.o
                0x080010d6                HAL_SPI_Init
 .text.HAL_TIM_PWM_PulseFinishedCallback
                0x080011b0        0x2 .pio/build/lora_e5_mini/SrcWrapper/src/HAL/stm32yyxx_hal_tim.c.o
                0x080011b0                HAL_TIM_PWM_PulseFinishedCallback
 .text.HAL_TIM_TriggerCallback
                0x080011b2        0x2 .pio/build/lora_e5_mini/SrcWrapper/src/HAL/stm32yyxx_hal_tim.c.o
                0x080011b2                HAL_TIM_TriggerCallback
 .text.HAL_TIM_IRQHandler
                0x080011b4      0x160 .pio/build/lora_e5_mini/SrcWrapper/src/HAL/stm32yyxx_hal_tim.c.o
                0x080011b4                HAL_TIM_IRQHandler
 .text.TIM_Base_SetConfig
                0x08001314       0x68 .pio/build/lora_e5_mini/SrcWrapper/src/HAL/stm32yyxx_hal_tim.c.o
                0x08001314                TIM_Base_SetConfig
 .text.HAL_TIM_Base_Init
                0x0800137c       0x60 .pio/build/lora_e5_mini/SrcWrapper/src/HAL/stm32yyxx_hal_tim.c.o
                0x0800137c                HAL_TIM_Base_Init
 .text.HAL_TIMEx_CommutCallback
                0x080013dc        0x2 .pio/build/lora_e5_mini/SrcWrapper/src/HAL/stm32yyxx_hal_tim_ex.c.o
                0x080013dc                HAL_TIMEx_CommutCallback
 .text.HAL_TIMEx_BreakCallback
                0x080013de        0x2 .pio/build/lora_e5_mini/SrcWrapper/src/HAL/stm32yyxx_hal_tim_ex.c.o
                0x080013de                HAL_TIMEx_BreakCallback
 .text.HAL_TIMEx_Break2Callback
                0x080013e0        0x2 .pio/build/lora_e5_mini/SrcWrapper/src/HAL/stm32yyxx_hal_tim_ex.c.o
                0x080013e0                HAL_TIMEx_Break2Callback
 *fill*         0x080013e2        0x2 
 .text.UART_EndRxTransfer
                0x080013e4       0x58 .pio/build/lora_e5_mini/SrcWrapper/src/HAL/stm32yyxx_hal_uart.c.o
 .text.UART_TxISR_8BIT.part.0
                0x0800143c       0x26 .pio/build/lora_e5_mini/SrcWrapper/src/HAL/stm32yyxx_hal_uart.c.o
 .text.UART_TxISR_8BIT
                0x08001462       0x30 .pio/build/lora_e5_mini/SrcWrapper/src/HAL/stm32yyxx_hal_uart.c.o
 .text.UART_TxISR_16BIT
                0x08001492       0x34 .pio/build/lora_e5_mini/SrcWrapper/src/HAL/stm32yyxx_hal_uart.c.o
 .text.UART_TxISR_8BIT_FIFOEN
                0x080014c6       0x66 .pio/build/lora_e5_mini/SrcWrapper/src/HAL/stm32yyxx_hal_uart.c.o
 .text.UART_TxISR_16BIT_FIFOEN
                0x0800152c       0x6a .pio/build/lora_e5_mini/SrcWrapper/src/HAL/stm32yyxx_hal_uart.c.o
 .text.HAL_UART_MspInit
                0x08001596        0x2 .pio/build/lora_e5_mini/SrcWrapper/src/HAL/stm32yyxx_hal_uart.c.o
                0x08001596                HAL_UART_MspInit
 .text.HAL_UART_Transmit_IT
                0x08001598       0xac .pio/build/lora_e5_mini/SrcWrapper/src/HAL/stm32yyxx_hal_uart.c.o
                0x08001598                HAL_UART_Transmit_IT
 .text.UART_DMAAbortOnError
                0x08001644       0x14 .pio/build/lora_e5_mini/SrcWrapper/src/HAL/stm32yyxx_hal_uart.c.o
 .text.HAL_UARTEx_RxEventCallback
                0x08001658        0x2 .pio/build/lora_e5_mini/SrcWrapper/src/HAL/stm32yyxx_hal_uart.c.o
                0x08001658                HAL_UARTEx_RxEventCallback
 *fill*         0x0800165a        0x2 
 .text.HAL_UART_IRQHandler
                0x0800165c      0x2f8 .pio/build/lora_e5_mini/SrcWrapper/src/HAL/stm32yyxx_hal_uart.c.o
                0x0800165c                HAL_UART_IRQHandler
 .text.UART_RxISR_8BIT
                0x08001954       0xcc .pio/build/lora_e5_mini/SrcWrapper/src/HAL/stm32yyxx_hal_uart.c.o
 .text.UART_RxISR_16BIT
                0x08001a20       0xc4 .pio/build/lora_e5_mini/SrcWrapper/src/HAL/stm32yyxx_hal_uart.c.o
 .text.UART_RxISR_8BIT_FIFOEN
                0x08001ae4      0x1a8 .pio/build/lora_e5_mini/SrcWrapper/src/HAL/stm32yyxx_hal_uart.c.o
 .text.UART_RxISR_16BIT_FIFOEN
                0x08001c8c      0x1a4 .pio/build/lora_e5_mini/SrcWrapper/src/HAL/stm32yyxx_hal_uart.c.o
 .text.HAL_HalfDuplex_EnableTransmitter
                0x08001e30       0x4c .pio/build/lora_e5_mini/SrcWrapper/src/HAL/stm32yyxx_hal_uart.c.o
                0x08001e30                HAL_HalfDuplex_EnableTransmitter
 .text.HAL_HalfDuplex_EnableReceiver
                0x08001e7c       0x4c .pio/build/lora_e5_mini/SrcWrapper/src/HAL/stm32yyxx_hal_uart.c.o
                0x08001e7c                HAL_HalfDuplex_EnableReceiver
 .text.HAL_UART_GetState
                0x08001ec8        0xc .pio/build/lora_e5_mini/SrcWrapper/src/HAL/stm32yyxx_hal_uart.c.o
                0x08001ec8                HAL_UART_GetState
 .text.UART_SetConfig
                0x08001ed4      0x214 .pio/build/lora_e5_mini/SrcWrapper/src/HAL/stm32yyxx_hal_uart.c.o
                0x08001ed4                UART_SetConfig
 .text.UART_AdvFeatureConfig
                0x080020e8       0xa8 .pio/build/lora_e5_mini/SrcWrapper/src/HAL/stm32yyxx_hal_uart.c.o
                0x080020e8                UART_AdvFeatureConfig
 .text.UART_WaitOnFlagUntilTimeout
                0x08002190       0xc8 .pio/build/lora_e5_mini/SrcWrapper/src/HAL/stm32yyxx_hal_uart.c.o
                0x08002190                UART_WaitOnFlagUntilTimeout
 .text.UART_CheckIdleState
                0x08002258       0x6a .pio/build/lora_e5_mini/SrcWrapper/src/HAL/stm32yyxx_hal_uart.c.o
                0x08002258                UART_CheckIdleState
 .text.HAL_UART_Init
                0x080022c2       0x60 .pio/build/lora_e5_mini/SrcWrapper/src/HAL/stm32yyxx_hal_uart.c.o
                0x080022c2                HAL_UART_Init
 .text.HAL_HalfDuplex_Init
                0x08002322       0x68 .pio/build/lora_e5_mini/SrcWrapper/src/HAL/stm32yyxx_hal_uart.c.o
                0x08002322                HAL_HalfDuplex_Init
 *fill*         0x0800238a        0x2 
 .text.UART_Start_Receive_IT
                0x0800238c      0x114 .pio/build/lora_e5_mini/SrcWrapper/src/HAL/stm32yyxx_hal_uart.c.o
                0x0800238c                UART_Start_Receive_IT
 .text.HAL_UART_Receive_IT
                0x080024a0       0x44 .pio/build/lora_e5_mini/SrcWrapper/src/HAL/stm32yyxx_hal_uart.c.o
                0x080024a0                HAL_UART_Receive_IT
 .text.HAL_UARTEx_RxFifoFullCallback
                0x080024e4        0x2 .pio/build/lora_e5_mini/SrcWrapper/src/HAL/stm32yyxx_hal_uart_ex.c.o
                0x080024e4                HAL_UARTEx_RxFifoFullCallback
 .text.HAL_UARTEx_TxFifoEmptyCallback
                0x080024e6        0x2 .pio/build/lora_e5_mini/SrcWrapper/src/HAL/stm32yyxx_hal_uart_ex.c.o
                0x080024e6                HAL_UARTEx_TxFifoEmptyCallback
 .text.HAL_UARTEx_EnableStopMode
                0x080024e8       0x2c .pio/build/lora_e5_mini/SrcWrapper/src/HAL/stm32yyxx_hal_uart_ex.c.o
                0x080024e8                HAL_UARTEx_EnableStopMode
 .text.HAL_UARTEx_DisableStopMode
                0x08002514       0x2c .pio/build/lora_e5_mini/SrcWrapper/src/HAL/stm32yyxx_hal_uart_ex.c.o
                0x08002514                HAL_UARTEx_DisableStopMode
 .text._ZNSt8functionIFvvEEaSEDn.isra.0
                0x08002540       0x16 .pio/build/lora_e5_mini/SrcWrapper/src/HardwareTimer.cpp.o
 .text._ZNSt14_Function_baseD2Ev
                0x08002556       0x12 .pio/build/lora_e5_mini/SrcWrapper/src/HardwareTimer.cpp.o
                0x08002556                std::_Function_base::~_Function_base()
                0x08002556                std::_Function_base::~_Function_base()
 .text._Z15get_timer_indexP11TIM_TypeDef
                0x08002568       0x38 .pio/build/lora_e5_mini/SrcWrapper/src/HardwareTimer.cpp.o
                0x08002568                get_timer_index(TIM_TypeDef*)
 .text._ZN13HardwareTimerD2Ev
                0x080025a0       0x40 .pio/build/lora_e5_mini/SrcWrapper/src/HardwareTimer.cpp.o
                0x080025a0                HardwareTimer::~HardwareTimer()
                0x080025a0                HardwareTimer::~HardwareTimer()
 .text._ZN13HardwareTimer5setupEP11TIM_TypeDef
                0x080025e0       0x9c .pio/build/lora_e5_mini/SrcWrapper/src/HardwareTimer.cpp.o
                0x080025e0                HardwareTimer::setup(TIM_TypeDef*)
 .text.TIM1_UP_IRQHandler
                0x0800267c       0x14 .pio/build/lora_e5_mini/SrcWrapper/src/HardwareTimer.cpp.o
                0x0800267c                TIM1_UP_IRQHandler
 .text.TIM1_CC_IRQHandler
                0x08002690        0x4 .pio/build/lora_e5_mini/SrcWrapper/src/HardwareTimer.cpp.o
                0x08002690                TIM1_CC_IRQHandler
 .text.TIM2_IRQHandler
                0x08002694       0x14 .pio/build/lora_e5_mini/SrcWrapper/src/HardwareTimer.cpp.o
                0x08002694                TIM2_IRQHandler
 .text.TIM16_IRQHandler
                0x080026a8       0x14 .pio/build/lora_e5_mini/SrcWrapper/src/HardwareTimer.cpp.o
                0x080026a8                TIM16_IRQHandler
 .text.TIM17_IRQHandler
                0x080026bc       0x14 .pio/build/lora_e5_mini/SrcWrapper/src/HardwareTimer.cpp.o
                0x080026bc                TIM17_IRQHandler
 .text._ZNSt8functionIFvvEEC2Ev
                0x080026d0        0xc .pio/build/lora_e5_mini/SrcWrapper/src/HardwareTimer.cpp.o
                0x080026d0                std::function<void ()>::function()
                0x080026d0                std::function<void ()>::function()
 .text._ZN13HardwareTimerC2EP11TIM_TypeDef
                0x080026dc       0x2a .pio/build/lora_e5_mini/SrcWrapper/src/HardwareTimer.cpp.o
                0x080026dc                HardwareTimer::HardwareTimer(TIM_TypeDef*)
                0x080026dc                HardwareTimer::HardwareTimer(TIM_TypeDef*)
 .text._ZNSt8functionIFvvEEC2ERKS1_
                0x08002706       0x24 .pio/build/lora_e5_mini/SrcWrapper/src/HardwareTimer.cpp.o
                0x08002706                std::function<void ()>::function(std::function<void ()> const&)
                0x08002706                std::function<void ()>::function(std::function<void ()> const&)
 .text._ZNKSt8functionIFvvEEclEv
                0x0800272a       0x12 .pio/build/lora_e5_mini/SrcWrapper/src/HardwareTimer.cpp.o
                0x0800272a                std::function<void ()>::operator()() const
 .text._ZN13HardwareTimer14updateCallbackEP17TIM_HandleTypeDef
                0x0800273c       0x18 .pio/build/lora_e5_mini/SrcWrapper/src/HardwareTimer.cpp.o
                0x0800273c                HardwareTimer::updateCallback(TIM_HandleTypeDef*)
 .text.HAL_TIM_PeriodElapsedCallback
                0x08002754        0x4 .pio/build/lora_e5_mini/SrcWrapper/src/HardwareTimer.cpp.o
                0x08002754                HAL_TIM_PeriodElapsedCallback
 .text._ZN13HardwareTimer22captureCompareCallbackEP17TIM_HandleTypeDef
                0x08002758       0x3e .pio/build/lora_e5_mini/SrcWrapper/src/HardwareTimer.cpp.o
                0x08002758                HardwareTimer::captureCompareCallback(TIM_HandleTypeDef*)
 .text.HAL_TIM_OC_DelayElapsedCallback
                0x08002796        0x4 .pio/build/lora_e5_mini/SrcWrapper/src/HardwareTimer.cpp.o
                0x08002796                HAL_TIM_OC_DelayElapsedCallback
 .text.HAL_TIM_IC_CaptureCallback
                0x0800279a        0x4 .pio/build/lora_e5_mini/SrcWrapper/src/HardwareTimer.cpp.o
                0x0800279a                HAL_TIM_IC_CaptureCallback
 .text._Znwj    0x0800279e        0x4 .pio/build/lora_e5_mini/SrcWrapper/src/new.cpp.o
                0x0800279e                operator new(unsigned int)
 .text._ZdlPvj  0x080027a2        0x4 .pio/build/lora_e5_mini/SrcWrapper/src/new.cpp.o
                0x080027a2                operator delete(void*, unsigned int)
 .text.LL_AHB2_GRP1_EnableClock
                0x080027a6       0x18 .pio/build/lora_e5_mini/SrcWrapper/src/stm32/PortNames.c.o
 *fill*         0x080027be        0x2 
 .text.set_GPIO_Port_Clock
                0x080027c0       0x48 .pio/build/lora_e5_mini/SrcWrapper/src/stm32/PortNames.c.o
                0x080027c0                set_GPIO_Port_Clock
 .text.get_dac_channel
                0x08002808       0x1c .pio/build/lora_e5_mini/SrcWrapper/src/stm32/analog.cpp.o
                0x08002808                get_dac_channel
 .text.HAL_DAC_MspDeInit
                0x08002824       0x2c .pio/build/lora_e5_mini/SrcWrapper/src/stm32/analog.cpp.o
                0x08002824                HAL_DAC_MspDeInit
 .text.dac_stop
                0x08002850       0x30 .pio/build/lora_e5_mini/SrcWrapper/src/stm32/analog.cpp.o
                0x08002850                dac_stop
 .text.pwm_stop
                0x08002880       0x5c .pio/build/lora_e5_mini/SrcWrapper/src/stm32/analog.cpp.o
                0x08002880                pwm_stop
 .text.getCurrentMillis
                0x080028dc        0x4 .pio/build/lora_e5_mini/SrcWrapper/src/stm32/clock.c.o
                0x080028dc                getCurrentMillis
 .text.noOsSystickHandler
                0x080028e0        0x2 .pio/build/lora_e5_mini/SrcWrapper/src/stm32/clock.c.o
                0x080028e0                osSystickHandler
                0x080028e0                noOsSystickHandler
 .text.SysTick_Handler
                0x080028e2       0x10 .pio/build/lora_e5_mini/SrcWrapper/src/stm32/clock.c.o
                0x080028e2                SysTick_Handler
 .text.enableClock
                0x080028f2       0xc4 .pio/build/lora_e5_mini/SrcWrapper/src/stm32/clock.c.o
                0x080028f2                enableClock
 .text.configHSECapacitorTuning
                0x080029b6        0x2 .pio/build/lora_e5_mini/SrcWrapper/src/stm32/clock.c.o
                0x080029b6                configHSECapacitorTuning
 .text.configIPClock
                0x080029b8       0x2e .pio/build/lora_e5_mini/SrcWrapper/src/stm32/clock.c.o
                0x080029b8                configIPClock
 *fill*         0x080029e6        0x2 
 .text.dwt_init
                0x080029e8       0x3c .pio/build/lora_e5_mini/SrcWrapper/src/stm32/dwt.c.o
                0x080029e8                dwt_init
 .text.hw_config_init
                0x08002a24       0x24 .pio/build/lora_e5_mini/SrcWrapper/src/stm32/hw_config.c.o
                0x08002a24                hw_config_init
 .text._ZNSt17_Function_handlerIFvvEPS0_E10_M_managerERSt9_Any_dataRKS3_St18_Manager_operation
                0x08002a48       0x20 .pio/build/lora_e5_mini/SrcWrapper/src/stm32/interrupt.cpp.o
                0x08002a48                std::_Function_handler<void (), void (*)()>::_M_manager(std::_Any_data&, std::_Any_data const&, std::_Manager_operation)
 .text._ZNSt17_Function_handlerIFvvEPS0_E9_M_invokeERKSt9_Any_data
                0x08002a68        0x4 .pio/build/lora_e5_mini/SrcWrapper/src/stm32/interrupt.cpp.o
                0x08002a68                std::_Function_handler<void (), void (*)()>::_M_invoke(std::_Any_data const&)
 .text.startup._ZNSt8functionIFvvEEC2EDn.constprop.0.isra.0
                0x08002a6c        0xc .pio/build/lora_e5_mini/SrcWrapper/src/stm32/interrupt.cpp.o
 .text._Z23stm32_interrupt_disableP12GPIO_TypeDeft
                0x08002a78       0x7c .pio/build/lora_e5_mini/SrcWrapper/src/stm32/interrupt.cpp.o
                0x08002a78                stm32_interrupt_disable(GPIO_TypeDef*, unsigned short)
 .text.HAL_GPIO_EXTI_Callback
                0x08002af4       0x2c .pio/build/lora_e5_mini/SrcWrapper/src/stm32/interrupt.cpp.o
                0x08002af4                HAL_GPIO_EXTI_Callback
 .text.EXTI0_IRQHandler
                0x08002b20        0x6 .pio/build/lora_e5_mini/SrcWrapper/src/stm32/interrupt.cpp.o
                0x08002b20                EXTI0_IRQHandler
 .text.EXTI1_IRQHandler
                0x08002b26        0x6 .pio/build/lora_e5_mini/SrcWrapper/src/stm32/interrupt.cpp.o
                0x08002b26                EXTI1_IRQHandler
 .text.EXTI2_IRQHandler
                0x08002b2c        0x6 .pio/build/lora_e5_mini/SrcWrapper/src/stm32/interrupt.cpp.o
                0x08002b2c                EXTI2_IRQHandler
 .text.EXTI3_IRQHandler
                0x08002b32        0x6 .pio/build/lora_e5_mini/SrcWrapper/src/stm32/interrupt.cpp.o
                0x08002b32                EXTI3_IRQHandler
 .text.EXTI4_IRQHandler
                0x08002b38        0x6 .pio/build/lora_e5_mini/SrcWrapper/src/stm32/interrupt.cpp.o
                0x08002b38                EXTI4_IRQHandler
 .text.EXTI9_5_IRQHandler
                0x08002b3e       0x16 .pio/build/lora_e5_mini/SrcWrapper/src/stm32/interrupt.cpp.o
                0x08002b3e                EXTI9_5_IRQHandler
 .text.EXTI15_10_IRQHandler
                0x08002b54       0x18 .pio/build/lora_e5_mini/SrcWrapper/src/stm32/interrupt.cpp.o
                0x08002b54                EXTI15_10_IRQHandler
 .text._Z22stm32_interrupt_enableP12GPIO_TypeDeftSt8functionIFvvEEm
                0x08002b6c       0xa8 .pio/build/lora_e5_mini/SrcWrapper/src/stm32/interrupt.cpp.o
                0x08002b6c                stm32_interrupt_enable(GPIO_TypeDef*, unsigned short, std::function<void ()>, unsigned long)
 .text.startup._GLOBAL__sub_I__Z22stm32_interrupt_enableP12GPIO_TypeDeftSt8functionIFvvEEm
                0x08002c14       0xd8 .pio/build/lora_e5_mini/SrcWrapper/src/stm32/interrupt.cpp.o
 .text.exit._GLOBAL__sub_D__Z22stm32_interrupt_enableP12GPIO_TypeDeftSt8functionIFvvEEm
                0x08002cec       0x1c .pio/build/lora_e5_mini/SrcWrapper/src/stm32/interrupt.cpp.o
 .text.LL_GPIO_SetPinPull
                0x08002d08       0x2a .pio/build/lora_e5_mini/SrcWrapper/src/stm32/pinmap.c.o
 .text.pin_in_pinmap
                0x08002d32       0x1e .pio/build/lora_e5_mini/SrcWrapper/src/stm32/pinmap.c.o
                0x08002d32                pin_in_pinmap
 .text.pin_function
                0x08002d50      0x11c .pio/build/lora_e5_mini/SrcWrapper/src/stm32/pinmap.c.o
                0x08002d50                pin_function
 .text.pinmap_pinout
                0x08002e6c       0x1a .pio/build/lora_e5_mini/SrcWrapper/src/stm32/pinmap.c.o
                0x08002e6c                pinmap_pinout
 .text.pinmap_find_peripheral
                0x08002e86       0x16 .pio/build/lora_e5_mini/SrcWrapper/src/stm32/pinmap.c.o
                0x08002e86                pinmap_find_peripheral
 .text.pinmap_peripheral
                0x08002e9c        0xc .pio/build/lora_e5_mini/SrcWrapper/src/stm32/pinmap.c.o
                0x08002e9c                pinmap_peripheral
 .text.pinmap_find_pin
                0x08002ea8       0x16 .pio/build/lora_e5_mini/SrcWrapper/src/stm32/pinmap.c.o
                0x08002ea8                pinmap_find_pin
 .text.pinmap_pin
                0x08002ebe        0xc .pio/build/lora_e5_mini/SrcWrapper/src/stm32/pinmap.c.o
                0x08002ebe                pinmap_pin
 .text.pinmap_find_function
                0x08002eca       0x16 .pio/build/lora_e5_mini/SrcWrapper/src/stm32/pinmap.c.o
                0x08002eca                pinmap_find_function
 .text.pinmap_function
                0x08002ee0        0xa .pio/build/lora_e5_mini/SrcWrapper/src/stm32/pinmap.c.o
                0x08002ee0                pinmap_function
 .text.pinmap_merge_peripheral
                0x08002eea       0x14 .pio/build/lora_e5_mini/SrcWrapper/src/stm32/pinmap.c.o
                0x08002eea                pinmap_merge_peripheral
 *fill*         0x08002efe        0x2 
 .text.SystemInit
                0x08002f00       0x38 .pio/build/lora_e5_mini/SrcWrapper/src/stm32/system_stm32yyxx.c.o
                0x08002f00                SystemInit
 .text.LL_APB2_GRP1_EnableClock
                0x08002f38       0x18 .pio/build/lora_e5_mini/SrcWrapper/src/stm32/timer.c.o
 .text.get_timer_obj
                0x08002f50        0x4 .pio/build/lora_e5_mini/SrcWrapper/src/stm32/timer.c.o
                0x08002f50                get_timer_obj
 .text.enableTimerClock
                0x08002f54       0x58 .pio/build/lora_e5_mini/SrcWrapper/src/stm32/timer.c.o
                0x08002f54                enableTimerClock
 .text.disableTimerClock
                0x08002fac       0x5c .pio/build/lora_e5_mini/SrcWrapper/src/stm32/timer.c.o
                0x08002fac                disableTimerClock
 .text.getTimerUpIrq
                0x08003008       0x40 .pio/build/lora_e5_mini/SrcWrapper/src/stm32/timer.c.o
                0x08003008                getTimerUpIrq
 .text.getTimerCCIrq
                0x08003048       0x40 .pio/build/lora_e5_mini/SrcWrapper/src/stm32/timer.c.o
                0x08003048                getTimerCCIrq
 .text.HAL_TIM_Base_MspInit
                0x08003088       0x4e .pio/build/lora_e5_mini/SrcWrapper/src/stm32/timer.c.o
                0x08003088                HAL_TIM_Base_MspInit
 .text.LL_RCC_SetLPUARTClockSource
                0x080030d6       0x14 .pio/build/lora_e5_mini/SrcWrapper/src/stm32/uart.c.o
 *fill*         0x080030ea        0x2 
 .text.uart_init.part.0
                0x080030ec      0x34c .pio/build/lora_e5_mini/SrcWrapper/src/stm32/uart.c.o
 .text.uart_init
                0x08003438       0x12 .pio/build/lora_e5_mini/SrcWrapper/src/stm32/uart.c.o
                0x08003438                uart_init
 *fill*         0x0800344a        0x2 
 .text.serial_rx_active
                0x0800344c       0x24 .pio/build/lora_e5_mini/SrcWrapper/src/stm32/uart.c.o
                0x0800344c                serial_rx_active
 .text.serial_tx_active
                0x08003470       0x24 .pio/build/lora_e5_mini/SrcWrapper/src/stm32/uart.c.o
                0x08003470                serial_tx_active
 .text.uart_getc
                0x08003494       0x38 .pio/build/lora_e5_mini/SrcWrapper/src/stm32/uart.c.o
                0x08003494                uart_getc
 .text.uart_attach_rx_callback
                0x080034cc       0x40 .pio/build/lora_e5_mini/SrcWrapper/src/stm32/uart.c.o
                0x080034cc                uart_attach_rx_callback
 .text.uart_attach_tx_callback
                0x0800350c       0x44 .pio/build/lora_e5_mini/SrcWrapper/src/stm32/uart.c.o
                0x0800350c                uart_attach_tx_callback
 .text.uart_enable_tx
                0x08003550       0x20 .pio/build/lora_e5_mini/SrcWrapper/src/stm32/uart.c.o
                0x08003550                uart_enable_tx
 .text.uart_enable_rx
                0x08003570       0x20 .pio/build/lora_e5_mini/SrcWrapper/src/stm32/uart.c.o
                0x08003570                uart_enable_rx
 .text.HAL_UART_RxCpltCallback
                0x08003590        0x8 .pio/build/lora_e5_mini/SrcWrapper/src/stm32/uart.c.o
                0x08003590                HAL_UART_RxCpltCallback
 .text.HAL_UART_TxCpltCallback
                0x08003598        0x8 .pio/build/lora_e5_mini/SrcWrapper/src/stm32/uart.c.o
                0x08003598                HAL_UART_TxCpltCallback
 .text.HAL_UART_ErrorCallback
                0x080035a0       0x48 .pio/build/lora_e5_mini/SrcWrapper/src/stm32/uart.c.o
                0x080035a0                HAL_UART_ErrorCallback
 .text.USART1_IRQHandler
                0x080035e8       0x18 .pio/build/lora_e5_mini/SrcWrapper/src/stm32/uart.c.o
                0x080035e8                USART1_IRQHandler
 .text.USART2_IRQHandler
                0x08003600       0x1c .pio/build/lora_e5_mini/SrcWrapper/src/stm32/uart.c.o
                0x08003600                USART2_IRQHandler
 .text.LPUART1_IRQHandler
                0x0800361c       0x18 .pio/build/lora_e5_mini/SrcWrapper/src/stm32/uart.c.o
                0x0800361c                LPUART1_IRQHandler
 .text.HAL_UARTEx_WakeupCallback
                0x08003634        0xa .pio/build/lora_e5_mini/SrcWrapper/src/stm32/uart.c.o
                0x08003634                HAL_UARTEx_WakeupCallback
 *fill*         0x0800363e        0x2 
 .text._sbrk    0x08003640       0x3c .pio/build/lora_e5_mini/SrcWrapper/src/syscalls.c.o
                0x08003640                _sbrk
 .text._exit    0x0800367c        0x2 .pio/build/lora_e5_mini/SrcWrapper/src/syscalls.c.o
                0x0800367c                _exit
 *fill*         0x0800367e        0x2 
 .text._kill    0x08003680       0x10 .pio/build/lora_e5_mini/SrcWrapper/src/syscalls.c.o
                0x08003680                _kill
 .text._getpid  0x08003690        0x4 .pio/build/lora_e5_mini/SrcWrapper/src/syscalls.c.o
                0x08003690                _getpid
 .text._Z11LoRa_rxModev
                0x08003694       0x1c .pio/build/lora_e5_mini/src/main.cpp.o
                0x08003694                LoRa_rxMode()
 .text.setup    0x080036b0       0xa8 .pio/build/lora_e5_mini/src/main.cpp.o
                0x080036b0                setup
 .text._Z8onTxDonev
                0x08003758       0x1c .pio/build/lora_e5_mini/src/main.cpp.o
                0x08003758                onTxDone()
 .text._Z11LoRa_txModev
                0x08003774       0x18 .pio/build/lora_e5_mini/src/main.cpp.o
                0x08003774                LoRa_txMode()
 .text._Z16LoRa_sendMessage6String
                0x0800378c       0x2c .pio/build/lora_e5_mini/src/main.cpp.o
                0x0800378c                LoRa_sendMessage(String)
 .text._Z8runEverym
                0x080037b8       0x20 .pio/build/lora_e5_mini/src/main.cpp.o
                0x080037b8                runEvery(unsigned long)
 .text.loop     0x080037d8       0x60 .pio/build/lora_e5_mini/src/main.cpp.o
                0x080037d8                loop
 .text._Z9onReceivei
                0x08003838       0x50 .pio/build/lora_e5_mini/src/main.cpp.o
                0x08003838                onReceive(int)
 .text._ZN5Print17availableForWriteEv
                0x08003888        0x4 .pio/build/lora_e5_mini/lib2df/libLoRa.a(LoRa.cpp.o)
                0x08003888                Print::availableForWrite()
 .text._ZN9LoRaClass5writeEh
                0x0800388c       0x18 .pio/build/lora_e5_mini/lib2df/libLoRa.a(LoRa.cpp.o)
                0x0800388c                LoRaClass::write(unsigned char)
 .text._ZN9LoRaClass5flushEv
                0x080038a4        0x2 .pio/build/lora_e5_mini/lib2df/libLoRa.a(LoRa.cpp.o)
                0x080038a4                LoRaClass::flush()
 .text._ZN8SPIClass8transferEh15SPITransferMode
                0x080038a6       0x12 .pio/build/lora_e5_mini/lib2df/libLoRa.a(LoRa.cpp.o)
                0x080038a6                SPIClass::transfer(unsigned char, SPITransferMode)
 .text._ZN9LoRaClassC2Ev
                0x080038b8       0x50 .pio/build/lora_e5_mini/lib2df/libLoRa.a(LoRa.cpp.o)
                0x080038b8                LoRaClass::LoRaClass()
                0x080038b8                LoRaClass::LoRaClass()
 .text._ZN9LoRaClass9onReceiveEPFviE
                0x08003908       0xd8 .pio/build/lora_e5_mini/lib2df/libLoRa.a(LoRa.cpp.o)
                0x08003908                LoRaClass::onReceive(void (*)(int))
 .text._ZN9LoRaClass8onTxDoneEPFvvE
                0x080039e0       0xd8 .pio/build/lora_e5_mini/lib2df/libLoRa.a(LoRa.cpp.o)
                0x080039e0                LoRaClass::onTxDone(void (*)())
 .text._ZN9LoRaClass7setPinsEiii
                0x08003ab8        0x8 .pio/build/lora_e5_mini/lib2df/libLoRa.a(LoRa.cpp.o)
                0x08003ab8                LoRaClass::setPins(int, int, int)
 .text._ZN9LoRaClass14singleTransferEhh
                0x08003ac0       0x60 .pio/build/lora_e5_mini/lib2df/libLoRa.a(LoRa.cpp.o)
                0x08003ac0                LoRaClass::singleTransfer(unsigned char, unsigned char)
 .text._ZN9LoRaClass12readRegisterEh
                0x08003b20        0xa .pio/build/lora_e5_mini/lib2df/libLoRa.a(LoRa.cpp.o)
                0x08003b20                LoRaClass::readRegister(unsigned char)
 .text._ZN9LoRaClass9availableEv
                0x08003b2a       0x10 .pio/build/lora_e5_mini/lib2df/libLoRa.a(LoRa.cpp.o)
                0x08003b2a                LoRaClass::available()
 .text._ZN9LoRaClass4readEv
                0x08003b3a       0x22 .pio/build/lora_e5_mini/lib2df/libLoRa.a(LoRa.cpp.o)
                0x08003b3a                LoRaClass::read()
 .text._ZN9LoRaClass9endPacketEb
                0x08003b5c       0x46 .pio/build/lora_e5_mini/lib2df/libLoRa.a(LoRa.cpp.o)
                0x08003b5c                LoRaClass::endPacket(bool)
 .text._ZN9LoRaClass14isTransmittingEv
                0x08003ba2       0x30 .pio/build/lora_e5_mini/lib2df/libLoRa.a(LoRa.cpp.o)
                0x08003ba2                LoRaClass::isTransmitting()
 .text._ZN9LoRaClass5writeEPKhj
                0x08003bd2       0x44 .pio/build/lora_e5_mini/lib2df/libLoRa.a(LoRa.cpp.o)
                0x08003bd2                LoRaClass::write(unsigned char const*, unsigned int)
 .text._ZN9LoRaClass4peekEv
                0x08003c16       0x34 .pio/build/lora_e5_mini/lib2df/libLoRa.a(LoRa.cpp.o)
                0x08003c16                LoRaClass::peek()
 .text._ZN9LoRaClass4idleEv
                0x08003c4a        0x8 .pio/build/lora_e5_mini/lib2df/libLoRa.a(LoRa.cpp.o)
                0x08003c4a                LoRaClass::idle()
 .text._ZN9LoRaClass5sleepEv
                0x08003c52        0x8 .pio/build/lora_e5_mini/lib2df/libLoRa.a(LoRa.cpp.o)
                0x08003c52                LoRaClass::sleep()
 *fill*         0x08003c5a        0x2 
 .text._ZN9LoRaClass12setFrequencyEl
                0x08003c5c       0x44 .pio/build/lora_e5_mini/lib2df/libLoRa.a(LoRa.cpp.o)
                0x08003c5c                LoRaClass::setFrequency(long)
 .text._ZN9LoRaClass14enableInvertIQEv
                0x08003ca0       0x1a .pio/build/lora_e5_mini/lib2df/libLoRa.a(LoRa.cpp.o)
                0x08003ca0                LoRaClass::enableInvertIQ()
 .text._ZN9LoRaClass15disableInvertIQEv
                0x08003cba       0x1a .pio/build/lora_e5_mini/lib2df/libLoRa.a(LoRa.cpp.o)
                0x08003cba                LoRaClass::disableInvertIQ()
 .text._ZN9LoRaClass6setOCPEh
                0x08003cd4       0x32 .pio/build/lora_e5_mini/lib2df/libLoRa.a(LoRa.cpp.o)
                0x08003cd4                LoRaClass::setOCP(unsigned char)
 .text._ZN9LoRaClass10setTxPowerEii.part.0
                0x08003d06       0x48 .pio/build/lora_e5_mini/lib2df/libLoRa.a(LoRa.cpp.o)
 .text._ZN9LoRaClass5beginEl
                0x08003d4e       0xac .pio/build/lora_e5_mini/lib2df/libLoRa.a(LoRa.cpp.o)
                0x08003d4e                LoRaClass::begin(long)
 .text._ZN9LoRaClass18explicitHeaderModeEv
                0x08003dfa       0x1e .pio/build/lora_e5_mini/lib2df/libLoRa.a(LoRa.cpp.o)
                0x08003dfa                LoRaClass::explicitHeaderMode()
 .text._ZN9LoRaClass18implicitHeaderModeEv
                0x08003e18       0x20 .pio/build/lora_e5_mini/lib2df/libLoRa.a(LoRa.cpp.o)
                0x08003e18                LoRaClass::implicitHeaderMode()
 .text._ZN9LoRaClass11beginPacketEi
                0x08003e38       0x3c .pio/build/lora_e5_mini/lib2df/libLoRa.a(LoRa.cpp.o)
                0x08003e38                LoRaClass::beginPacket(int)
 .text._ZN9LoRaClass7receiveEi
                0x08003e74       0x36 .pio/build/lora_e5_mini/lib2df/libLoRa.a(LoRa.cpp.o)
                0x08003e74                LoRaClass::receive(int)
 .text._ZN9LoRaClass14handleDio0RiseEv
                0x08003eaa       0x62 .pio/build/lora_e5_mini/lib2df/libLoRa.a(LoRa.cpp.o)
                0x08003eaa                LoRaClass::handleDio0Rise()
 .text._ZN9LoRaClass10onDio0RiseEv
                0x08003f0c        0xc .pio/build/lora_e5_mini/lib2df/libLoRa.a(LoRa.cpp.o)
                0x08003f0c                LoRaClass::onDio0Rise()
 .text.startup._GLOBAL__sub_I__ZN9LoRaClassC2Ev
                0x08003f18        0xc .pio/build/lora_e5_mini/lib2df/libLoRa.a(LoRa.cpp.o)
 .text._ZN14HardwareSerial9availableEv
                0x08003f24       0x10 .pio/build/lora_e5_mini/libFrameworkArduino.a(HardwareSerial.cpp.o)
                0x08003f24                HardwareSerial::available()
 .text._ZN14HardwareSerial4peekEv
                0x08003f34       0x1a .pio/build/lora_e5_mini/libFrameworkArduino.a(HardwareSerial.cpp.o)
                0x08003f34                HardwareSerial::peek()
 .text._ZN14HardwareSerial17availableForWriteEv
                0x08003f4e       0x1c .pio/build/lora_e5_mini/libFrameworkArduino.a(HardwareSerial.cpp.o)
                0x08003f4e                HardwareSerial::availableForWrite()
 .text._ZN14HardwareSerial5writeEh
                0x08003f6a       0x18 .pio/build/lora_e5_mini/libFrameworkArduino.a(HardwareSerial.cpp.o)
                0x08003f6a                HardwareSerial::write(unsigned char)
 .text._ZN14HardwareSerial16_rx_complete_irqEP8serial_s
                0x08003f82       0x38 .pio/build/lora_e5_mini/libFrameworkArduino.a(HardwareSerial.cpp.o)
                0x08003f82                HardwareSerial::_rx_complete_irq(serial_s*)
 *fill*         0x08003fba        0x2 
 .text._ZN14HardwareSerial16_tx_complete_irqEP8serial_s
                0x08003fbc       0x64 .pio/build/lora_e5_mini/libFrameworkArduino.a(HardwareSerial.cpp.o)
                0x08003fbc                HardwareSerial::_tx_complete_irq(serial_s*)
 .text._ZN14HardwareSerial5writeEPKhj
                0x08004020       0xe4 .pio/build/lora_e5_mini/libFrameworkArduino.a(HardwareSerial.cpp.o)
                0x08004020                HardwareSerial::write(unsigned char const*, unsigned int)
 .text._ZN14HardwareSerial5flushEv
                0x08004104       0x14 .pio/build/lora_e5_mini/libFrameworkArduino.a(HardwareSerial.cpp.o)
                0x08004104                HardwareSerial::flush()
 .text._ZN14HardwareSerial4initE7PinNameS0_S0_S0_
                0x08004118       0x32 .pio/build/lora_e5_mini/libFrameworkArduino.a(HardwareSerial.cpp.o)
                0x08004118                HardwareSerial::init(PinName, PinName, PinName, PinName)
 *fill*         0x0800414a        0x2 
 .text._ZN14HardwareSerialC2EPv16HalfDuplexMode_t
                0x0800414c       0x94 .pio/build/lora_e5_mini/libFrameworkArduino.a(HardwareSerial.cpp.o)
                0x0800414c                HardwareSerial::HardwareSerial(void*, HalfDuplexMode_t)
                0x0800414c                HardwareSerial::HardwareSerial(void*, HalfDuplexMode_t)
 .text._ZN14HardwareSerial18enableHalfDuplexRxEv
                0x080041e0       0x2c .pio/build/lora_e5_mini/libFrameworkArduino.a(HardwareSerial.cpp.o)
                0x080041e0                HardwareSerial::enableHalfDuplexRx()
 .text._ZN14HardwareSerial5beginEmh
                0x0800420c       0x7c .pio/build/lora_e5_mini/libFrameworkArduino.a(HardwareSerial.cpp.o)
                0x0800420c                HardwareSerial::begin(unsigned long, unsigned char)
 .text._ZN14HardwareSerial4readEv
                0x08004288       0x2e .pio/build/lora_e5_mini/libFrameworkArduino.a(HardwareSerial.cpp.o)
                0x08004288                HardwareSerial::read()
 *fill*         0x080042b6        0x2 
 .text.startup._GLOBAL__sub_I_Serial1
                0x080042b8       0x14 .pio/build/lora_e5_mini/libFrameworkArduino.a(HardwareSerial.cpp.o)
 .text._ZN5Print5writeEPKc
                0x080042cc       0x20 .pio/build/lora_e5_mini/libFrameworkArduino.a(Print.cpp.o)
                0x080042cc                Print::write(char const*)
 .text._ZN5Print5printERK6String
                0x080042ec        0xa .pio/build/lora_e5_mini/libFrameworkArduino.a(Print.cpp.o)
                0x080042ec                Print::print(String const&)
 .text._ZN5Print5printEPKc
                0x080042f6        0x8 .pio/build/lora_e5_mini/libFrameworkArduino.a(Print.cpp.o)
                0x080042f6                Print::print(char const*)
 *fill*         0x080042fe        0x2 
 .text._ZN5Print7printlnEv
                0x08004300       0x10 .pio/build/lora_e5_mini/libFrameworkArduino.a(Print.cpp.o)
                0x08004300                Print::println()
 .text._ZN5Print7printlnEPK19__FlashStringHelper
                0x08004310       0x14 .pio/build/lora_e5_mini/libFrameworkArduino.a(Print.cpp.o)
                0x08004310                Print::println(__FlashStringHelper const*)
 .text._ZN5Print7printlnERK6String
                0x08004324       0x14 .pio/build/lora_e5_mini/libFrameworkArduino.a(Print.cpp.o)
                0x08004324                Print::println(String const&)
 .text._ZN5Print7printlnEPKc
                0x08004338        0x4 .pio/build/lora_e5_mini/libFrameworkArduino.a(Print.cpp.o)
                0x08004338                Print::println(char const*)
 .text._ZN6Stream9timedReadEv
                0x0800433c       0x2a .pio/build/lora_e5_mini/libFrameworkArduino.a(Stream.cpp.o)
                0x0800433c                Stream::timedRead()
 .text._ZN6Stream9readBytesEPcj
                0x08004366       0x22 .pio/build/lora_e5_mini/libFrameworkArduino.a(Stream.cpp.o)
                0x08004366                Stream::readBytes(char*, unsigned int)
 .text._ZN6Stream14readBytesUntilEcPcj
                0x08004388       0x30 .pio/build/lora_e5_mini/libFrameworkArduino.a(Stream.cpp.o)
                0x08004388                Stream::readBytesUntil(char, char*, unsigned int)
 .text._ZN6Stream10setTimeoutEm
                0x080043b8        0x4 .pio/build/lora_e5_mini/libFrameworkArduino.a(Stream.cpp.o)
                0x080043b8                Stream::setTimeout(unsigned long)
 .text._Z15detachInterruptm
                0x080043bc       0x64 .pio/build/lora_e5_mini/libFrameworkArduino.a(WInterrupts.cpp.o)
                0x080043bc                detachInterrupt(unsigned long)
 .text._Z15attachInterruptmSt8functionIFvvEEm
                0x08004420       0x9c .pio/build/lora_e5_mini/libFrameworkArduino.a(WInterrupts.cpp.o)
                0x08004420                attachInterrupt(unsigned long, std::function<void ()>, unsigned long)
 .text._ZN6StringD2Ev
                0x080044bc        0xe .pio/build/lora_e5_mini/libFrameworkArduino.a(WString.cpp.o)
                0x080044bc                String::~String()
                0x080044bc                String::~String()
 .text._ZN6String10invalidateEv
                0x080044ca       0x16 .pio/build/lora_e5_mini/libFrameworkArduino.a(WString.cpp.o)
                0x080044ca                String::invalidate()
 .text._ZN6String12changeBufferEj
                0x080044e0       0x18 .pio/build/lora_e5_mini/libFrameworkArduino.a(WString.cpp.o)
                0x080044e0                String::changeBuffer(unsigned int)
 .text._ZN6String7reserveEj
                0x080044f8       0x22 .pio/build/lora_e5_mini/libFrameworkArduino.a(WString.cpp.o)
                0x080044f8                String::reserve(unsigned int)
 .text._ZN6String4copyEPKcj
                0x0800451a       0x26 .pio/build/lora_e5_mini/libFrameworkArduino.a(WString.cpp.o)
                0x0800451a                String::copy(char const*, unsigned int)
 .text._ZN6StringC2EPKc
                0x08004540       0x24 .pio/build/lora_e5_mini/libFrameworkArduino.a(WString.cpp.o)
                0x08004540                String::String(char const*)
                0x08004540                String::String(char const*)
 .text._ZN6StringaSERKS_
                0x08004564       0x1e .pio/build/lora_e5_mini/libFrameworkArduino.a(WString.cpp.o)
                0x08004564                String::operator=(String const&)
 .text._ZN6StringC2ERKS_
                0x08004582       0x14 .pio/build/lora_e5_mini/libFrameworkArduino.a(WString.cpp.o)
                0x08004582                String::String(String const&)
                0x08004582                String::String(String const&)
 .text._ZN6String6concatEPKcj
                0x08004596       0x2e .pio/build/lora_e5_mini/libFrameworkArduino.a(WString.cpp.o)
                0x08004596                String::concat(char const*, unsigned int)
 .text._ZN6String6concatEPKc
                0x080045c4       0x1e .pio/build/lora_e5_mini/libFrameworkArduino.a(WString.cpp.o)
                0x080045c4                String::concat(char const*)
 .text._ZN6String6concatEc
                0x080045e2       0x1a .pio/build/lora_e5_mini/libFrameworkArduino.a(WString.cpp.o)
                0x080045e2                String::concat(char)
 .text._ZN6String6concatEm
                0x080045fc       0x22 .pio/build/lora_e5_mini/libFrameworkArduino.a(WString.cpp.o)
                0x080045fc                String::concat(unsigned long)
 .text.__empty  0x0800461e        0x2 .pio/build/lora_e5_mini/libFrameworkArduino.a(hooks.c.o)
                0x0800461e                yield
 .text.ultoa    0x08004620       0x64 .pio/build/lora_e5_mini/libFrameworkArduino.a(itoa.c.o)
                0x08004620                ultoa
 .text.startup._Z7premainv
                0x08004684       0x10 .pio/build/lora_e5_mini/libFrameworkArduino.a(main.cpp.o)
                0x08004684                premain()
 .text.startup.main
                0x08004694       0x14 .pio/build/lora_e5_mini/libFrameworkArduino.a(main.cpp.o)
                0x08004694                main
 .text.Reset_Handler
                0x080046a8       0x50 .pio/build/lora_e5_mini/libFrameworkArduino.a(startup_stm32yyxx.S.o)
                0x080046a8                Reset_Handler
 .text.Default_Handler
                0x080046f8        0x2 .pio/build/lora_e5_mini/libFrameworkArduino.a(startup_stm32yyxx.S.o)
                0x080046f8                RTC_Alarm_IRQHandler
                0x080046f8                DebugMon_Handler
                0x080046f8                HardFault_Handler
                0x080046f8                PendSV_Handler
                0x080046f8                NMI_Handler
                0x080046f8                LPTIM2_IRQHandler
                0x080046f8                I2C3_ER_IRQHandler
                0x080046f8                LPTIM3_IRQHandler
                0x080046f8                I2C2_EV_IRQHandler
                0x080046f8                UsageFault_Handler
                0x080046f8                TAMP_STAMP_LSECSS_SSRU_IRQHandler
                0x080046f8                SPI1_IRQHandler
                0x080046f8                DMA2_Channel2_IRQHandler
                0x080046f8                DMA1_Channel4_IRQHandler
                0x080046f8                PKA_IRQHandler
                0x080046f8                DMA1_Channel7_IRQHandler
                0x080046f8                SUBGHZSPI_IRQHandler
                0x080046f8                DMA2_Channel1_IRQHandler
                0x080046f8                I2C1_EV_IRQHandler
                0x080046f8                SUBGHZ_Radio_IRQHandler
                0x080046f8                DMAMUX1_OVR_IRQHandler
                0x080046f8                DMA1_Channel6_IRQHandler
                0x080046f8                DMA2_Channel4_IRQHandler
                0x080046f8                RCC_IRQHandler
                0x080046f8                TIM1_TRG_COM_IRQHandler
                0x080046f8                DMA1_Channel1_IRQHandler
                0x080046f8                Default_Handler
                0x080046f8                DMA2_Channel7_IRQHandler
                0x080046f8                ADC_IRQHandler
                0x080046f8                I2C3_EV_IRQHandler
                0x080046f8                RTC_WKUP_IRQHandler
                0x080046f8                PVD_PVM_IRQHandler
                0x080046f8                SPI2_IRQHandler
                0x080046f8                MemManage_Handler
                0x080046f8                SVC_Handler
                0x080046f8                DMA2_Channel5_IRQHandler
                0x080046f8                DMA1_Channel5_IRQHandler
                0x080046f8                RNG_IRQHandler
                0x080046f8                DMA1_Channel3_IRQHandler
                0x080046f8                COMP_IRQHandler
                0x080046f8                HSEM_IRQHandler
                0x080046f8                WWDG_IRQHandler
                0x080046f8                DMA2_Channel6_IRQHandler
                0x080046f8                TIM1_BRK_IRQHandler
                0x080046f8                DAC_IRQHandler
                0x080046f8                AES_IRQHandler
                0x080046f8                I2C2_ER_IRQHandler
                0x080046f8                DMA1_Channel2_IRQHandler
                0x080046f8                FLASH_IRQHandler
                0x080046f8                BusFault_Handler
                0x080046f8                I2C1_ER_IRQHandler
                0x080046f8                LPTIM1_IRQHandler
                0x080046f8                DMA2_Channel3_IRQHandler
 *fill*         0x080046fa        0x2 
 .text.pinMode  0x080046fc       0xd4 .pio/build/lora_e5_mini/libFrameworkArduino.a(wiring_digital.c.o)
                0x080046fc                pinMode
 .text.digitalWrite
                0x080047d0       0x74 .pio/build/lora_e5_mini/libFrameworkArduino.a(wiring_digital.c.o)
                0x080047d0                digitalWrite
 .text.millis   0x08004844        0x4 .pio/build/lora_e5_mini/libFrameworkArduino.a(wiring_time.c.o)
                0x08004844                millis
 .text.delay    0x08004848       0x1c .pio/build/lora_e5_mini/libFrameworkArduino.a(wiring_time.c.o)
                0x08004848                delay
 .text._Z14serialEventRunv
                0x08004864       0x1c .pio/build/lora_e5_mini/libFrameworkArduino.a(WSerial.cpp.o)
                0x08004864                serialEventRun()
 .text.init     0x08004880        0x4 .pio/build/lora_e5_mini/libFrameworkArduino.a(board.c.o)
                0x08004880                init
 .text.__udivmoddi4
                0x08004884      0x2bc c:/users/david.fobar/.platformio/packages/toolchain-gccarmnoneeabi/bin/../lib/gcc/arm-none-eabi/12.3.1/thumb/v7e-m/nofp\libgcc.a(_udivmoddi4.o)
                0x08004884                __udivmoddi4
 .text.unlikely._ZSt25__throw_bad_function_callv
                0x08004b40        0x6 c:/users/david.fobar/.platformio/packages/toolchain-gccarmnoneeabi/bin/../lib/gcc/arm-none-eabi/12.3.1/../../../../arm-none-eabi/lib/thumb/v7e-m/nofp\libstdc++_nano.a(functional.o)
                0x08004b40                std::__throw_bad_function_call()
 *fill*         0x08004b46        0x2 
 .text._ZN8SPIClass6pinIdxEhNS_12pin_option_tE
                0x08004b48       0x74 .pio/build/lora_e5_mini/lib276/libSPI.a(SPI.cpp.o)
                0x08004b48                SPIClass::pinIdx(unsigned char, SPIClass::pin_option_t)
 .text._ZN8SPIClass5beginEh
                0x08004bbc       0x50 .pio/build/lora_e5_mini/lib276/libSPI.a(SPI.cpp.o)
                0x08004bbc                SPIClass::begin(unsigned char)
 .text._ZN8SPIClass16beginTransactionEh11SPISettings
                0x08004c0c       0x74 .pio/build/lora_e5_mini/lib276/libSPI.a(SPI.cpp.o)
                0x08004c0c                SPIClass::beginTransaction(unsigned char, SPISettings)
 .text._ZN8SPIClass8transferEhh15SPITransferMode
                0x08004c80       0xa4 .pio/build/lora_e5_mini/lib276/libSPI.a(SPI.cpp.o)
                0x08004c80                SPIClass::transfer(unsigned char, unsigned char, SPITransferMode)
 .text._ZN8SPIClass10transfer16Eht15SPITransferMode
                0x08004d24       0xd0 .pio/build/lora_e5_mini/lib276/libSPI.a(SPI.cpp.o)
                0x08004d24                SPIClass::transfer16(unsigned char, unsigned short, SPITransferMode)
 .text._ZN8SPIClass8transferEhPvj15SPITransferMode
                0x08004df4       0xa2 .pio/build/lora_e5_mini/lib276/libSPI.a(SPI.cpp.o)
                0x08004df4                SPIClass::transfer(unsigned char, void*, unsigned int, SPITransferMode)
 .text._ZN8SPIClass8transferEhPvS0_j15SPITransferMode
                0x08004e96       0xac .pio/build/lora_e5_mini/lib276/libSPI.a(SPI.cpp.o)
                0x08004e96                SPIClass::transfer(unsigned char, void*, void*, unsigned int, SPITransferMode)
 *fill*         0x08004f42        0x2 
 .text._ZN8SPIClassC2Ev
                0x08004f44       0x5c .pio/build/lora_e5_mini/lib276/libSPI.a(SPI.cpp.o)
                0x08004f44                SPIClass::SPIClass()
                0x08004f44                SPIClass::SPIClass()
 .text._ZN8SPIClass14endTransactionEh
                0x08004fa0       0x6c .pio/build/lora_e5_mini/lib276/libSPI.a(SPI.cpp.o)
                0x08004fa0                SPIClass::endTransaction(unsigned char)
 .text.startup._GLOBAL__sub_I_SPI
                0x0800500c        0xc .pio/build/lora_e5_mini/lib276/libSPI.a(SPI.cpp.o)
 .text.LL_GPIO_SetPinPull
                0x08005018       0x2a .pio/build/lora_e5_mini/lib276/libSPI.a(spi_com.c.o)
 *fill*         0x08005042        0x2 
 .text.spi_getClkFreqInst
                0x08005044       0x38 .pio/build/lora_e5_mini/lib276/libSPI.a(spi_com.c.o)
                0x08005044                spi_getClkFreqInst
 .text.spi_init
                0x0800507c      0x274 .pio/build/lora_e5_mini/lib276/libSPI.a(spi_com.c.o)
                0x0800507c                spi_init
 .text.spi_transfer
                0x080052f0       0x6c .pio/build/lora_e5_mini/lib276/libSPI.a(spi_com.c.o)
                0x080052f0                spi_transfer
 .text.abort    0x0800535c        0xe c:/users/david.fobar/.platformio/packages/toolchain-gccarmnoneeabi/bin/../lib/gcc/arm-none-eabi/12.3.1/../../../../arm-none-eabi/lib/thumb/v7e-m/nofp\libc_nano.a(libc_a-abort.o)
                0x0800535c                abort
 *fill*         0x0800536a        0x2 
 .text.malloc   0x0800536c       0x10 c:/users/david.fobar/.platformio/packages/toolchain-gccarmnoneeabi/bin/../lib/gcc/arm-none-eabi/12.3.1/../../../../arm-none-eabi/lib/thumb/v7e-m/nofp\libc_nano.a(libc_a-malloc.o)
                0x0800536c                malloc
 .text.free     0x0800537c       0x10 c:/users/david.fobar/.platformio/packages/toolchain-gccarmnoneeabi/bin/../lib/gcc/arm-none-eabi/12.3.1/../../../../arm-none-eabi/lib/thumb/v7e-m/nofp\libc_nano.a(libc_a-malloc.o)
                0x0800537c                free
 .text.sbrk_aligned
                0x0800538c       0x44 c:/users/david.fobar/.platformio/packages/toolchain-gccarmnoneeabi/bin/../lib/gcc/arm-none-eabi/12.3.1/../../../../arm-none-eabi/lib/thumb/v7e-m/nofp\libc_nano.a(libc_a-mallocr.o)
 .text._malloc_r
                0x080053d0      0x100 c:/users/david.fobar/.platformio/packages/toolchain-gccarmnoneeabi/bin/../lib/gcc/arm-none-eabi/12.3.1/../../../../arm-none-eabi/lib/thumb/v7e-m/nofp\libc_nano.a(libc_a-mallocr.o)
                0x080053d0                _malloc_r
 .text.__malloc_lock
                0x080054d0        0xc c:/users/david.fobar/.platformio/packages/toolchain-gccarmnoneeabi/bin/../lib/gcc/arm-none-eabi/12.3.1/../../../../arm-none-eabi/lib/thumb/v7e-m/nofp\libc_nano.a(libc_a-mlock.o)
                0x080054d0                __malloc_lock
 .text.__malloc_unlock
                0x080054dc        0xc c:/users/david.fobar/.platformio/packages/toolchain-gccarmnoneeabi/bin/../lib/gcc/arm-none-eabi/12.3.1/../../../../arm-none-eabi/lib/thumb/v7e-m/nofp\libc_nano.a(libc_a-mlock.o)
                0x080054dc                __malloc_unlock
 .text.realloc  0x080054e8       0x10 c:/users/david.fobar/.platformio/packages/toolchain-gccarmnoneeabi/bin/../lib/gcc/arm-none-eabi/12.3.1/../../../../arm-none-eabi/lib/thumb/v7e-m/nofp\libc_nano.a(libc_a-realloc.o)
                0x080054e8                realloc
 .text._realloc_r
                0x080054f8       0x5c c:/users/david.fobar/.platformio/packages/toolchain-gccarmnoneeabi/bin/../lib/gcc/arm-none-eabi/12.3.1/../../../../arm-none-eabi/lib/thumb/v7e-m/nofp\libc_nano.a(libc_a-reallocr.o)
                0x080054f8                _realloc_r
 .text.memset   0x08005554       0x10 c:/users/david.fobar/.platformio/packages/toolchain-gccarmnoneeabi/bin/../lib/gcc/arm-none-eabi/12.3.1/../../../../arm-none-eabi/lib/thumb/v7e-m/nofp\libc_nano.a(libc_a-memset.o)
                0x08005554                memset
 .text._raise_r
                0x08005564       0x50 c:/users/david.fobar/.platformio/packages/toolchain-gccarmnoneeabi/bin/../lib/gcc/arm-none-eabi/12.3.1/../../../../arm-none-eabi/lib/thumb/v7e-m/nofp\libc_nano.a(libc_a-signal.o)
                0x08005564                _raise_r
 .text.raise    0x080055b4       0x10 c:/users/david.fobar/.platformio/packages/toolchain-gccarmnoneeabi/bin/../lib/gcc/arm-none-eabi/12.3.1/../../../../arm-none-eabi/lib/thumb/v7e-m/nofp\libc_nano.a(libc_a-signal.o)
                0x080055b4                raise
 .text._kill_r  0x080055c4       0x24 c:/users/david.fobar/.platformio/packages/toolchain-gccarmnoneeabi/bin/../lib/gcc/arm-none-eabi/12.3.1/../../../../arm-none-eabi/lib/thumb/v7e-m/nofp\libc_nano.a(libc_a-signalr.o)
                0x080055c4                _kill_r
 .text._getpid_r
                0x080055e8        0x4 c:/users/david.fobar/.platformio/packages/toolchain-gccarmnoneeabi/bin/../lib/gcc/arm-none-eabi/12.3.1/../../../../arm-none-eabi/lib/thumb/v7e-m/nofp\libc_nano.a(libc_a-signalr.o)
                0x080055e8                _getpid_r
 .text._sbrk_r  0x080055ec       0x20 c:/users/david.fobar/.platformio/packages/toolchain-gccarmnoneeabi/bin/../lib/gcc/arm-none-eabi/12.3.1/../../../../arm-none-eabi/lib/thumb/v7e-m/nofp\libc_nano.a(libc_a-sbrkr.o)
                0x080055ec                _sbrk_r
 .text.__libc_init_array
                0x0800560c       0x48 c:/users/david.fobar/.platformio/packages/toolchain-gccarmnoneeabi/bin/../lib/gcc/arm-none-eabi/12.3.1/../../../../arm-none-eabi/lib/thumb/v7e-m/nofp\libc_nano.a(libc_a-init.o)
                0x0800560c                __libc_init_array
 .text.__retarget_lock_acquire_recursive
                0x08005654        0x2 c:/users/david.fobar/.platformio/packages/toolchain-gccarmnoneeabi/bin/../lib/gcc/arm-none-eabi/12.3.1/../../../../arm-none-eabi/lib/thumb/v7e-m/nofp\libc_nano.a(libc_a-lock.o)
                0x08005654                __retarget_lock_acquire_recursive
 .text.__retarget_lock_release_recursive
                0x08005656        0x2 c:/users/david.fobar/.platformio/packages/toolchain-gccarmnoneeabi/bin/../lib/gcc/arm-none-eabi/12.3.1/../../../../arm-none-eabi/lib/thumb/v7e-m/nofp\libc_nano.a(libc_a-lock.o)
                0x08005656                __retarget_lock_release_recursive
 .text.strcpy   0x08005658       0x10 c:/users/david.fobar/.platformio/packages/toolchain-gccarmnoneeabi/bin/../lib/gcc/arm-none-eabi/12.3.1/../../../../arm-none-eabi/lib/thumb/v7e-m/nofp\libc_nano.a(libc_a-strcpy.o)
                0x08005658                strcpy
 .text.memcpy   0x08005668       0x1c c:/users/david.fobar/.platformio/packages/toolchain-gccarmnoneeabi/bin/../lib/gcc/arm-none-eabi/12.3.1/../../../../arm-none-eabi/lib/thumb/v7e-m/nofp\libc_nano.a(libc_a-memcpy-stub.o)
                0x08005668                memcpy
 .text._free_r  0x08005684       0x94 c:/users/david.fobar/.platformio/packages/toolchain-gccarmnoneeabi/bin/../lib/gcc/arm-none-eabi/12.3.1/../../../../arm-none-eabi/lib/thumb/v7e-m/nofp\libc_nano.a(libc_a-freer.o)
                0x08005684                _free_r
 .text._malloc_usable_size_r
                0x08005718       0x10 c:/users/david.fobar/.platformio/packages/toolchain-gccarmnoneeabi/bin/../lib/gcc/arm-none-eabi/12.3.1/../../../../arm-none-eabi/lib/thumb/v7e-m/nofp\libc_nano.a(libc_a-msizer.o)
                0x08005718                _malloc_usable_size_r
 *(.glue_7)
 .glue_7        0x08005728        0x0 linker stubs
 *(.glue_7t)
 .glue_7t       0x08005728        0x0 linker stubs
 *(.eh_frame)
 .eh_frame      0x08005728        0x0 c:/users/david.fobar/.platformio/packages/toolchain-gccarmnoneeabi/bin/../lib/gcc/arm-none-eabi/12.3.1/thumb/v7e-m/nofp/crtbegin.o
 *(.init)
 .init          0x08005728        0x4 c:/users/david.fobar/.platformio/packages/toolchain-gccarmnoneeabi/bin/../lib/gcc/arm-none-eabi/12.3.1/thumb/v7e-m/nofp/crti.o
                0x08005728                _init
 .init          0x0800572c        0x8 c:/users/david.fobar/.platformio/packages/toolchain-gccarmnoneeabi/bin/../lib/gcc/arm-none-eabi/12.3.1/thumb/v7e-m/nofp/crtn.o
 *(.fini)
 .fini          0x08005734        0x4 c:/users/david.fobar/.platformio/packages/toolchain-gccarmnoneeabi/bin/../lib/gcc/arm-none-eabi/12.3.1/thumb/v7e-m/nofp/crti.o
                0x08005734                _fini
 .fini          0x08005738        0x8 c:/users/david.fobar/.platformio/packages/toolchain-gccarmnoneeabi/bin/../lib/gcc/arm-none-eabi/12.3.1/thumb/v7e-m/nofp/crtn.o
                0x08005740                        . = ALIGN (0x4)
                0x08005740                        _etext = .

.vfp11_veneer   0x08005740        0x0
 .vfp11_veneer  0x08005740        0x0 linker stubs

.v4_bx          0x08005740        0x0
 .v4_bx         0x08005740        0x0 linker stubs

.iplt           0x08005740        0x0
 .iplt          0x08005740        0x0 c:/users/david.fobar/.platformio/packages/toolchain-gccarmnoneeabi/bin/../lib/gcc/arm-none-eabi/12.3.1/thumb/v7e-m/nofp/crtbegin.o

.rodata         0x08005740      0x79c
                0x08005740                        . = ALIGN (0x4)
 *(.rodata)
 .rodata        0x08005740        0xc .pio/build/lora_e5_mini/SrcWrapper/src/HAL/stm32yyxx_hal_rcc.c.o
 .rodata        0x0800574c       0x30 .pio/build/lora_e5_mini/lib276/libSPI.a(SPI.cpp.o)
 *(.rodata*)
 .rodata.PinMap_SPI_SSEL
                0x0800577c       0x60 .pio/build/lora_e5_mini/FrameworkArduinoVariant/PeripheralPins.c.o
                0x0800577c                PinMap_SPI_SSEL
 .rodata.PinMap_SPI_SCLK
                0x080057dc       0x6c .pio/build/lora_e5_mini/FrameworkArduinoVariant/PeripheralPins.c.o
                0x080057dc                PinMap_SPI_SCLK
 .rodata.PinMap_SPI_MISO
                0x08005848       0x60 .pio/build/lora_e5_mini/FrameworkArduinoVariant/PeripheralPins.c.o
                0x08005848                PinMap_SPI_MISO
 .rodata.PinMap_SPI_MOSI
                0x080058a8       0x6c .pio/build/lora_e5_mini/FrameworkArduinoVariant/PeripheralPins.c.o
                0x080058a8                PinMap_SPI_MOSI
 .rodata.PinMap_UART_CTS
                0x08005914       0x48 .pio/build/lora_e5_mini/FrameworkArduinoVariant/PeripheralPins.c.o
                0x08005914                PinMap_UART_CTS
 .rodata.PinMap_UART_RTS
                0x0800595c       0x54 .pio/build/lora_e5_mini/FrameworkArduinoVariant/PeripheralPins.c.o
                0x0800595c                PinMap_UART_RTS
 .rodata.PinMap_UART_RX
                0x080059b0       0x54 .pio/build/lora_e5_mini/FrameworkArduinoVariant/PeripheralPins.c.o
                0x080059b0                PinMap_UART_RX
 .rodata.PinMap_UART_TX
                0x08005a04       0x54 .pio/build/lora_e5_mini/FrameworkArduinoVariant/PeripheralPins.c.o
                0x08005a04                PinMap_UART_TX
 .rodata.PinMap_TIM
                0x08005a58      0x138 .pio/build/lora_e5_mini/FrameworkArduinoVariant/PeripheralPins.c.o
                0x08005a58                PinMap_TIM
 .rodata.PinMap_DAC
                0x08005b90       0x18 .pio/build/lora_e5_mini/FrameworkArduinoVariant/PeripheralPins.c.o
                0x08005b90                PinMap_DAC
 .rodata.analogInputPin
                0x08005ba8       0x20 .pio/build/lora_e5_mini/FrameworkArduinoVariant/variant_LORA_E5_MINI.cpp.o
                0x08005ba8                analogInputPin
 .rodata.digitalPin
                0x08005bc8       0x6c .pio/build/lora_e5_mini/FrameworkArduinoVariant/variant_LORA_E5_MINI.cpp.o
                0x08005bc8                digitalPin
 .rodata.UARTPrescTable
                0x08005c34       0x18 .pio/build/lora_e5_mini/SrcWrapper/src/HAL/stm32yyxx_hal_uart.c.o
                0x08005c34                UARTPrescTable
 .rodata._ZL13ll_exti_lines
                0x08005c4c       0x40 .pio/build/lora_e5_mini/SrcWrapper/src/stm32/interrupt.cpp.o
 .rodata.pin_map_ll
                0x08005c8c       0x40 .pio/build/lora_e5_mini/SrcWrapper/src/stm32/pinmap.c.o
                0x08005c8c                pin_map_ll
 .rodata.MSIRangeTable
                0x08005ccc       0x40 .pio/build/lora_e5_mini/SrcWrapper/src/stm32/system_stm32yyxx.c.o
                0x08005ccc                MSIRangeTable
 .rodata.APBPrescTable
                0x08005d0c       0x20 .pio/build/lora_e5_mini/SrcWrapper/src/stm32/system_stm32yyxx.c.o
                0x08005d0c                APBPrescTable
 .rodata.AHBPrescTable
                0x08005d2c       0x40 .pio/build/lora_e5_mini/SrcWrapper/src/stm32/system_stm32yyxx.c.o
                0x08005d2c                AHBPrescTable
 .rodata.setup.str1.1
                0x08005d6c       0x9d .pio/build/lora_e5_mini/src/main.cpp.o
 .rodata._Z8onTxDonev.str1.1
                0x08005e09        0x7 .pio/build/lora_e5_mini/src/main.cpp.o
 .rodata.loop.str1.1
                0x08005e10       0x2a .pio/build/lora_e5_mini/src/main.cpp.o
 .rodata._Z9onReceivei.str1.1
                0x08005e3a        0xf .pio/build/lora_e5_mini/src/main.cpp.o
                                 0x10 (size before relaxing)
 *fill*         0x08005e49        0x3 
 .rodata._ZTV9LoRaClass
                0x08005e4c       0x2c .pio/build/lora_e5_mini/lib2df/libLoRa.a(LoRa.cpp.o)
                0x08005e4c                vtable for LoRaClass
 .rodata.CSWTCH.69
                0x08005e78        0xc .pio/build/lora_e5_mini/libFrameworkArduino.a(HardwareSerial.cpp.o)
 .rodata.CSWTCH.68
                0x08005e84        0x5 .pio/build/lora_e5_mini/libFrameworkArduino.a(HardwareSerial.cpp.o)
 *fill*         0x08005e89        0x3 
 .rodata._ZTV14HardwareSerial
                0x08005e8c       0x2c .pio/build/lora_e5_mini/libFrameworkArduino.a(HardwareSerial.cpp.o)
                0x08005e8c                vtable for HardwareSerial
 .rodata._ZN5Print7printlnEv.str1.1
                0x08005eb8        0x3 .pio/build/lora_e5_mini/libFrameworkArduino.a(Print.cpp.o)
 *fill*         0x08005ebb        0x1 
 .rodata._ZTV8SPIClass
                0x08005ebc       0x20 .pio/build/lora_e5_mini/lib276/libSPI.a(SPI.cpp.o)
                0x08005ebc                vtable for SPIClass
                0x08005edc                        . = ALIGN (0x4)

.ARM.extab      0x08005edc        0x0
                0x08005edc                        . = ALIGN (0x4)
 *(.ARM.extab* .gnu.linkonce.armextab.*)
                0x08005edc                        . = ALIGN (0x4)

.ARM            0x08005edc        0x8
                0x08005edc                        . = ALIGN (0x4)
                0x08005edc                        __exidx_start = .
 *(.ARM.exidx*)
 .ARM.exidx     0x08005edc        0x8 c:/users/david.fobar/.platformio/packages/toolchain-gccarmnoneeabi/bin/../lib/gcc/arm-none-eabi/12.3.1/../../../../arm-none-eabi/lib/thumb/v7e-m/nofp\libc_nano.a(libc_a-strlen.o)
 .ARM.exidx.text.__udivmoddi4
                0x08005ee4        0x0 c:/users/david.fobar/.platformio/packages/toolchain-gccarmnoneeabi/bin/../lib/gcc/arm-none-eabi/12.3.1/thumb/v7e-m/nofp\libgcc.a(_udivmoddi4.o)
                                  0x8 (size before relaxing)
                0x08005ee4                        __exidx_end = .
                0x08005ee4                        . = ALIGN (0x4)

.rel.dyn        0x08005ee4        0x0
 .rel.iplt      0x08005ee4        0x0 c:/users/david.fobar/.platformio/packages/toolchain-gccarmnoneeabi/bin/../lib/gcc/arm-none-eabi/12.3.1/thumb/v7e-m/nofp/crtbegin.o

.preinit_array  0x08005ee4        0x0
                0x08005ee4                        . = ALIGN (0x4)
                0x08005ee4                        PROVIDE (__preinit_array_start = .)
 *(.preinit_array*)
                0x08005ee4                        PROVIDE (__preinit_array_end = .)
                0x08005ee4                        . = ALIGN (0x4)

.init_array     0x08005ee4       0x18
                0x08005ee4                        . = ALIGN (0x4)
                0x08005ee4                        PROVIDE (__init_array_start = .)
 *(SORT_BY_NAME(.init_array.*))
 .init_array.00101
                0x08005ee4        0x4 .pio/build/lora_e5_mini/libFrameworkArduino.a(main.cpp.o)
 *(.init_array*)
 .init_array    0x08005ee8        0x4 c:/users/david.fobar/.platformio/packages/toolchain-gccarmnoneeabi/bin/../lib/gcc/arm-none-eabi/12.3.1/thumb/v7e-m/nofp/crtbegin.o
 .init_array    0x08005eec        0x4 .pio/build/lora_e5_mini/SrcWrapper/src/stm32/interrupt.cpp.o
 .init_array    0x08005ef0        0x4 .pio/build/lora_e5_mini/lib2df/libLoRa.a(LoRa.cpp.o)
 .init_array    0x08005ef4        0x4 .pio/build/lora_e5_mini/libFrameworkArduino.a(HardwareSerial.cpp.o)
 .init_array    0x08005ef8        0x4 .pio/build/lora_e5_mini/lib276/libSPI.a(SPI.cpp.o)
                0x08005efc                        PROVIDE (__init_array_end = .)
                0x08005efc                        . = ALIGN (0x4)

.fini_array     0x08005efc        0x8
                0x08005efc                        . = ALIGN (0x4)
                0x08005efc                        PROVIDE (__fini_array_start = .)
 *(SORT_BY_NAME(.fini_array.*))
 *(.fini_array*)
 .fini_array    0x08005efc        0x4 c:/users/david.fobar/.platformio/packages/toolchain-gccarmnoneeabi/bin/../lib/gcc/arm-none-eabi/12.3.1/thumb/v7e-m/nofp/crtbegin.o
 .fini_array    0x08005f00        0x4 .pio/build/lora_e5_mini/SrcWrapper/src/stm32/interrupt.cpp.o
                0x08005f04                        PROVIDE (__fini_array_end = .)
                0x08005f04                        . = ALIGN (0x4)
                0x08005f04                        _sidata = LOADADDR (.data)

.data           0x20000000       0x94 load address 0x08005f04
                0x20000000                        . = ALIGN (0x4)
                0x20000000                        _sdata = .
 *(.data)
 *(.data*)
 .data.uwTickFreq
                0x20000000        0x1 .pio/build/lora_e5_mini/SrcWrapper/src/HAL/stm32yyxx_hal.c.o
                0x20000000                uwTickFreq
 *fill*         0x20000001        0x3 
 .data.uwTickPrio
                0x20000004        0x4 .pio/build/lora_e5_mini/SrcWrapper/src/HAL/stm32yyxx_hal.c.o
                0x20000004                uwTickPrio
 .data.GPIOPort
                0x20000008       0x10 .pio/build/lora_e5_mini/SrcWrapper/src/stm32/PortNames.c.o
                0x20000008                GPIOPort
 .data.hcrc     0x20000018       0x24 .pio/build/lora_e5_mini/SrcWrapper/src/stm32/hw_config.c.o
                0x20000018                hcrc
 .data.SystemCoreClock
                0x2000003c        0x4 .pio/build/lora_e5_mini/SrcWrapper/src/stm32/system_stm32yyxx.c.o
                0x2000003c                SystemCoreClock
 .data.heap_end.0
                0x20000040        0x4 .pio/build/lora_e5_mini/SrcWrapper/src/syscalls.c.o
 .data._impure_ptr
                0x20000044        0x4 c:/users/david.fobar/.platformio/packages/toolchain-gccarmnoneeabi/bin/../lib/gcc/arm-none-eabi/12.3.1/../../../../arm-none-eabi/lib/thumb/v7e-m/nofp\libc_nano.a(libc_a-impure.o)
                0x20000044                _impure_ptr
 .data._impure_data
                0x20000048       0x4c c:/users/david.fobar/.platformio/packages/toolchain-gccarmnoneeabi/bin/../lib/gcc/arm-none-eabi/12.3.1/../../../../arm-none-eabi/lib/thumb/v7e-m/nofp\libc_nano.a(libc_a-impure.o)
                0x20000048                _impure_data
 *(.RamFunc)
 *(.RamFunc*)
                0x20000094                        . = ALIGN (0x4)
                0x20000094                        _edata = .

.igot.plt       0x20000094        0x0 load address 0x08005f98
 .igot.plt      0x20000094        0x0 c:/users/david.fobar/.platformio/packages/toolchain-gccarmnoneeabi/bin/../lib/gcc/arm-none-eabi/12.3.1/thumb/v7e-m/nofp/crtbegin.o
                0x20000094                        . = ALIGN (0x4)

.bss            0x20000094      0x52c load address 0x08005f98
                0x20000094                        _sbss = .
                0x20000094                        __bss_start__ = _sbss
 *(.bss)
 *(.bss*)
 .bss.completed.1
                0x20000094        0x1 c:/users/david.fobar/.platformio/packages/toolchain-gccarmnoneeabi/bin/../lib/gcc/arm-none-eabi/12.3.1/thumb/v7e-m/nofp/crtbegin.o
 *fill*         0x20000095        0x3 
 .bss.object.0  0x20000098       0x18 c:/users/david.fobar/.platformio/packages/toolchain-gccarmnoneeabi/bin/../lib/gcc/arm-none-eabi/12.3.1/thumb/v7e-m/nofp/crtbegin.o
 .bss.uwTick    0x200000b0        0x4 .pio/build/lora_e5_mini/SrcWrapper/src/HAL/stm32yyxx_hal.c.o
                0x200000b0                uwTick
 .bss.HardwareTimer_Handle
                0x200000b4       0x10 .pio/build/lora_e5_mini/SrcWrapper/src/HardwareTimer.cpp.o
                0x200000b4                HardwareTimer_Handle
 .bss._ZL13gpio_irq_conf
                0x200000c4      0x140 .pio/build/lora_e5_mini/SrcWrapper/src/stm32/interrupt.cpp.o
 .bss.uart_handlers
                0x20000204        0xc .pio/build/lora_e5_mini/SrcWrapper/src/stm32/uart.c.o
 .bss._ZZ8runEverymE14previousMillis
                0x20000210        0x4 .pio/build/lora_e5_mini/src/main.cpp.o
 .bss.LoRa      0x20000214       0x40 .pio/build/lora_e5_mini/lib2df/libLoRa.a(LoRa.cpp.o)
                0x20000214                LoRa
 .bss.Serial1   0x20000254      0x164 .pio/build/lora_e5_mini/libFrameworkArduino.a(HardwareSerial.cpp.o)
                0x20000254                Serial1
 .bss.g_anOutputPinConfigured
                0x200003b8       0x10 .pio/build/lora_e5_mini/libFrameworkArduino.a(wiring_analog.c.o)
                0x200003b8                g_anOutputPinConfigured
 .bss.SPI       0x200003c8       0xb0 .pio/build/lora_e5_mini/lib276/libSPI.a(SPI.cpp.o)
                0x200003c8                SPI
 .bss.__malloc_sbrk_start
                0x20000478        0x4 c:/users/david.fobar/.platformio/packages/toolchain-gccarmnoneeabi/bin/../lib/gcc/arm-none-eabi/12.3.1/../../../../arm-none-eabi/lib/thumb/v7e-m/nofp\libc_nano.a(libc_a-mallocr.o)
                0x20000478                __malloc_sbrk_start
 .bss.__malloc_free_list
                0x2000047c        0x4 c:/users/david.fobar/.platformio/packages/toolchain-gccarmnoneeabi/bin/../lib/gcc/arm-none-eabi/12.3.1/../../../../arm-none-eabi/lib/thumb/v7e-m/nofp\libc_nano.a(libc_a-mallocr.o)
                0x2000047c                __malloc_free_list
 .bss.__sf      0x20000480      0x138 c:/users/david.fobar/.platformio/packages/toolchain-gccarmnoneeabi/bin/../lib/gcc/arm-none-eabi/12.3.1/../../../../arm-none-eabi/lib/thumb/v7e-m/nofp\libc_nano.a(libc_a-findfp.o)
                0x20000480                __sf
 .bss.errno     0x200005b8        0x4 c:/users/david.fobar/.platformio/packages/toolchain-gccarmnoneeabi/bin/../lib/gcc/arm-none-eabi/12.3.1/../../../../arm-none-eabi/lib/thumb/v7e-m/nofp\libc_nano.a(libc_a-reent.o)
                0x200005b8                errno
 .bss.__lock___malloc_recursive_mutex
                0x200005bc        0x1 c:/users/david.fobar/.platformio/packages/toolchain-gccarmnoneeabi/bin/../lib/gcc/arm-none-eabi/12.3.1/../../../../arm-none-eabi/lib/thumb/v7e-m/nofp\libc_nano.a(libc_a-lock.o)
                0x200005bc                __lock___malloc_recursive_mutex
 *(COMMON)
                0x200005c0                        . = ALIGN (0x4)
 *fill*         0x200005bd        0x3 
                0x200005c0                        _ebss = .
                0x200005c0                        __bss_end__ = _ebss
LOAD c:/users/david.fobar/.platformio/packages/toolchain-gccarmnoneeabi/bin/../lib/gcc/arm-none-eabi/12.3.1/thumb/v7e-m/nofp/crti.o
LOAD c:/users/david.fobar/.platformio/packages/toolchain-gccarmnoneeabi/bin/../lib/gcc/arm-none-eabi/12.3.1/thumb/v7e-m/nofp/crtbegin.o
LOAD c:/users/david.fobar/.platformio/packages/toolchain-gccarmnoneeabi/bin/../lib/gcc/arm-none-eabi/12.3.1/../../../../arm-none-eabi/lib/thumb/v7e-m/nofp/crt0.o
                0x00040000                        LD_MAX_SIZE = 0x40000
                0x00010000                        LD_MAX_DATA_SIZE = 0x10000
                0x00000000                        LD_FLASH_OFFSET = 0x0
LOAD .pio/build/lora_e5_mini/FrameworkArduinoVariant/PeripheralPins.c.o
LOAD .pio/build/lora_e5_mini/FrameworkArduinoVariant/PeripheralPins_LORA_E5_MINI.c.o
LOAD .pio/build/lora_e5_mini/FrameworkArduinoVariant/generic_clock.c.o
LOAD .pio/build/lora_e5_mini/FrameworkArduinoVariant/variant_LORA_E5_MINI.cpp.o
LOAD .pio/build/lora_e5_mini/FrameworkArduinoVariant/variant_NUCLEO_WL55JC1.cpp.o
LOAD .pio/build/lora_e5_mini/FrameworkArduinoVariant/variant_generic.cpp.o
LOAD .pio/build/lora_e5_mini/SrcWrapper/src/HAL/stm32yyxx_hal.c.o
LOAD .pio/build/lora_e5_mini/SrcWrapper/src/HAL/stm32yyxx_hal_adc.c.o
LOAD .pio/build/lora_e5_mini/SrcWrapper/src/HAL/stm32yyxx_hal_adc_ex.c.o
LOAD .pio/build/lora_e5_mini/SrcWrapper/src/HAL/stm32yyxx_hal_can.c.o
LOAD .pio/build/lora_e5_mini/SrcWrapper/src/HAL/stm32yyxx_hal_cec.c.o
LOAD .pio/build/lora_e5_mini/SrcWrapper/src/HAL/stm32yyxx_hal_comp.c.o
LOAD .pio/build/lora_e5_mini/SrcWrapper/src/HAL/stm32yyxx_hal_comp_ex.c.o
LOAD .pio/build/lora_e5_mini/SrcWrapper/src/HAL/stm32yyxx_hal_cordic.c.o
LOAD .pio/build/lora_e5_mini/SrcWrapper/src/HAL/stm32yyxx_hal_cortex.c.o
LOAD .pio/build/lora_e5_mini/SrcWrapper/src/HAL/stm32yyxx_hal_crc.c.o
LOAD .pio/build/lora_e5_mini/SrcWrapper/src/HAL/stm32yyxx_hal_crc_ex.c.o
LOAD .pio/build/lora_e5_mini/SrcWrapper/src/HAL/stm32yyxx_hal_cryp.c.o
LOAD .pio/build/lora_e5_mini/SrcWrapper/src/HAL/stm32yyxx_hal_cryp_ex.c.o
LOAD .pio/build/lora_e5_mini/SrcWrapper/src/HAL/stm32yyxx_hal_dac.c.o
LOAD .pio/build/lora_e5_mini/SrcWrapper/src/HAL/stm32yyxx_hal_dac_ex.c.o
LOAD .pio/build/lora_e5_mini/SrcWrapper/src/HAL/stm32yyxx_hal_dcache.c.o
LOAD .pio/build/lora_e5_mini/SrcWrapper/src/HAL/stm32yyxx_hal_dcmi.c.o
LOAD .pio/build/lora_e5_mini/SrcWrapper/src/HAL/stm32yyxx_hal_dcmi_ex.c.o
LOAD .pio/build/lora_e5_mini/SrcWrapper/src/HAL/stm32yyxx_hal_dfsdm.c.o
LOAD .pio/build/lora_e5_mini/SrcWrapper/src/HAL/stm32yyxx_hal_dfsdm_ex.c.o
LOAD .pio/build/lora_e5_mini/SrcWrapper/src/HAL/stm32yyxx_hal_dma.c.o
LOAD .pio/build/lora_e5_mini/SrcWrapper/src/HAL/stm32yyxx_hal_dma2d.c.o
LOAD .pio/build/lora_e5_mini/SrcWrapper/src/HAL/stm32yyxx_hal_dma_ex.c.o
LOAD .pio/build/lora_e5_mini/SrcWrapper/src/HAL/stm32yyxx_hal_dsi.c.o
LOAD .pio/build/lora_e5_mini/SrcWrapper/src/HAL/stm32yyxx_hal_dts.c.o
LOAD .pio/build/lora_e5_mini/SrcWrapper/src/HAL/stm32yyxx_hal_eth.c.o
LOAD .pio/build/lora_e5_mini/SrcWrapper/src/HAL/stm32yyxx_hal_eth_ex.c.o
LOAD .pio/build/lora_e5_mini/SrcWrapper/src/HAL/stm32yyxx_hal_exti.c.o
LOAD .pio/build/lora_e5_mini/SrcWrapper/src/HAL/stm32yyxx_hal_fdcan.c.o
LOAD .pio/build/lora_e5_mini/SrcWrapper/src/HAL/stm32yyxx_hal_firewall.c.o
LOAD .pio/build/lora_e5_mini/SrcWrapper/src/HAL/stm32yyxx_hal_flash.c.o
LOAD .pio/build/lora_e5_mini/SrcWrapper/src/HAL/stm32yyxx_hal_flash_ex.c.o
LOAD .pio/build/lora_e5_mini/SrcWrapper/src/HAL/stm32yyxx_hal_flash_ramfunc.c.o
LOAD .pio/build/lora_e5_mini/SrcWrapper/src/HAL/stm32yyxx_hal_fmac.c.o
LOAD .pio/build/lora_e5_mini/SrcWrapper/src/HAL/stm32yyxx_hal_fmpi2c.c.o
LOAD .pio/build/lora_e5_mini/SrcWrapper/src/HAL/stm32yyxx_hal_fmpi2c_ex.c.o
LOAD .pio/build/lora_e5_mini/SrcWrapper/src/HAL/stm32yyxx_hal_fmpsmbus.c.o
LOAD .pio/build/lora_e5_mini/SrcWrapper/src/HAL/stm32yyxx_hal_fmpsmbus_ex.c.o
LOAD .pio/build/lora_e5_mini/SrcWrapper/src/HAL/stm32yyxx_hal_gfxmmu.c.o
LOAD .pio/build/lora_e5_mini/SrcWrapper/src/HAL/stm32yyxx_hal_gpio.c.o
LOAD .pio/build/lora_e5_mini/SrcWrapper/src/HAL/stm32yyxx_hal_gpio_ex.c.o
LOAD .pio/build/lora_e5_mini/SrcWrapper/src/HAL/stm32yyxx_hal_gpu2d.c.o
LOAD .pio/build/lora_e5_mini/SrcWrapper/src/HAL/stm32yyxx_hal_gtzc.c.o
LOAD .pio/build/lora_e5_mini/SrcWrapper/src/HAL/stm32yyxx_hal_hash.c.o
LOAD .pio/build/lora_e5_mini/SrcWrapper/src/HAL/stm32yyxx_hal_hash_ex.c.o
LOAD .pio/build/lora_e5_mini/SrcWrapper/src/HAL/stm32yyxx_hal_hcd.c.o
LOAD .pio/build/lora_e5_mini/SrcWrapper/src/HAL/stm32yyxx_hal_hrtim.c.o
LOAD .pio/build/lora_e5_mini/SrcWrapper/src/HAL/stm32yyxx_hal_hsem.c.o
LOAD .pio/build/lora_e5_mini/SrcWrapper/src/HAL/stm32yyxx_hal_i2c.c.o
LOAD .pio/build/lora_e5_mini/SrcWrapper/src/HAL/stm32yyxx_hal_i2c_ex.c.o
LOAD .pio/build/lora_e5_mini/SrcWrapper/src/HAL/stm32yyxx_hal_i2s.c.o
LOAD .pio/build/lora_e5_mini/SrcWrapper/src/HAL/stm32yyxx_hal_i2s_ex.c.o
LOAD .pio/build/lora_e5_mini/SrcWrapper/src/HAL/stm32yyxx_hal_i3c.c.o
LOAD .pio/build/lora_e5_mini/SrcWrapper/src/HAL/stm32yyxx_hal_icache.c.o
LOAD .pio/build/lora_e5_mini/SrcWrapper/src/HAL/stm32yyxx_hal_ipcc.c.o
LOAD .pio/build/lora_e5_mini/SrcWrapper/src/HAL/stm32yyxx_hal_irda.c.o
LOAD .pio/build/lora_e5_mini/SrcWrapper/src/HAL/stm32yyxx_hal_iwdg.c.o
LOAD .pio/build/lora_e5_mini/SrcWrapper/src/HAL/stm32yyxx_hal_jpeg.c.o
LOAD .pio/build/lora_e5_mini/SrcWrapper/src/HAL/stm32yyxx_hal_lcd.c.o
LOAD .pio/build/lora_e5_mini/SrcWrapper/src/HAL/stm32yyxx_hal_lptim.c.o
LOAD .pio/build/lora_e5_mini/SrcWrapper/src/HAL/stm32yyxx_hal_ltdc.c.o
LOAD .pio/build/lora_e5_mini/SrcWrapper/src/HAL/stm32yyxx_hal_ltdc_ex.c.o
LOAD .pio/build/lora_e5_mini/SrcWrapper/src/HAL/stm32yyxx_hal_mdf.c.o
LOAD .pio/build/lora_e5_mini/SrcWrapper/src/HAL/stm32yyxx_hal_mdios.c.o
LOAD .pio/build/lora_e5_mini/SrcWrapper/src/HAL/stm32yyxx_hal_mdma.c.o
LOAD .pio/build/lora_e5_mini/SrcWrapper/src/HAL/stm32yyxx_hal_mmc.c.o
LOAD .pio/build/lora_e5_mini/SrcWrapper/src/HAL/stm32yyxx_hal_mmc_ex.c.o
LOAD .pio/build/lora_e5_mini/SrcWrapper/src/HAL/stm32yyxx_hal_nand.c.o
LOAD .pio/build/lora_e5_mini/SrcWrapper/src/HAL/stm32yyxx_hal_nor.c.o
LOAD .pio/build/lora_e5_mini/SrcWrapper/src/HAL/stm32yyxx_hal_opamp.c.o
LOAD .pio/build/lora_e5_mini/SrcWrapper/src/HAL/stm32yyxx_hal_opamp_ex.c.o
LOAD .pio/build/lora_e5_mini/SrcWrapper/src/HAL/stm32yyxx_hal_ospi.c.o
LOAD .pio/build/lora_e5_mini/SrcWrapper/src/HAL/stm32yyxx_hal_otfdec.c.o
LOAD .pio/build/lora_e5_mini/SrcWrapper/src/HAL/stm32yyxx_hal_pccard.c.o
LOAD .pio/build/lora_e5_mini/SrcWrapper/src/HAL/stm32yyxx_hal_pcd.c.o
LOAD .pio/build/lora_e5_mini/SrcWrapper/src/HAL/stm32yyxx_hal_pcd_ex.c.o
LOAD .pio/build/lora_e5_mini/SrcWrapper/src/HAL/stm32yyxx_hal_pka.c.o
LOAD .pio/build/lora_e5_mini/SrcWrapper/src/HAL/stm32yyxx_hal_pssi.c.o
LOAD .pio/build/lora_e5_mini/SrcWrapper/src/HAL/stm32yyxx_hal_pwr.c.o
LOAD .pio/build/lora_e5_mini/SrcWrapper/src/HAL/stm32yyxx_hal_pwr_ex.c.o
LOAD .pio/build/lora_e5_mini/SrcWrapper/src/HAL/stm32yyxx_hal_qspi.c.o
LOAD .pio/build/lora_e5_mini/SrcWrapper/src/HAL/stm32yyxx_hal_ramcfg.c.o
LOAD .pio/build/lora_e5_mini/SrcWrapper/src/HAL/stm32yyxx_hal_ramecc.c.o
LOAD .pio/build/lora_e5_mini/SrcWrapper/src/HAL/stm32yyxx_hal_rcc.c.o
LOAD .pio/build/lora_e5_mini/SrcWrapper/src/HAL/stm32yyxx_hal_rcc_ex.c.o
LOAD .pio/build/lora_e5_mini/SrcWrapper/src/HAL/stm32yyxx_hal_rng.c.o
LOAD .pio/build/lora_e5_mini/SrcWrapper/src/HAL/stm32yyxx_hal_rng_ex.c.o
LOAD .pio/build/lora_e5_mini/SrcWrapper/src/HAL/stm32yyxx_hal_rtc.c.o
LOAD .pio/build/lora_e5_mini/SrcWrapper/src/HAL/stm32yyxx_hal_rtc_ex.c.o
LOAD .pio/build/lora_e5_mini/SrcWrapper/src/HAL/stm32yyxx_hal_sai.c.o
LOAD .pio/build/lora_e5_mini/SrcWrapper/src/HAL/stm32yyxx_hal_sai_ex.c.o
LOAD .pio/build/lora_e5_mini/SrcWrapper/src/HAL/stm32yyxx_hal_sd.c.o
LOAD .pio/build/lora_e5_mini/SrcWrapper/src/HAL/stm32yyxx_hal_sd_ex.c.o
LOAD .pio/build/lora_e5_mini/SrcWrapper/src/HAL/stm32yyxx_hal_sdadc.c.o
LOAD .pio/build/lora_e5_mini/SrcWrapper/src/HAL/stm32yyxx_hal_sdram.c.o
LOAD .pio/build/lora_e5_mini/SrcWrapper/src/HAL/stm32yyxx_hal_smartcard.c.o
LOAD .pio/build/lora_e5_mini/SrcWrapper/src/HAL/stm32yyxx_hal_smartcard_ex.c.o
LOAD .pio/build/lora_e5_mini/SrcWrapper/src/HAL/stm32yyxx_hal_smbus.c.o
LOAD .pio/build/lora_e5_mini/SrcWrapper/src/HAL/stm32yyxx_hal_smbus_ex.c.o
LOAD .pio/build/lora_e5_mini/SrcWrapper/src/HAL/stm32yyxx_hal_spdifrx.c.o
LOAD .pio/build/lora_e5_mini/SrcWrapper/src/HAL/stm32yyxx_hal_spi.c.o
LOAD .pio/build/lora_e5_mini/SrcWrapper/src/HAL/stm32yyxx_hal_spi_ex.c.o
LOAD .pio/build/lora_e5_mini/SrcWrapper/src/HAL/stm32yyxx_hal_sram.c.o
LOAD .pio/build/lora_e5_mini/SrcWrapper/src/HAL/stm32yyxx_hal_subghz.c.o
LOAD .pio/build/lora_e5_mini/SrcWrapper/src/HAL/stm32yyxx_hal_swpmi.c.o
LOAD .pio/build/lora_e5_mini/SrcWrapper/src/HAL/stm32yyxx_hal_tim.c.o
LOAD .pio/build/lora_e5_mini/SrcWrapper/src/HAL/stm32yyxx_hal_tim_ex.c.o
LOAD .pio/build/lora_e5_mini/SrcWrapper/src/HAL/stm32yyxx_hal_tsc.c.o
LOAD .pio/build/lora_e5_mini/SrcWrapper/src/HAL/stm32yyxx_hal_uart.c.o
LOAD .pio/build/lora_e5_mini/SrcWrapper/src/HAL/stm32yyxx_hal_uart_ex.c.o
LOAD .pio/build/lora_e5_mini/SrcWrapper/src/HAL/stm32yyxx_hal_usart.c.o
LOAD .pio/build/lora_e5_mini/SrcWrapper/src/HAL/stm32yyxx_hal_usart_ex.c.o
LOAD .pio/build/lora_e5_mini/SrcWrapper/src/HAL/stm32yyxx_hal_wwdg.c.o
LOAD .pio/build/lora_e5_mini/SrcWrapper/src/HAL/stm32yyxx_hal_xspi.c.o
LOAD .pio/build/lora_e5_mini/SrcWrapper/src/HardwareTimer.cpp.o
LOAD .pio/build/lora_e5_mini/SrcWrapper/src/LL/stm32yyxx_ll_adc.c.o
LOAD .pio/build/lora_e5_mini/SrcWrapper/src/LL/stm32yyxx_ll_bdma.c.o
LOAD .pio/build/lora_e5_mini/SrcWrapper/src/LL/stm32yyxx_ll_comp.c.o
LOAD .pio/build/lora_e5_mini/SrcWrapper/src/LL/stm32yyxx_ll_cordic.c.o
LOAD .pio/build/lora_e5_mini/SrcWrapper/src/LL/stm32yyxx_ll_crc.c.o
LOAD .pio/build/lora_e5_mini/SrcWrapper/src/LL/stm32yyxx_ll_crs.c.o
LOAD .pio/build/lora_e5_mini/SrcWrapper/src/LL/stm32yyxx_ll_dac.c.o
LOAD .pio/build/lora_e5_mini/SrcWrapper/src/LL/stm32yyxx_ll_delayblock.c.o
LOAD .pio/build/lora_e5_mini/SrcWrapper/src/LL/stm32yyxx_ll_dlyb.c.o
LOAD .pio/build/lora_e5_mini/SrcWrapper/src/LL/stm32yyxx_ll_dma.c.o
LOAD .pio/build/lora_e5_mini/SrcWrapper/src/LL/stm32yyxx_ll_dma2d.c.o
LOAD .pio/build/lora_e5_mini/SrcWrapper/src/LL/stm32yyxx_ll_exti.c.o
LOAD .pio/build/lora_e5_mini/SrcWrapper/src/LL/stm32yyxx_ll_fmac.c.o
LOAD .pio/build/lora_e5_mini/SrcWrapper/src/LL/stm32yyxx_ll_fmc.c.o
LOAD .pio/build/lora_e5_mini/SrcWrapper/src/LL/stm32yyxx_ll_fmpi2c.c.o
LOAD .pio/build/lora_e5_mini/SrcWrapper/src/LL/stm32yyxx_ll_fsmc.c.o
LOAD .pio/build/lora_e5_mini/SrcWrapper/src/LL/stm32yyxx_ll_gpio.c.o
LOAD .pio/build/lora_e5_mini/SrcWrapper/src/LL/stm32yyxx_ll_hrtim.c.o
LOAD .pio/build/lora_e5_mini/SrcWrapper/src/LL/stm32yyxx_ll_i2c.c.o
LOAD .pio/build/lora_e5_mini/SrcWrapper/src/LL/stm32yyxx_ll_i3c.c.o
LOAD .pio/build/lora_e5_mini/SrcWrapper/src/LL/stm32yyxx_ll_icache.c.o
LOAD .pio/build/lora_e5_mini/SrcWrapper/src/LL/stm32yyxx_ll_lpgpio.c.o
LOAD .pio/build/lora_e5_mini/SrcWrapper/src/LL/stm32yyxx_ll_lptim.c.o
LOAD .pio/build/lora_e5_mini/SrcWrapper/src/LL/stm32yyxx_ll_lpuart.c.o
LOAD .pio/build/lora_e5_mini/SrcWrapper/src/LL/stm32yyxx_ll_mdma.c.o
LOAD .pio/build/lora_e5_mini/SrcWrapper/src/LL/stm32yyxx_ll_opamp.c.o
LOAD .pio/build/lora_e5_mini/SrcWrapper/src/LL/stm32yyxx_ll_pka.c.o
LOAD .pio/build/lora_e5_mini/SrcWrapper/src/LL/stm32yyxx_ll_pwr.c.o
LOAD .pio/build/lora_e5_mini/SrcWrapper/src/LL/stm32yyxx_ll_rcc.c.o
LOAD .pio/build/lora_e5_mini/SrcWrapper/src/LL/stm32yyxx_ll_rng.c.o
LOAD .pio/build/lora_e5_mini/SrcWrapper/src/LL/stm32yyxx_ll_rtc.c.o
LOAD .pio/build/lora_e5_mini/SrcWrapper/src/LL/stm32yyxx_ll_sdmmc.c.o
LOAD .pio/build/lora_e5_mini/SrcWrapper/src/LL/stm32yyxx_ll_spi.c.o
LOAD .pio/build/lora_e5_mini/SrcWrapper/src/LL/stm32yyxx_ll_swpmi.c.o
LOAD .pio/build/lora_e5_mini/SrcWrapper/src/LL/stm32yyxx_ll_tim.c.o
LOAD .pio/build/lora_e5_mini/SrcWrapper/src/LL/stm32yyxx_ll_ucpd.c.o
LOAD .pio/build/lora_e5_mini/SrcWrapper/src/LL/stm32yyxx_ll_usart.c.o
LOAD .pio/build/lora_e5_mini/SrcWrapper/src/LL/stm32yyxx_ll_usb.c.o
LOAD .pio/build/lora_e5_mini/SrcWrapper/src/LL/stm32yyxx_ll_utils.c.o
LOAD .pio/build/lora_e5_mini/SrcWrapper/src/new.cpp.o
LOAD .pio/build/lora_e5_mini/SrcWrapper/src/stm32/PortNames.c.o
LOAD .pio/build/lora_e5_mini/SrcWrapper/src/stm32/analog.cpp.o
LOAD .pio/build/lora_e5_mini/SrcWrapper/src/stm32/bootloader.c.o
LOAD .pio/build/lora_e5_mini/SrcWrapper/src/stm32/clock.c.o
LOAD .pio/build/lora_e5_mini/SrcWrapper/src/stm32/core_callback.c.o
LOAD .pio/build/lora_e5_mini/SrcWrapper/src/stm32/dwt.c.o
LOAD .pio/build/lora_e5_mini/SrcWrapper/src/stm32/hw_config.c.o
LOAD .pio/build/lora_e5_mini/SrcWrapper/src/stm32/interrupt.cpp.o
LOAD .pio/build/lora_e5_mini/SrcWrapper/src/stm32/otp.c.o
LOAD .pio/build/lora_e5_mini/SrcWrapper/src/stm32/pinmap.c.o
LOAD .pio/build/lora_e5_mini/SrcWrapper/src/stm32/stm32_def.c.o
LOAD .pio/build/lora_e5_mini/SrcWrapper/src/stm32/system_stm32yyxx.c.o
LOAD .pio/build/lora_e5_mini/SrcWrapper/src/stm32/timer.c.o
LOAD .pio/build/lora_e5_mini/SrcWrapper/src/stm32/uart.c.o
LOAD .pio/build/lora_e5_mini/SrcWrapper/src/syscalls.c.o
LOAD .pio/build/lora_e5_mini/src/main.cpp.o
START GROUP
LOAD .pio/build/lora_e5_mini/lib276/libSPI.a
LOAD .pio/build/lora_e5_mini/lib2df/libLoRa.a
LOAD .pio/build/lora_e5_mini/libFrameworkArduino.a
LOAD C:/Users/david.fobar/.platformio/packages/framework-cmsis/CMSIS/DSP/Lib/GCC\libarm_cortexM4lf_math.a
LOAD c:/users/david.fobar/.platformio/packages/toolchain-gccarmnoneeabi/bin/../lib/gcc/arm-none-eabi/12.3.1/thumb/v7e-m/nofp\libgcc.a
LOAD c:/users/david.fobar/.platformio/packages/toolchain-gccarmnoneeabi/bin/../lib/gcc/arm-none-eabi/12.3.1/../../../../arm-none-eabi/lib/thumb/v7e-m/nofp\libstdc++_nano.a
END GROUP
LOAD c:/users/david.fobar/.platformio/packages/toolchain-gccarmnoneeabi/bin/../lib/gcc/arm-none-eabi/12.3.1/../../../../arm-none-eabi/lib/thumb/v7e-m/nofp\libstdc++_nano.a
LOAD c:/users/david.fobar/.platformio/packages/toolchain-gccarmnoneeabi/bin/../lib/gcc/arm-none-eabi/12.3.1/../../../../arm-none-eabi/lib/thumb/v7e-m/nofp\libm.a
LOAD c:/users/david.fobar/.platformio/packages/toolchain-gccarmnoneeabi/bin/../lib/gcc/arm-none-eabi/12.3.1/../../../../arm-none-eabi/lib/thumb/v7e-m/nofp\libc_nano.a
START GROUP